/Users/leon/STM32CubeIDE/workspace_1.14.0/nn-test/Drivers/CMSIS/Include/core_cm7.h:2229:22:SCB_EnableICache	4	static,ignoring_inline_asm
/Users/leon/STM32CubeIDE/workspace_1.14.0/nn-test/Drivers/CMSIS/Include/core_cm7.h:2281:22:SCB_EnableDCache	24	static,ignoring_inline_asm
../Core/Src/main.c:81:5:main	48	dynamic
../Core/Src/main.c:161:6:SystemClock_Config	88	static
../Core/Src/main.c:218:13:MX_CRC_Init	8	static
../Core/Src/main.c:249:13:MX_TIM2_Init	40	static
../Core/Src/main.c:294:13:MX_TIM3_Init	40	static
../Core/Src/main.c:339:13:MX_USART3_UART_Init	8	static
../Core/Src/main.c:374:13:MX_USB_OTG_FS_PCD_Init	8	static
../Core/Src/main.c:410:13:MX_GPIO_Init	56	static
../Core/Src/main.c:468:6:Error_Handler	4	static,ignoring_inline_asm
