/Users/leon/STM32CubeIDE/workspace_1.14.0/nn-test/Drivers/CMSIS/Include/core_cm7.h:2229:22:SCB_EnableICache	4	static,ignoring_inline_asm
/Users/leon/STM32CubeIDE/workspace_1.14.0/nn-test/Drivers/CMSIS/Include/core_cm7.h:2281:22:SCB_EnableDCache	24	static,ignoring_inline_asm
../Core/Src/main.c:85:5:main	24	static
../Core/Src/main.c:160:6:SystemClock_Config	88	static
../Core/Src/main.c:217:13:MX_CRC_Init	8	static
../Core/Src/main.c:248:13:MX_TIM2_Init	40	static
../Core/Src/main.c:293:13:MX_TIM3_Init	40	static
../Core/Src/main.c:338:13:MX_USART3_UART_Init	8	static
../Core/Src/main.c:373:13:MX_USB_OTG_FS_PCD_Init	8	static
../Core/Src/main.c:409:13:MX_GPIO_Init	56	static
../Core/Src/main.c:467:6:Error_Handler	4	static,ignoring_inline_asm
