../Core/Src/stm32f7xx_hal_msp.c:63:6:HAL_MspInit	8	static
../Core/Src/stm32f7xx_hal_msp.c:86:6:HAL_CRC_MspInit	8	static
../Core/Src/stm32f7xx_hal_msp.c:108:6:HAL_CRC_MspDeInit	0	static
../Core/Src/stm32f7xx_hal_msp.c:130:6:HAL_TIM_Base_MspInit	8	static
../Core/Src/stm32f7xx_hal_msp.c:163:6:HAL_TIM_Base_MspDeInit	0	static
../Core/Src/stm32f7xx_hal_msp.c:196:6:HAL_UART_MspInit	168	static
../Core/Src/stm32f7xx_hal_msp.c:243:6:HAL_UART_MspDeInit	0	static
../Core/Src/stm32f7xx_hal_msp.c:272:6:HAL_PCD_MspInit	176	static
../Core/Src/stm32f7xx_hal_msp.c:326:6:HAL_PCD_MspDeInit	0	static
