/Users/leon/STM32CubeIDE/workspace_1.14.0/esp_cubeai_test/Drivers/CMSIS/Include/core_cm7.h:2229:22:SCB_EnableICache	1
/Users/leon/STM32CubeIDE/workspace_1.14.0/esp_cubeai_test/Drivers/CMSIS/Include/core_cm7.h:2281:22:SCB_EnableDCache	3
../Core/Src/main.c:86:5:main	3
../Core/Src/main.c:162:6:SystemClock_Config	4
../Core/Src/main.c:219:13:MX_CRC_Init	2
../Core/Src/main.c:250:13:MX_TIM2_Init	4
../Core/Src/main.c:295:13:MX_TIM3_Init	4
../Core/Src/main.c:340:13:MX_USART3_UART_Init	2
../Core/Src/main.c:375:13:MX_USB_OTG_FS_PCD_Init	2
../Core/Src/main.c:411:13:MX_GPIO_Init	1
../Core/Src/main.c:469:6:Error_Handler	1
