../Core/Src/main.c:113:5:main	5
../Core/Src/main.c:210:6:SystemClock_Config	3
../Core/Src/main.c:257:13:MX_ADC1_Init	8
../Core/Src/main.c:362:13:MX_I2C1_Init	2
../Core/Src/main.c:396:13:MX_SDIO_SD_Init	3
../Core/Src/main.c:432:13:MX_TIM3_Init	5
../Core/Src/main.c:481:13:MX_TIM5_Init	5
../Core/Src/main.c:530:13:MX_USART2_UART_Init	2
../Core/Src/main.c:561:13:MX_DMA_Init	1
../Core/Src/main.c:585:13:MX_GPIO_Init	1
../Core/Src/main.c:642:6:writeStringToFile	4
../Core/Src/main.c:677:6:Error_Handler	1
