Archive member included to satisfy reference by file (symbol)

C:\Users\jonas\TIN\ESP\ima\neuronal network\nn-test\Drivers\CMSIS\Lib\GCC\libarm_cortexM7lfdp_math.a(arm_rfft_fast_init_f32.o)
                              ./Core/Src/audio_classification.o (arm_rfft_fast_init_f32)
C:\Users\jonas\TIN\ESP\ima\neuronal network\nn-test\Drivers\CMSIS\Lib\GCC\libarm_cortexM7lfdp_math.a(arm_rfft_fast_f32.o)
                              ./STM32_AI_AudioPreprocessing_Library/Src/feature_extraction.o (arm_rfft_fast_f32)
C:\Users\jonas\TIN\ESP\ima\neuronal network\nn-test\Drivers\CMSIS\Lib\GCC\libarm_cortexM7lfdp_math.a(arm_cfft_f32.o)
                              C:\Users\jonas\TIN\ESP\ima\neuronal network\nn-test\Drivers\CMSIS\Lib\GCC\libarm_cortexM7lfdp_math.a(arm_rfft_fast_f32.o) (arm_cfft_f32)
C:\Users\jonas\TIN\ESP\ima\neuronal network\nn-test\Drivers\CMSIS\Lib\GCC\libarm_cortexM7lfdp_math.a(arm_cmplx_mag_squared_f32.o)
                              ./STM32_AI_AudioPreprocessing_Library/Src/feature_extraction.o (arm_cmplx_mag_squared_f32)
C:\Users\jonas\TIN\ESP\ima\neuronal network\nn-test\Drivers\CMSIS\Lib\GCC\libarm_cortexM7lfdp_math.a(arm_mult_f32.o)
                              ./STM32_AI_AudioPreprocessing_Library/Src/feature_extraction.o (arm_mult_f32)
C:\Users\jonas\TIN\ESP\ima\neuronal network\nn-test\Drivers\CMSIS\Lib\GCC\libarm_cortexM7lfdp_math.a(arm_common_tables.o)
                              C:\Users\jonas\TIN\ESP\ima\neuronal network\nn-test\Drivers\CMSIS\Lib\GCC\libarm_cortexM7lfdp_math.a(arm_rfft_fast_init_f32.o) (twiddleCoef_rfft_4096)
C:\Users\jonas\TIN\ESP\ima\neuronal network\nn-test\Drivers\CMSIS\Lib\GCC\libarm_cortexM7lfdp_math.a(arm_bitreversal2.o)
                              C:\Users\jonas\TIN\ESP\ima\neuronal network\nn-test\Drivers\CMSIS\Lib\GCC\libarm_cortexM7lfdp_math.a(arm_cfft_f32.o) (arm_bitreversal_32)
C:\Users\jonas\TIN\ESP\ima\neuronal network\nn-test\Drivers\CMSIS\Lib\GCC\libarm_cortexM7lfdp_math.a(arm_cfft_radix8_f32.o)
                              C:\Users\jonas\TIN\ESP\ima\neuronal network\nn-test\Drivers\CMSIS\Lib\GCC\libarm_cortexM7lfdp_math.a(arm_cfft_f32.o) (arm_radix8_butterfly_f32)
../Middlewares/ST/AI/Lib\NetworkRuntime730_CM7_GCC.a(ai_platform.o)
                              ./X-CUBE-AI/App/network_1.o (ai_buffer_array_item_set_address)
../Middlewares/ST/AI/Lib\NetworkRuntime730_CM7_GCC.a(ai_platform_interface.o)
                              ./X-CUBE-AI/App/network_1.o (ai_platform_get_weights_map)
../Middlewares/ST/AI/Lib\NetworkRuntime730_CM7_GCC.a(core_mem_manager.o)
                              ../Middlewares/ST/AI/Lib\NetworkRuntime730_CM7_GCC.a(ai_platform_interface.o) (core_mem_alloc)
../Middlewares/ST/AI/Lib\NetworkRuntime730_CM7_GCC.a(core_common.o)
                              ../Middlewares/ST/AI/Lib\NetworkRuntime730_CM7_GCC.a(ai_platform_interface.o) (core_init)
../Middlewares/ST/AI/Lib\NetworkRuntime730_CM7_GCC.a(layers_conv2d_generic_float.o)
                              ./X-CUBE-AI/App/network_1.o (forward_conv2d_nl_pool)
../Middlewares/ST/AI/Lib\NetworkRuntime730_CM7_GCC.a(layers_pool_generic_float.o)
                              ./X-CUBE-AI/App/network_1.o (pool_func_mp_array_f32)
../Middlewares/ST/AI/Lib\NetworkRuntime730_CM7_GCC.a(layers_nl_generic_float.o)
                              ./X-CUBE-AI/App/network_1.o (forward_sigmoid)
../Middlewares/ST/AI/Lib\NetworkRuntime730_CM7_GCC.a(layers.o)
                              ../Middlewares/ST/AI/Lib\NetworkRuntime730_CM7_GCC.a(ai_platform_interface.o) (ai_check_custom_types)
../Middlewares/ST/AI/Lib\NetworkRuntime730_CM7_GCC.a(lite_dense_if32.o)
                              ../Middlewares/ST/AI/Lib\NetworkRuntime730_CM7_GCC.a(layers_conv2d_generic_float.o) (lite_dense_if32of32wf32)
../Middlewares/ST/AI/Lib\NetworkRuntime730_CM7_GCC.a(arm_mat_init_f32.o)
                              ../Middlewares/ST/AI/Lib\NetworkRuntime730_CM7_GCC.a(layers_conv2d_generic_float.o) (st_dsp_arm_mat_init_f32)
../Middlewares/ST/AI/Lib\NetworkRuntime730_CM7_GCC.a(ai_datatypes_internal.o)
                              ../Middlewares/ST/AI/Lib\NetworkRuntime730_CM7_GCC.a(ai_platform_interface.o) (ai_version_get)
../Middlewares/ST/AI/Lib\NetworkRuntime730_CM7_GCC.a(ai_datatypes_format.o)
                              ../Middlewares/ST/AI/Lib\NetworkRuntime730_CM7_GCC.a(ai_platform_interface.o) (ai_array_to_buffer_fmt)
../Middlewares/ST/AI/Lib\NetworkRuntime730_CM7_GCC.a(ai_math_helpers.o)
                              ../Middlewares/ST/AI/Lib\NetworkRuntime730_CM7_GCC.a(layers_nl_generic_float.o) (ai_math_sqrt)
../Middlewares/ST/AI/Lib\NetworkRuntime730_CM7_GCC.a(st_convolve_reference.o)
                              ../Middlewares/ST/AI/Lib\NetworkRuntime730_CM7_GCC.a(ai_math_helpers.o) (align_factor)
[...]
Memory Configuration

Name             Origin             Length             Attributes
RAM              0x20000000         0x00040000         xrw
FLASH            0x08000000         0x00080000         xr
*default*        0x00000000         0xffffffff

Linker script and memory map

LOAD C:/ST/STM32CubeIDE_1.15.1/STM32CubeIDE/plugins/com.st.stm32cube.ide.mcu.externaltools.gnu-tools-for-stm32.12.3.rel1.win32_1.0.100.202403111256/tools/bin/../lib/gcc/arm-none-eabi/12.3.1/thumb/v7e-m+fp/hard/crti.o
LOAD C:/ST/STM32CubeIDE_1.15.1/STM32CubeIDE/plugins/com.st.stm32cube.ide.mcu.externaltools.gnu-tools-for-stm32.12.3.rel1.win32_1.0.100.202403111256/tools/bin/../lib/gcc/arm-none-eabi/12.3.1/thumb/v7e-m+fp/hard/crtbegin.o
LOAD C:/ST/STM32CubeIDE_1.15.1/STM32CubeIDE/plugins/com.st.stm32cube.ide.mcu.externaltools.gnu-tools-for-stm32.12.3.rel1.win32_1.0.100.202403111256/tools/bin/../lib/gcc/arm-none-eabi/12.3.1/../../../../arm-none-eabi/lib/thumb/v7e-m+fp/hard/crt0.o
LOAD ./Core/Src/audio_classification.o
LOAD ./Core/Src/featurescaler.o
LOAD ./Core/Src/main.o
LOAD ./Core/Src/nn_helper_functions.o
LOAD ./Core/Src/stm32f7xx_hal_msp.o
LOAD ./Core/Src/stm32f7xx_it.o
LOAD ./Core/Src/sysmem.o
LOAD ./Core/Src/system_stm32f7xx.o
LOAD ./Core/Src/test_audio_data.o
LOAD ./Core/Startup/startup_stm32f722zetx.o
LOAD ./Drivers/STM32F7xx_HAL_Driver/Src/stm32f7xx_hal.o
LOAD ./Drivers/STM32F7xx_HAL_Driver/Src/stm32f7xx_hal_cortex.o
LOAD ./Drivers/STM32F7xx_HAL_Driver/Src/stm32f7xx_hal_crc.o
LOAD ./Drivers/STM32F7xx_HAL_Driver/Src/stm32f7xx_hal_crc_ex.o
LOAD ./Drivers/STM32F7xx_HAL_Driver/Src/stm32f7xx_hal_dma.o
LOAD ./Drivers/STM32F7xx_HAL_Driver/Src/stm32f7xx_hal_dma_ex.o
LOAD ./Drivers/STM32F7xx_HAL_Driver/Src/stm32f7xx_hal_exti.o
LOAD ./Drivers/STM32F7xx_HAL_Driver/Src/stm32f7xx_hal_flash.o
LOAD ./Drivers/STM32F7xx_HAL_Driver/Src/stm32f7xx_hal_flash_ex.o
LOAD ./Drivers/STM32F7xx_HAL_Driver/Src/stm32f7xx_hal_gpio.o
LOAD ./Drivers/STM32F7xx_HAL_Driver/Src/stm32f7xx_hal_i2c.o
LOAD ./Drivers/STM32F7xx_HAL_Driver/Src/stm32f7xx_hal_i2c_ex.o
LOAD ./Drivers/STM32F7xx_HAL_Driver/Src/stm32f7xx_hal_pcd.o
LOAD ./Drivers/STM32F7xx_HAL_Driver/Src/stm32f7xx_hal_pcd_ex.o
LOAD ./Drivers/STM32F7xx_HAL_Driver/Src/stm32f7xx_hal_pwr.o
LOAD ./Drivers/STM32F7xx_HAL_Driver/Src/stm32f7xx_hal_pwr_ex.o
LOAD ./Drivers/STM32F7xx_HAL_Driver/Src/stm32f7xx_hal_rcc.o
LOAD ./Drivers/STM32F7xx_HAL_Driver/Src/stm32f7xx_hal_rcc_ex.o
LOAD ./Drivers/STM32F7xx_HAL_Driver/Src/stm32f7xx_hal_tim.o
LOAD ./Drivers/STM32F7xx_HAL_Driver/Src/stm32f7xx_hal_tim_ex.o
LOAD ./Drivers/STM32F7xx_HAL_Driver/Src/stm32f7xx_hal_uart.o
LOAD ./Drivers/STM32F7xx_HAL_Driver/Src/stm32f7xx_hal_uart_ex.o
LOAD ./Drivers/STM32F7xx_HAL_Driver/Src/stm32f7xx_ll_usb.o
LOAD ./STM32_AI_AudioPreprocessing_Library/Src/common_tables.o
LOAD ./STM32_AI_AudioPreprocessing_Library/Src/dct.o
LOAD ./STM32_AI_AudioPreprocessing_Library/Src/feature_extraction.o
LOAD ./STM32_AI_AudioPreprocessing_Library/Src/mel_filterbank.o
LOAD ./STM32_AI_AudioPreprocessing_Library/Src/window.o
LOAD ./X-CUBE-AI/App/network_1.o
LOAD ./X-CUBE-AI/App/network_1_data.o
LOAD ./X-CUBE-AI/App/network_1_data_params.o
LOAD C:\Users\jonas\TIN\ESP\ima\neuronal network\nn-test\Drivers\CMSIS\Lib\GCC\libarm_cortexM7lfdp_math.a
LOAD ../Middlewares/ST/AI/Lib\NetworkRuntime730_CM7_GCC.a
START GROUP
LOAD C:/ST/STM32CubeIDE_1.15.1/STM32CubeIDE/plugins/com.st.stm32cube.ide.mcu.externaltools.gnu-tools-for-stm32.12.3.rel1.win32_1.0.100.202403111256/tools/bin/../lib/gcc/arm-none-eabi/12.3.1/../../../../arm-none-eabi/lib/thumb/v7e-m+fp/hard\libc_nano.a
LOAD C:/ST/STM32CubeIDE_1.15.1/STM32CubeIDE/plugins/com.st.stm32cube.ide.mcu.externaltools.gnu-tools-for-stm32.12.3.rel1.win32_1.0.100.202403111256/tools/bin/../lib/gcc/arm-none-eabi/12.3.1/../../../../arm-none-eabi/lib/thumb/v7e-m+fp/hard\libm.a
END GROUP
START GROUP
LOAD C:/ST/STM32CubeIDE_1.15.1/STM32CubeIDE/plugins/com.st.stm32cube.ide.mcu.externaltools.gnu-tools-for-stm32.12.3.rel1.win32_1.0.100.202403111256/tools/bin/../lib/gcc/arm-none-eabi/12.3.1/thumb/v7e-m+fp/hard\libgcc.a
LOAD C:/ST/STM32CubeIDE_1.15.1/STM32CubeIDE/plugins/com.st.stm32cube.ide.mcu.externaltools.gnu-tools-for-stm32.12.3.rel1.win32_1.0.100.202403111256/tools/bin/../lib/gcc/arm-none-eabi/12.3.1/../../../../arm-none-eabi/lib/thumb/v7e-m+fp/hard\libc_nano.a
END GROUP
START GROUP
LOAD C:/ST/STM32CubeIDE_1.15.1/STM32CubeIDE/plugins/com.st.stm32cube.ide.mcu.externaltools.gnu-tools-for-stm32.12.3.rel1.win32_1.0.100.202403111256/tools/bin/../lib/gcc/arm-none-eabi/12.3.1/thumb/v7e-m+fp/hard\libgcc.a
LOAD C:/ST/STM32CubeIDE_1.15.1/STM32CubeIDE/plugins/com.st.stm32cube.ide.mcu.externaltools.gnu-tools-for-stm32.12.3.rel1.win32_1.0.100.202403111256/tools/bin/../lib/gcc/arm-none-eabi/12.3.1/../../../../arm-none-eabi/lib/thumb/v7e-m+fp/hard\libc_nano.a
LOAD C:/ST/STM32CubeIDE_1.15.1/STM32CubeIDE/plugins/com.st.stm32cube.ide.mcu.externaltools.gnu-tools-for-stm32.12.3.rel1.win32_1.0.100.202403111256/tools/bin/../lib/gcc/arm-none-eabi/12.3.1/../../../../arm-none-eabi/lib/thumb/v7e-m+fp/hard\libnosys.a
END GROUP
START GROUP
LOAD C:/ST/STM32CubeIDE_1.15.1/STM32CubeIDE/plugins/com.st.stm32cube.ide.mcu.externaltools.gnu-tools-for-stm32.12.3.rel1.win32_1.0.100.202403111256/tools/bin/../lib/gcc/arm-none-eabi/12.3.1/thumb/v7e-m+fp/hard\libgcc.a
LOAD C:/ST/STM32CubeIDE_1.15.1/STM32CubeIDE/plugins/com.st.stm32cube.ide.mcu.externaltools.gnu-tools-for-stm32.12.3.rel1.win32_1.0.100.202403111256/tools/bin/../lib/gcc/arm-none-eabi/12.3.1/../../../../arm-none-eabi/lib/thumb/v7e-m+fp/hard\libc_nano.a
LOAD C:/ST/STM32CubeIDE_1.15.1/STM32CubeIDE/plugins/com.st.stm32cube.ide.mcu.externaltools.gnu-tools-for-stm32.12.3.rel1.win32_1.0.100.202403111256/tools/bin/../lib/gcc/arm-none-eabi/12.3.1/../../../../arm-none-eabi/lib/thumb/v7e-m+fp/hard\libnosys.a
END GROUP
LOAD C:/ST/STM32CubeIDE_1.15.1/STM32CubeIDE/plugins/com.st.stm32cube.ide.mcu.externaltools.gnu-tools-for-stm32.12.3.rel1.win32_1.0.100.202403111256/tools/bin/../lib/gcc/arm-none-eabi/12.3.1/thumb/v7e-m+fp/hard/crtend.o
LOAD C:/ST/STM32CubeIDE_1.15.1/STM32CubeIDE/plugins/com.st.stm32cube.ide.mcu.externaltools.gnu-tools-for-stm32.12.3.rel1.win32_1.0.100.202403111256/tools/bin/../lib/gcc/arm-none-eabi/12.3.1/thumb/v7e-m+fp/hard/crtn.o
                0x20040000                        _estack = (ORIGIN (RAM) + LENGTH (RAM))
                0x00000800                        _Min_Heap_Size = 0x800
                0x0001f400                        _Min_Stack_Size = 0x1f400

.isr_vector     0x08000000      0x1e0
                0x08000000                        . = ALIGN (0x4)
 *(.isr_vector)
 .isr_vector    0x08000000      0x1e0 ./Core/Startup/startup_stm32f722zetx.o
                0x08000000                g_pfnVectors
                0x080001e0                        . = ALIGN (0x4)

.text           0x080001e0     0xb408
                0x080001e0                        . = ALIGN (0x4)
 *(.text)
 .text          0x080001e0       0x40 C:/ST/STM32CubeIDE_1.15.1/STM32CubeIDE/plugins/com.st.stm32cube.ide.mcu.externaltools.gnu-tools-for-stm32.12.3.rel1.win32_1.0.100.202403111256/tools/bin/../lib/gcc/arm-none-eabi/12.3.1/thumb/v7e-m+fp/hard/crtbegin.o
 .text          0x08000220       0xc0 C:\Users\jonas\TIN\ESP\ima\neuronal network\nn-test\Drivers\CMSIS\Lib\GCC\libarm_cortexM7lfdp_math.a(arm_bitreversal2.o)
                0x08000220                arm_bitreversal_32
                0x0800028a                arm_bitreversal_16
 .text          0x080002e0       0xa0 C:/ST/STM32CubeIDE_1.15.1/STM32CubeIDE/plugins/com.st.stm32cube.ide.mcu.externaltools.gnu-tools-for-stm32.12.3.rel1.win32_1.0.100.202403111256/tools/bin/../lib/gcc/arm-none-eabi/12.3.1/../../../../arm-none-eabi/lib/thumb/v7e-m+fp/hard\libc_nano.a(libc_a-memchr.o)
                0x080002e0                memchr
 .text          0x08000380       0x10 C:/ST/STM32CubeIDE_1.15.1/STM32CubeIDE/plugins/com.st.stm32cube.ide.mcu.externaltools.gnu-tools-for-stm32.12.3.rel1.win32_1.0.100.202403111256/tools/bin/../lib/gcc/arm-none-eabi/12.3.1/../../../../arm-none-eabi/lib/thumb/v7e-m+fp/hard\libc_nano.a(libc_a-strlen.o)
                0x08000380                strlen
 .text          0x08000390      0x378 C:/ST/STM32CubeIDE_1.15.1/STM32CubeIDE/plugins/com.st.stm32cube.ide.mcu.externaltools.gnu-tools-for-stm32.12.3.rel1.win32_1.0.100.202403111256/tools/bin/../lib/gcc/arm-none-eabi/12.3.1/thumb/v7e-m+fp/hard\libgcc.a(_arm_addsubdf3.o)
                0x08000390                __aeabi_drsub
                0x08000398                __aeabi_dsub
                0x08000398                __subdf3
                0x0800039c                __aeabi_dadd
                0x0800039c                __adddf3
                0x08000614                __floatunsidf
                0x08000614                __aeabi_ui2d
                0x08000634                __floatsidf
                0x08000634                __aeabi_i2d
                0x08000658                __aeabi_f2d
                0x08000658                __extendsfdf2
                0x0800069c                __floatundidf
                0x0800069c                __aeabi_ul2d
                0x080006ac                __floatdidf
                0x080006ac                __aeabi_l2d
 .text          0x08000708      0x424 C:/ST/STM32CubeIDE_1.15.1/STM32CubeIDE/plugins/com.st.stm32cube.ide.mcu.externaltools.gnu-tools-for-stm32.12.3.rel1.win32_1.0.100.202403111256/tools/bin/../lib/gcc/arm-none-eabi/12.3.1/thumb/v7e-m+fp/hard\libgcc.a(_arm_muldivdf3.o)
                0x08000708                __aeabi_dmul
                0x08000708                __muldf3
                0x0800095c                __divdf3
                0x0800095c                __aeabi_ddiv
 .text          0x08000b2c      0x110 C:/ST/STM32CubeIDE_1.15.1/STM32CubeIDE/plugins/com.st.stm32cube.ide.mcu.externaltools.gnu-tools-for-stm32.12.3.rel1.win32_1.0.100.202403111256/tools/bin/../lib/gcc/arm-none-eabi/12.3.1/thumb/v7e-m+fp/hard\libgcc.a(_arm_cmpdf2.o)
                0x08000b2c                __gtdf2
                0x08000b2c                __gedf2
                0x08000b34                __ltdf2
                0x08000b34                __ledf2
                0x08000b3c                __nedf2
                0x08000b3c                __eqdf2
                0x08000b3c                __cmpdf2
                0x08000bb8                __aeabi_cdrcmple
                0x08000bc8                __aeabi_cdcmpeq
                0x08000bc8                __aeabi_cdcmple
                0x08000bd8                __aeabi_dcmpeq
                0x08000bec                __aeabi_dcmplt
                0x08000c00                __aeabi_dcmple
                0x08000c14                __aeabi_dcmpge
                0x08000c28                __aeabi_dcmpgt
 .text          0x08000c3c       0x2c C:/ST/STM32CubeIDE_1.15.1/STM32CubeIDE/plugins/com.st.stm32cube.ide.mcu.externaltools.gnu-tools-for-stm32.12.3.rel1.win32_1.0.100.202403111256/tools/bin/../lib/gcc/arm-none-eabi/12.3.1/thumb/v7e-m+fp/hard\libgcc.a(_arm_unorddf2.o)
                0x08000c3c                __unorddf2
                0x08000c3c                __aeabi_dcmpun
 .text          0x08000c68       0x50 C:/ST/STM32CubeIDE_1.15.1/STM32CubeIDE/plugins/com.st.stm32cube.ide.mcu.externaltools.gnu-tools-for-stm32.12.3.rel1.win32_1.0.100.202403111256/tools/bin/../lib/gcc/arm-none-eabi/12.3.1/thumb/v7e-m+fp/hard\libgcc.a(_arm_fixdfsi.o)
                0x08000c68                __aeabi_d2iz
                0x08000c68                __fixdfsi
 .text          0x08000cb8       0x30 C:/ST/STM32CubeIDE_1.15.1/STM32CubeIDE/plugins/com.st.stm32cube.ide.mcu.externaltools.gnu-tools-for-stm32.12.3.rel1.win32_1.0.100.202403111256/tools/bin/../lib/gcc/arm-none-eabi/12.3.1/thumb/v7e-m+fp/hard\libgcc.a(_aeabi_uldivmod.o)
                0x08000cb8                __aeabi_uldivmod
 .text          0x08000ce8      0x2bc C:/ST/STM32CubeIDE_1.15.1/STM32CubeIDE/plugins/com.st.stm32cube.ide.mcu.externaltools.gnu-tools-for-stm32.12.3.rel1.win32_1.0.100.202403111256/tools/bin/../lib/gcc/arm-none-eabi/12.3.1/thumb/v7e-m+fp/hard\libgcc.a(_udivmoddi4.o)
                0x08000ce8                __udivmoddi4
 .text          0x08000fa4        0x4 C:/ST/STM32CubeIDE_1.15.1/STM32CubeIDE/plugins/com.st.stm32cube.ide.mcu.externaltools.gnu-tools-for-stm32.12.3.rel1.win32_1.0.100.202403111256/tools/bin/../lib/gcc/arm-none-eabi/12.3.1/thumb/v7e-m+fp/hard\libgcc.a(_dvmd_tls.o)
                0x08000fa4                __aeabi_idiv0
                0x08000fa4                __aeabi_ldiv0
 *(.text*)
 .text.Preprocessing_Init
                0x08000fa8       0x6c ./Core/Src/audio_classification.o
                0x08000fa8                Preprocessing_Init
 .text.PowerToDb
                0x08001014       0x78 ./Core/Src/audio_classification.o
                0x08001014                PowerToDb
 .text.init_nn  0x0800108c       0x5c ./Core/Src/audio_classification.o
                0x0800108c                init_nn
 .text.run_nn_classification
                0x080010e8       0x54 ./Core/Src/audio_classification.o
                0x080010e8                run_nn_classification
 .text.preprocess_frame
                0x0800113c       0x7c ./Core/Src/audio_classification.o
                0x0800113c                preprocess_frame
 .text.frame_subsamples
                0x080011b8       0x52 ./Core/Src/audio_classification.o
                0x080011b8                frame_subsamples
 *fill*         0x0800120a        0x2 
 .text.SystemClock_Config
                0x0800120c       0xac ./Core/Src/main.o
                0x0800120c                SystemClock_Config
 .text.startup.main
                0x080012b8      0x34c ./Core/Src/main.o
                0x080012b8                main
 .text.Error_Handler
                0x08001604        0x4 ./Core/Src/main.o
                0x08001604                Error_Handler
 .text.HAL_MspInit
                0x08001608       0x30 ./Core/Src/stm32f7xx_hal_msp.o
                0x08001608                HAL_MspInit
 .text.HAL_CRC_MspInit
                0x08001638       0x2c ./Core/Src/stm32f7xx_hal_msp.o
                0x08001638                HAL_CRC_MspInit
 .text.HAL_TIM_Base_MspInit
                0x08001664       0x48 ./Core/Src/stm32f7xx_hal_msp.o
                0x08001664                HAL_TIM_Base_MspInit
 .text.HAL_UART_MspInit
                0x080016ac       0x88 ./Core/Src/stm32f7xx_hal_msp.o
                0x080016ac                HAL_UART_MspInit
 .text.HAL_PCD_MspInit
                0x08001734       0xa8 ./Core/Src/stm32f7xx_hal_msp.o
                0x08001734                HAL_PCD_MspInit
 .text.NMI_Handler
                0x080017dc        0x2 ./Core/Src/stm32f7xx_it.o
                0x080017dc                NMI_Handler
 .text.HardFault_Handler
                0x080017de        0x2 ./Core/Src/stm32f7xx_it.o
                0x080017de                HardFault_Handler
 .text.MemManage_Handler
                0x080017e0        0x2 ./Core/Src/stm32f7xx_it.o
                0x080017e0                MemManage_Handler
 .text.BusFault_Handler
                0x080017e2        0x2 ./Core/Src/stm32f7xx_it.o
                0x080017e2                BusFault_Handler
 .text.UsageFault_Handler
                0x080017e4        0x2 ./Core/Src/stm32f7xx_it.o
                0x080017e4                UsageFault_Handler
 .text.SVC_Handler
                0x080017e6        0x2 ./Core/Src/stm32f7xx_it.o
                0x080017e6                SVC_Handler
 .text.DebugMon_Handler
                0x080017e8        0x2 ./Core/Src/stm32f7xx_it.o
                0x080017e8                DebugMon_Handler
 .text.PendSV_Handler
                0x080017ea        0x2 ./Core/Src/stm32f7xx_it.o
                0x080017ea                PendSV_Handler
 .text.SysTick_Handler
                0x080017ec        0x4 ./Core/Src/stm32f7xx_it.o
                0x080017ec                SysTick_Handler
 .text._sbrk    0x080017f0       0x40 ./Core/Src/sysmem.o
                0x080017f0                _sbrk
 .text.SystemInit
                0x08001830       0x14 ./Core/Src/system_stm32f7xx.o
                0x08001830                SystemInit
 .text.Reset_Handler
                0x08001844       0x50 ./Core/Startup/startup_stm32f722zetx.o
                0x08001844                Reset_Handler
 .text.Default_Handler
                0x08001894        0x2 ./Core/Startup/startup_stm32f722zetx.o
                0x08001894                RTC_Alarm_IRQHandler
                0x08001894                EXTI2_IRQHandler
                0x08001894                TIM8_CC_IRQHandler
                0x08001894                UART8_IRQHandler
                0x08001894                SPI4_IRQHandler
                0x08001894                TIM1_CC_IRQHandler
                0x08001894                DMA2_Stream5_IRQHandler
                0x08001894                DMA1_Stream5_IRQHandler
                0x08001894                PVD_IRQHandler
                0x08001894                TAMP_STAMP_IRQHandler
                0x08001894                EXTI3_IRQHandler
                0x08001894                TIM8_TRG_COM_TIM14_IRQHandler
                0x08001894                TIM1_UP_TIM10_IRQHandler
                0x08001894                TIM8_UP_TIM13_IRQHandler
                0x08001894                I2C3_ER_IRQHandler
                0x08001894                EXTI0_IRQHandler
                0x08001894                I2C2_EV_IRQHandler
                0x08001894                DMA1_Stream2_IRQHandler
                0x08001894                CAN1_RX0_IRQHandler
                0x08001894                FPU_IRQHandler
                0x08001894                OTG_HS_WKUP_IRQHandler
                0x08001894                DMA2_Stream2_IRQHandler
                0x08001894                SPI1_IRQHandler
                0x08001894                TIM6_DAC_IRQHandler
                0x08001894                TIM1_BRK_TIM9_IRQHandler
                0x08001894                DMA2_Stream3_IRQHandler
                0x08001894                SAI2_IRQHandler
                0x08001894                USART6_IRQHandler
                0x08001894                USART3_IRQHandler
                0x08001894                CAN1_RX1_IRQHandler
                0x08001894                UART5_IRQHandler
                0x08001894                DMA2_Stream0_IRQHandler
                0x08001894                TIM4_IRQHandler
                0x08001894                QUADSPI_IRQHandler
                0x08001894                I2C1_EV_IRQHandler
                0x08001894                DMA1_Stream6_IRQHandler
                0x08001894                DMA1_Stream1_IRQHandler
                0x08001894                UART4_IRQHandler
                0x08001894                TIM3_IRQHandler
                0x08001894                RCC_IRQHandler
                0x08001894                TIM8_BRK_TIM12_IRQHandler
                0x08001894                Default_Handler
                0x08001894                EXTI15_10_IRQHandler
                0x08001894                ADC_IRQHandler
                0x08001894                DMA1_Stream7_IRQHandler
                0x08001894                SPI5_IRQHandler
                0x08001894                TIM7_IRQHandler
                0x08001894                SDMMC1_IRQHandler
                0x08001894                TIM5_IRQHandler
                0x08001894                DMA2_Stream7_IRQHandler
                0x08001894                I2C3_EV_IRQHandler
                0x08001894                EXTI9_5_IRQHandler
                0x08001894                RTC_WKUP_IRQHandler
                0x08001894                SPI2_IRQHandler
                0x08001894                OTG_HS_EP1_IN_IRQHandler
                0x08001894                DMA1_Stream0_IRQHandler
                0x08001894                CAN1_TX_IRQHandler
                0x08001894                EXTI4_IRQHandler
                0x08001894                RNG_IRQHandler
                0x08001894                OTG_HS_EP1_OUT_IRQHandler
                0x08001894                WWDG_IRQHandler
                0x08001894                TIM2_IRQHandler
                0x08001894                OTG_FS_WKUP_IRQHandler
                0x08001894                TIM1_TRG_COM_TIM11_IRQHandler
                0x08001894                OTG_HS_IRQHandler
                0x08001894                EXTI1_IRQHandler
                0x08001894                SDMMC2_IRQHandler
                0x08001894                UART7_IRQHandler
                0x08001894                USART2_IRQHandler
                0x08001894                I2C2_ER_IRQHandler
                0x08001894                DMA2_Stream1_IRQHandler
                0x08001894                CAN1_SCE_IRQHandler
                0x08001894                FLASH_IRQHandler
                0x08001894                DMA2_Stream4_IRQHandler
                0x08001894                USART1_IRQHandler
                0x08001894                OTG_FS_IRQHandler
                0x08001894                SPI3_IRQHandler
                0x08001894                DMA1_Stream4_IRQHandler
                0x08001894                I2C1_ER_IRQHandler
                0x08001894                FMC_IRQHandler
                0x08001894                LPTIM1_IRQHandler
                0x08001894                DMA2_Stream6_IRQHandler
                0x08001894                SAI1_IRQHandler
                0x08001894                DMA1_Stream3_IRQHandler
 *fill*         0x08001896        0x2 
 .text.HAL_InitTick
                0x08001898       0x48 ./Drivers/STM32F7xx_HAL_Driver/Src/stm32f7xx_hal.o
                0x08001898                HAL_InitTick
 .text.HAL_Init
                0x080018e0       0x16 ./Drivers/STM32F7xx_HAL_Driver/Src/stm32f7xx_hal.o
                0x080018e0                HAL_Init
 *fill*         0x080018f6        0x2 
 .text.HAL_IncTick
                0x080018f8       0x18 ./Drivers/STM32F7xx_HAL_Driver/Src/stm32f7xx_hal.o
                0x080018f8                HAL_IncTick
 .text.HAL_GetTick
                0x08001910        0xc ./Drivers/STM32F7xx_HAL_Driver/Src/stm32f7xx_hal.o
                0x08001910                HAL_GetTick
 .text.HAL_Delay
                0x0800191c       0x24 ./Drivers/STM32F7xx_HAL_Driver/Src/stm32f7xx_hal.o
                0x0800191c                HAL_Delay
 .text.HAL_NVIC_SetPriorityGrouping
                0x08001940       0x24 ./Drivers/STM32F7xx_HAL_Driver/Src/stm32f7xx_hal_cortex.o
                0x08001940                HAL_NVIC_SetPriorityGrouping
 .text.HAL_NVIC_SetPriority
                0x08001964       0x64 ./Drivers/STM32F7xx_HAL_Driver/Src/stm32f7xx_hal_cortex.o
                0x08001964                HAL_NVIC_SetPriority
 .text.HAL_SYSTICK_Config
                0x080019c8       0x28 ./Drivers/STM32F7xx_HAL_Driver/Src/stm32f7xx_hal_cortex.o
                0x080019c8                HAL_SYSTICK_Config
 .text.HAL_CRC_Init
                0x080019f0       0x74 ./Drivers/STM32F7xx_HAL_Driver/Src/stm32f7xx_hal_crc.o
                0x080019f0                HAL_CRC_Init
 .text.HAL_CRCEx_Polynomial_Set
                0x08001a64       0x4a ./Drivers/STM32F7xx_HAL_Driver/Src/stm32f7xx_hal_crc_ex.o
                0x08001a64                HAL_CRCEx_Polynomial_Set
 *fill*         0x08001aae        0x2 
 .text.HAL_GPIO_Init
                0x08001ab0      0x1b0 ./Drivers/STM32F7xx_HAL_Driver/Src/stm32f7xx_hal_gpio.o
                0x08001ab0                HAL_GPIO_Init
 .text.HAL_GPIO_WritePin
                0x08001c60        0xa ./Drivers/STM32F7xx_HAL_Driver/Src/stm32f7xx_hal_gpio.o
                0x08001c60                HAL_GPIO_WritePin
 .text.HAL_PCD_Init
                0x08001c6a      0x10c ./Drivers/STM32F7xx_HAL_Driver/Src/stm32f7xx_hal_pcd.o
                0x08001c6a                HAL_PCD_Init
 .text.HAL_PCDEx_ActivateLPM
                0x08001d76       0x26 ./Drivers/STM32F7xx_HAL_Driver/Src/stm32f7xx_hal_pcd_ex.o
                0x08001d76                HAL_PCDEx_ActivateLPM
 .text.HAL_PWR_EnableBkUpAccess
                0x08001d9c       0x10 ./Drivers/STM32F7xx_HAL_Driver/Src/stm32f7xx_hal_pwr.o
                0x08001d9c                HAL_PWR_EnableBkUpAccess
 .text.HAL_PWREx_EnableOverDrive
                0x08001dac       0x70 ./Drivers/STM32F7xx_HAL_Driver/Src/stm32f7xx_hal_pwr_ex.o
                0x08001dac                HAL_PWREx_EnableOverDrive
 .text.HAL_RCC_OscConfig
                0x08001e1c      0x374 ./Drivers/STM32F7xx_HAL_Driver/Src/stm32f7xx_hal_rcc.o
                0x08001e1c                HAL_RCC_OscConfig
 .text.HAL_RCC_GetSysClockFreq
                0x08002190       0x5c ./Drivers/STM32F7xx_HAL_Driver/Src/stm32f7xx_hal_rcc.o
                0x08002190                HAL_RCC_GetSysClockFreq
 .text.HAL_RCC_ClockConfig
                0x080021ec      0x13c ./Drivers/STM32F7xx_HAL_Driver/Src/stm32f7xx_hal_rcc.o
                0x080021ec                HAL_RCC_ClockConfig
 .text.HAL_RCC_GetPCLK1Freq
                0x08002328       0x20 ./Drivers/STM32F7xx_HAL_Driver/Src/stm32f7xx_hal_rcc.o
                0x08002328                HAL_RCC_GetPCLK1Freq
 .text.HAL_RCC_GetPCLK2Freq
                0x08002348       0x20 ./Drivers/STM32F7xx_HAL_Driver/Src/stm32f7xx_hal_rcc.o
                0x08002348                HAL_RCC_GetPCLK2Freq
 .text.HAL_RCCEx_PeriphCLKConfig
                0x08002368      0x45c ./Drivers/STM32F7xx_HAL_Driver/Src/stm32f7xx_hal_rcc_ex.o
                0x08002368                HAL_RCCEx_PeriphCLKConfig
 .text.TIM_Base_SetConfig
                0x080027c4       0xcc ./Drivers/STM32F7xx_HAL_Driver/Src/stm32f7xx_hal_tim.o
                0x080027c4                TIM_Base_SetConfig
 .text.HAL_TIM_Base_Init
                0x08002890       0x60 ./Drivers/STM32F7xx_HAL_Driver/Src/stm32f7xx_hal_tim.o
                0x08002890                HAL_TIM_Base_Init
 .text.TIM_ETR_SetConfig
                0x080028f0       0x14 ./Drivers/STM32F7xx_HAL_Driver/Src/stm32f7xx_hal_tim.o
                0x080028f0                TIM_ETR_SetConfig
 .text.HAL_TIM_ConfigClockSource
                0x08002904      0x130 ./Drivers/STM32F7xx_HAL_Driver/Src/stm32f7xx_hal_tim.o
                0x08002904                HAL_TIM_ConfigClockSource
 .text.HAL_TIMEx_MasterConfigSynchronization
                0x08002a34       0x94 ./Drivers/STM32F7xx_HAL_Driver/Src/stm32f7xx_hal_tim_ex.o
                0x08002a34                HAL_TIMEx_MasterConfigSynchronization
 .text.UART_SetConfig
                0x08002ac8      0x238 ./Drivers/STM32F7xx_HAL_Driver/Src/stm32f7xx_hal_uart.o
                0x08002ac8                UART_SetConfig
 .text.UART_AdvFeatureConfig
                0x08002d00       0xaa ./Drivers/STM32F7xx_HAL_Driver/Src/stm32f7xx_hal_uart.o
                0x08002d00                UART_AdvFeatureConfig
 .text.UART_WaitOnFlagUntilTimeout
                0x08002daa       0xc4 ./Drivers/STM32F7xx_HAL_Driver/Src/stm32f7xx_hal_uart.o
                0x08002daa                UART_WaitOnFlagUntilTimeout
 .text.UART_CheckIdleState
                0x08002e6e       0x48 ./Drivers/STM32F7xx_HAL_Driver/Src/stm32f7xx_hal_uart.o
                0x08002e6e                UART_CheckIdleState
 .text.HAL_UART_Init
                0x08002eb6       0x5c ./Drivers/STM32F7xx_HAL_Driver/Src/stm32f7xx_hal_uart.o
                0x08002eb6                HAL_UART_Init
 *fill*         0x08002f12        0x2 
 .text.USB_CoreReset
                0x08002f14       0x4c ./Drivers/STM32F7xx_HAL_Driver/Src/stm32f7xx_ll_usb.o
 .text.USB_CoreInit
                0x08002f60       0xa6 ./Drivers/STM32F7xx_HAL_Driver/Src/stm32f7xx_ll_usb.o
                0x08002f60                USB_CoreInit
 .text.USB_DisableGlobalInt
                0x08003006        0xc ./Drivers/STM32F7xx_HAL_Driver/Src/stm32f7xx_ll_usb.o
                0x08003006                USB_DisableGlobalInt
 .text.USB_SetCurrentMode
                0x08003012       0x5c ./Drivers/STM32F7xx_HAL_Driver/Src/stm32f7xx_ll_usb.o
                0x08003012                USB_SetCurrentMode
 *fill*         0x0800306e        0x2 
 .text.USB_FlushTxFifo
                0x08003070       0x4c ./Drivers/STM32F7xx_HAL_Driver/Src/stm32f7xx_ll_usb.o
                0x08003070                USB_FlushTxFifo
 .text.USB_FlushRxFifo
                0x080030bc       0x48 ./Drivers/STM32F7xx_HAL_Driver/Src/stm32f7xx_ll_usb.o
                0x080030bc                USB_FlushRxFifo
 .text.USB_SetDevSpeed
                0x08003104        0xe ./Drivers/STM32F7xx_HAL_Driver/Src/stm32f7xx_ll_usb.o
                0x08003104                USB_SetDevSpeed
 *fill*         0x08003112        0x2 
 .text.USB_DevInit
                0x08003114      0x17c ./Drivers/STM32F7xx_HAL_Driver/Src/stm32f7xx_ll_usb.o
                0x08003114                USB_DevInit
 .text.USB_DevDisconnect
                0x08003290       0x1c ./Drivers/STM32F7xx_HAL_Driver/Src/stm32f7xx_ll_usb.o
                0x08003290                USB_DevDisconnect
 .text.SpectrogramColumn
                0x080032ac       0x9c ./STM32_AI_AudioPreprocessing_Library/Src/feature_extraction.o
                0x080032ac                SpectrogramColumn
 .text.MelSpectrogramColumn
                0x08003348       0x1e ./STM32_AI_AudioPreprocessing_Library/Src/feature_extraction.o
                0x08003348                MelSpectrogramColumn
 *fill*         0x08003366        0x2 
 .text.MelFilterbank
                0x08003368       0x4c ./STM32_AI_AudioPreprocessing_Library/Src/mel_filterbank.o
                0x08003368                MelFilterbank
 .text.ai_network_1_get_error
                0x080033b4        0x4 ./X-CUBE-AI/App/network_1.o
                0x080033b4                ai_network_1_get_error
 .text.ai_network_1_create
                0x080033b8       0x1c ./X-CUBE-AI/App/network_1.o
                0x080033b8                ai_network_1_create
 .text.ai_network_1_inputs_get
                0x080033d4       0x14 ./X-CUBE-AI/App/network_1.o
                0x080033d4                ai_network_1_inputs_get
 .text.ai_network_1_outputs_get
                0x080033e8       0x14 ./X-CUBE-AI/App/network_1.o
                0x080033e8                ai_network_1_outputs_get
 .text.ai_network_1_init
                0x080033fc      0x194 ./X-CUBE-AI/App/network_1.o
                0x080033fc                ai_network_1_init
 .text.ai_network_1_create_and_init
                0x08003590       0x8e ./X-CUBE-AI/App/network_1.o
                0x08003590                ai_network_1_create_and_init
 .text.ai_network_1_run
                0x0800361e        0x4 ./X-CUBE-AI/App/network_1.o
                0x0800361e                ai_network_1_run
 *fill*         0x08003622        0x2 
 .text.ai_network_1_data_params_get
                0x08003624       0x30 ./X-CUBE-AI/App/network_1_data.o
                0x08003624                ai_network_1_data_params_get
 .text.arm_rfft_fast_init_f32
                0x08003654      0x168 C:\Users\jonas\TIN\ESP\ima\neuronal network\nn-test\Drivers\CMSIS\Lib\GCC\libarm_cortexM7lfdp_math.a(arm_rfft_fast_init_f32.o)
                0x08003654                arm_rfft_fast_init_f32
 .text.arm_rfft_fast_f32
                0x080037bc      0x188 C:\Users\jonas\TIN\ESP\ima\neuronal network\nn-test\Drivers\CMSIS\Lib\GCC\libarm_cortexM7lfdp_math.a(arm_rfft_fast_f32.o)
                0x080037bc                arm_rfft_fast_f32
 .text.arm_cfft_radix8by2_f32
                0x08003944      0x1a0 C:\Users\jonas\TIN\ESP\ima\neuronal network\nn-test\Drivers\CMSIS\Lib\GCC\libarm_cortexM7lfdp_math.a(arm_cfft_f32.o)
                0x08003944                arm_cfft_radix8by2_f32
 .text.arm_cfft_radix8by4_f32
                0x08003ae4      0x4b0 C:\Users\jonas\TIN\ESP\ima\neuronal network\nn-test\Drivers\CMSIS\Lib\GCC\libarm_cortexM7lfdp_math.a(arm_cfft_f32.o)
                0x08003ae4                arm_cfft_radix8by4_f32
 .text.arm_cfft_f32
                0x08003f94       0xf0 C:\Users\jonas\TIN\ESP\ima\neuronal network\nn-test\Drivers\CMSIS\Lib\GCC\libarm_cortexM7lfdp_math.a(arm_cfft_f32.o)
                0x08003f94                arm_cfft_f32
 .text.arm_cmplx_mag_squared_f32
                0x08004084       0xb0 C:\Users\jonas\TIN\ESP\ima\neuronal network\nn-test\Drivers\CMSIS\Lib\GCC\libarm_cortexM7lfdp_math.a(arm_cmplx_mag_squared_f32.o)
                0x08004084                arm_cmplx_mag_squared_f32
 .text.arm_mult_f32
                0x08004134       0x8c C:\Users\jonas\TIN\ESP\ima\neuronal network\nn-test\Drivers\CMSIS\Lib\GCC\libarm_cortexM7lfdp_math.a(arm_mult_f32.o)
                0x08004134                arm_mult_f32
 .text.arm_radix8_butterfly_f32
                0x080041c0      0x5e4 C:\Users\jonas\TIN\ESP\ima\neuronal network\nn-test\Drivers\CMSIS\Lib\GCC\libarm_cortexM7lfdp_math.a(arm_cfft_radix8_f32.o)
                0x080041c0                arm_radix8_butterfly_f32
 .text.ai_buffer_get_size
                0x080047a4       0x68 ../Middlewares/ST/AI/Lib\NetworkRuntime730_CM7_GCC.a(ai_platform.o)
                0x080047a4                ai_buffer_get_size
 .text.ai_buffer_array_sane
                0x0800480c       0x14 ../Middlewares/ST/AI/Lib\NetworkRuntime730_CM7_GCC.a(ai_platform.o)
                0x0800480c                ai_buffer_array_sane
 .text.ai_buffer_array_item_set_address
                0x08004820       0x20 ../Middlewares/ST/AI/Lib\NetworkRuntime730_CM7_GCC.a(ai_platform.o)
                0x08004820                ai_buffer_array_item_set_address
 .text._ai_platform_acquire_crc
                0x08004840        0x4 ../Middlewares/ST/AI/Lib\NetworkRuntime730_CM7_GCC.a(ai_platform_interface.o)
                0x08004840                _ai_platform_acquire_crc
 .text._ai_platform_release_crc
                0x08004844        0x4 ../Middlewares/ST/AI/Lib\NetworkRuntime730_CM7_GCC.a(ai_platform_interface.o)
                0x08004844                _ai_platform_release_crc
 .text.ai_platform_get_weights_map
                0x08004848       0xb0 ../Middlewares/ST/AI/Lib\NetworkRuntime730_CM7_GCC.a(ai_platform_interface.o)
                0x08004848                ai_platform_get_weights_map
 .text.ai_platform_get_activations_map
                0x080048f8       0xb0 ../Middlewares/ST/AI/Lib\NetworkRuntime730_CM7_GCC.a(ai_platform_interface.o)
                0x080048f8                ai_platform_get_activations_map
 .text.ai_platform_bind_network_params
                0x080049a8       0x34 ../Middlewares/ST/AI/Lib\NetworkRuntime730_CM7_GCC.a(ai_platform_interface.o)
                0x080049a8                ai_platform_bind_network_params
 .text.ai_platform_network_get_error
                0x080049dc      0x218 ../Middlewares/ST/AI/Lib\NetworkRuntime730_CM7_GCC.a(ai_platform_interface.o)
                0x080049dc                ai_platform_network_get_error
 .text.ai_platform_network_set_error
                0x08004bf4        0xc ../Middlewares/ST/AI/Lib\NetworkRuntime730_CM7_GCC.a(ai_platform_interface.o)
                0x08004bf4                ai_platform_network_set_error
 .text.ai_platform_inputs_get
                0x08004c00      0x318 ../Middlewares/ST/AI/Lib\NetworkRuntime730_CM7_GCC.a(ai_platform_interface.o)
                0x08004c00                ai_platform_inputs_get
 .text.ai_platform_outputs_get
                0x08004f18      0x310 ../Middlewares/ST/AI/Lib\NetworkRuntime730_CM7_GCC.a(ai_platform_interface.o)
                0x08004f18                ai_platform_outputs_get
 .text.ai_platform_network_create
                0x08005228      0x3b4 ../Middlewares/ST/AI/Lib\NetworkRuntime730_CM7_GCC.a(ai_platform_interface.o)
                0x08005228                ai_platform_network_create
 .text.ai_platform_network_init
                0x080055dc      0x338 ../Middlewares/ST/AI/Lib\NetworkRuntime730_CM7_GCC.a(ai_platform_interface.o)
                0x080055dc                ai_platform_network_init
 .text.ai_platform_network_post_init
                0x08005914      0x254 ../Middlewares/ST/AI/Lib\NetworkRuntime730_CM7_GCC.a(ai_platform_interface.o)
                0x08005914                ai_platform_network_post_init
 .text.ai_platform_network_process
                0x08005b68      0x5bc ../Middlewares/ST/AI/Lib\NetworkRuntime730_CM7_GCC.a(ai_platform_interface.o)
                0x08005b68                ai_platform_network_process
 .text.core_init
                0x08006124        0x4 ../Middlewares/ST/AI/Lib\NetworkRuntime730_CM7_GCC.a(core_common.o)
                0x08006124                core_init
 .text.core_get_error
                0x08006128        0xc ../Middlewares/ST/AI/Lib\NetworkRuntime730_CM7_GCC.a(core_common.o)
                0x08006128                core_get_error
 .text.core_set_error
                0x08006134       0x18 ../Middlewares/ST/AI/Lib\NetworkRuntime730_CM7_GCC.a(core_common.o)
                0x08006134                core_set_error
 .text.func_dummy
                0x0800614c        0x4 ../Middlewares/ST/AI/Lib\NetworkRuntime730_CM7_GCC.a(layers_conv2d_generic_float.o)
 .text.ai_conv2d_stripe_f32.constprop.0
                0x08006150      0xa6c ../Middlewares/ST/AI/Lib\NetworkRuntime730_CM7_GCC.a(layers_conv2d_generic_float.o)
 .text.ai_dict_decompress_f32
                0x08006bbc       0xa0 ../Middlewares/ST/AI/Lib\NetworkRuntime730_CM7_GCC.a(layers_conv2d_generic_float.o)
                0x08006bbc                ai_dict_decompress_f32
 .text.forward_conv2d_nl_pool
                0x08006c5c      0x4dc ../Middlewares/ST/AI/Lib\NetworkRuntime730_CM7_GCC.a(layers_conv2d_generic_float.o)
                0x08006c5c                forward_conv2d_nl_pool
 .text.forward_dense
                0x08007138      0x840 ../Middlewares/ST/AI/Lib\NetworkRuntime730_CM7_GCC.a(layers_conv2d_generic_float.o)
                0x08007138                forward_dense
 .text.pool_func_mp_array_f32
                0x08007978      0x418 ../Middlewares/ST/AI/Lib\NetworkRuntime730_CM7_GCC.a(layers_pool_generic_float.o)
                0x08007978                pool_func_mp_array_f32
 .text.forward_sigmoid
                0x08007d90       0x94 ../Middlewares/ST/AI/Lib\NetworkRuntime730_CM7_GCC.a(layers_nl_generic_float.o)
                0x08007d90                forward_sigmoid
 .text.nl_func_relu_array_f32
                0x08007e24       0x44 ../Middlewares/ST/AI/Lib\NetworkRuntime730_CM7_GCC.a(layers_nl_generic_float.o)
                0x08007e24                nl_func_relu_array_f32
 .text.forward_relu
                0x08007e68      0x268 ../Middlewares/ST/AI/Lib\NetworkRuntime730_CM7_GCC.a(layers_nl_generic_float.o)
                0x08007e68                forward_relu
 .text.ai_check_custom_types
                0x080080d0       0x50 ../Middlewares/ST/AI/Lib\NetworkRuntime730_CM7_GCC.a(layers.o)
                0x080080d0                ai_check_custom_types
 .text.ai_layers_init_all
                0x08008120       0x1c ../Middlewares/ST/AI/Lib\NetworkRuntime730_CM7_GCC.a(layers.o)
                0x08008120                ai_layers_init_all
 .text.ai_layers_post_init_all
                0x0800813c       0x28 ../Middlewares/ST/AI/Lib\NetworkRuntime730_CM7_GCC.a(layers.o)
                0x0800813c                ai_layers_post_init_all
 .text.ai_layers_forward_all
                0x08008164       0x90 ../Middlewares/ST/AI/Lib\NetworkRuntime730_CM7_GCC.a(layers.o)
                0x08008164                ai_layers_forward_all
 .text.lite_dense_if32of32wf32
                0x080081f4      0x250 ../Middlewares/ST/AI/Lib\NetworkRuntime730_CM7_GCC.a(lite_dense_if32.o)
                0x080081f4                lite_dense_if32of32wf32
 .text.ai_version_get
                0x08008444        0xc ../Middlewares/ST/AI/Lib\NetworkRuntime730_CM7_GCC.a(ai_datatypes_internal.o)
                0x08008444                ai_version_get
 .text.get_tensor_byte_size
                0x08008450       0x2c ../Middlewares/ST/AI/Lib\NetworkRuntime730_CM7_GCC.a(ai_datatypes_internal.o)
                0x08008450                get_tensor_byte_size
 .text.ai_array_to_buffer_fmt
                0x0800847c       0xd8 ../Middlewares/ST/AI/Lib\NetworkRuntime730_CM7_GCC.a(ai_datatypes_format.o)
                0x0800847c                ai_array_to_buffer_fmt
 .text.ai_array_get_byte_size
                0x08008554       0x50 ../Middlewares/ST/AI/Lib\NetworkRuntime730_CM7_GCC.a(ai_datatypes_format.o)
                0x08008554                ai_array_get_byte_size
 .text.ai_array_get_data_byte_size
                0x080085a4       0x20 ../Middlewares/ST/AI/Lib\NetworkRuntime730_CM7_GCC.a(ai_datatypes_format.o)
                0x080085a4                ai_array_get_data_byte_size
 .text.malloc   0x080085c4       0x10 C:/ST/STM32CubeIDE_1.15.1/STM32CubeIDE/plugins/com.st.stm32cube.ide.mcu.externaltools.gnu-tools-for-stm32.12.3.rel1.win32_1.0.100.202403111256/tools/bin/../lib/gcc/arm-none-eabi/12.3.1/../../../../arm-none-eabi/lib/thumb/v7e-m+fp/hard\libc_nano.a(libc_a-malloc.o)
                0x080085c4                malloc
 .text.sbrk_aligned
                0x080085d4       0x44 C:/ST/STM32CubeIDE_1.15.1/STM32CubeIDE/plugins/com.st.stm32cube.ide.mcu.externaltools.gnu-tools-for-stm32.12.3.rel1.win32_1.0.100.202403111256/tools/bin/../lib/gcc/arm-none-eabi/12.3.1/../../../../arm-none-eabi/lib/thumb/v7e-m+fp/hard\libc_nano.a(libc_a-mallocr.o)
 .text._malloc_r
                0x08008618      0x100 C:/ST/STM32CubeIDE_1.15.1/STM32CubeIDE/plugins/com.st.stm32cube.ide.mcu.externaltools.gnu-tools-for-stm32.12.3.rel1.win32_1.0.100.202403111256/tools/bin/../lib/gcc/arm-none-eabi/12.3.1/../../../../arm-none-eabi/lib/thumb/v7e-m+fp/hard\libc_nano.a(libc_a-mallocr.o)
                0x08008618                _malloc_r
 .text.__malloc_lock
                0x08008718        0xc C:/ST/STM32CubeIDE_1.15.1/STM32CubeIDE/plugins/com.st.stm32cube.ide.mcu.externaltools.gnu-tools-for-stm32.12.3.rel1.win32_1.0.100.202403111256/tools/bin/../lib/gcc/arm-none-eabi/12.3.1/../../../../arm-none-eabi/lib/thumb/v7e-m+fp/hard\libc_nano.a(libc_a-mlock.o)
                0x08008718                __malloc_lock
 .text.__malloc_unlock
                0x08008724        0xc C:/ST/STM32CubeIDE_1.15.1/STM32CubeIDE/plugins/com.st.stm32cube.ide.mcu.externaltools.gnu-tools-for-stm32.12.3.rel1.win32_1.0.100.202403111256/tools/bin/../lib/gcc/arm-none-eabi/12.3.1/../../../../arm-none-eabi/lib/thumb/v7e-m+fp/hard\libc_nano.a(libc_a-mlock.o)
                0x08008724                __malloc_unlock
 .text.__cvt    0x08008730       0xca C:/ST/STM32CubeIDE_1.15.1/STM32CubeIDE/plugins/com.st.stm32cube.ide.mcu.externaltools.gnu-tools-for-stm32.12.3.rel1.win32_1.0.100.202403111256/tools/bin/../lib/gcc/arm-none-eabi/12.3.1/../../../../arm-none-eabi/lib/thumb/v7e-m+fp/hard\libc_nano.a(libc_a-nano-vfprintf_float.o)
                0x08008730                __cvt
 .text.__exponent
                0x080087fa       0x74 C:/ST/STM32CubeIDE_1.15.1/STM32CubeIDE/plugins/com.st.stm32cube.ide.mcu.externaltools.gnu-tools-for-stm32.12.3.rel1.win32_1.0.100.202403111256/tools/bin/../lib/gcc/arm-none-eabi/12.3.1/../../../../arm-none-eabi/lib/thumb/v7e-m+fp/hard\libc_nano.a(libc_a-nano-vfprintf_float.o)
                0x080087fa                __exponent
 *fill*         0x0800886e        0x2 
 .text._printf_float
                0x08008870      0x454 C:/ST/STM32CubeIDE_1.15.1/STM32CubeIDE/plugins/com.st.stm32cube.ide.mcu.externaltools.gnu-tools-for-stm32.12.3.rel1.win32_1.0.100.202403111256/tools/bin/../lib/gcc/arm-none-eabi/12.3.1/../../../../arm-none-eabi/lib/thumb/v7e-m+fp/hard\libc_nano.a(libc_a-nano-vfprintf_float.o)
                0x08008870                _printf_float
 .text._printf_common
                0x08008cc4       0xda C:/ST/STM32CubeIDE_1.15.1/STM32CubeIDE/plugins/com.st.stm32cube.ide.mcu.externaltools.gnu-tools-for-stm32.12.3.rel1.win32_1.0.100.202403111256/tools/bin/../lib/gcc/arm-none-eabi/12.3.1/../../../../arm-none-eabi/lib/thumb/v7e-m+fp/hard\libc_nano.a(libc_a-nano-vfprintf_i.o)
                0x08008cc4                _printf_common
 *fill*         0x08008d9e        0x2 
 .text._printf_i
                0x08008da0      0x240 C:/ST/STM32CubeIDE_1.15.1/STM32CubeIDE/plugins/com.st.stm32cube.ide.mcu.externaltools.gnu-tools-for-stm32.12.3.rel1.win32_1.0.100.202403111256/tools/bin/../lib/gcc/arm-none-eabi/12.3.1/../../../../arm-none-eabi/lib/thumb/v7e-m+fp/hard\libc_nano.a(libc_a-nano-vfprintf_i.o)
                0x08008da0                _printf_i
 .text.std      0x08008fe0       0x6c C:/ST/STM32CubeIDE_1.15.1/STM32CubeIDE/plugins/com.st.stm32cube.ide.mcu.externaltools.gnu-tools-for-stm32.12.3.rel1.win32_1.0.100.202403111256/tools/bin/../lib/gcc/arm-none-eabi/12.3.1/../../../../arm-none-eabi/lib/thumb/v7e-m+fp/hard\libc_nano.a(libc_a-findfp.o)
 .text.stdio_exit_handler
                0x0800904c       0x18 C:/ST/STM32CubeIDE_1.15.1/STM32CubeIDE/plugins/com.st.stm32cube.ide.mcu.externaltools.gnu-tools-for-stm32.12.3.rel1.win32_1.0.100.202403111256/tools/bin/../lib/gcc/arm-none-eabi/12.3.1/../../../../arm-none-eabi/lib/thumb/v7e-m+fp/hard\libc_nano.a(libc_a-findfp.o)
 .text.cleanup_stdio
                0x08009064       0x40 C:/ST/STM32CubeIDE_1.15.1/STM32CubeIDE/plugins/com.st.stm32cube.ide.mcu.externaltools.gnu-tools-for-stm32.12.3.rel1.win32_1.0.100.202403111256/tools/bin/../lib/gcc/arm-none-eabi/12.3.1/../../../../arm-none-eabi/lib/thumb/v7e-m+fp/hard\libc_nano.a(libc_a-findfp.o)
 .text.global_stdio_init.part.0
                0x080090a4       0x3c C:/ST/STM32CubeIDE_1.15.1/STM32CubeIDE/plugins/com.st.stm32cube.ide.mcu.externaltools.gnu-tools-for-stm32.12.3.rel1.win32_1.0.100.202403111256/tools/bin/../lib/gcc/arm-none-eabi/12.3.1/../../../../arm-none-eabi/lib/thumb/v7e-m+fp/hard\libc_nano.a(libc_a-findfp.o)
 .text.__sfp_lock_acquire
                0x080090e0        0xc C:/ST/STM32CubeIDE_1.15.1/STM32CubeIDE/plugins/com.st.stm32cube.ide.mcu.externaltools.gnu-tools-for-stm32.12.3.rel1.win32_1.0.100.202403111256/tools/bin/../lib/gcc/arm-none-eabi/12.3.1/../../../../arm-none-eabi/lib/thumb/v7e-m+fp/hard\libc_nano.a(libc_a-findfp.o)
                0x080090e0                __sfp_lock_acquire
 .text.__sfp_lock_release
                0x080090ec        0xc C:/ST/STM32CubeIDE_1.15.1/STM32CubeIDE/plugins/com.st.stm32cube.ide.mcu.externaltools.gnu-tools-for-stm32.12.3.rel1.win32_1.0.100.202403111256/tools/bin/../lib/gcc/arm-none-eabi/12.3.1/../../../../arm-none-eabi/lib/thumb/v7e-m+fp/hard\libc_nano.a(libc_a-findfp.o)
                0x080090ec                __sfp_lock_release
 .text.__sinit  0x080090f8       0x30 C:/ST/STM32CubeIDE_1.15.1/STM32CubeIDE/plugins/com.st.stm32cube.ide.mcu.externaltools.gnu-tools-for-stm32.12.3.rel1.win32_1.0.100.202403111256/tools/bin/../lib/gcc/arm-none-eabi/12.3.1/../../../../arm-none-eabi/lib/thumb/v7e-m+fp/hard\libc_nano.a(libc_a-findfp.o)
                0x080090f8                __sinit
 .text._fwalk_sglue
                0x08009128       0x3c C:/ST/STM32CubeIDE_1.15.1/STM32CubeIDE/plugins/com.st.stm32cube.ide.mcu.externaltools.gnu-tools-for-stm32.12.3.rel1.win32_1.0.100.202403111256/tools/bin/../lib/gcc/arm-none-eabi/12.3.1/../../../../arm-none-eabi/lib/thumb/v7e-m+fp/hard\libc_nano.a(libc_a-fwalk.o)
                0x08009128                _fwalk_sglue
 .text.printf   0x08009164       0x24 C:/ST/STM32CubeIDE_1.15.1/STM32CubeIDE/plugins/com.st.stm32cube.ide.mcu.externaltools.gnu-tools-for-stm32.12.3.rel1.win32_1.0.100.202403111256/tools/bin/../lib/gcc/arm-none-eabi/12.3.1/../../../../arm-none-eabi/lib/thumb/v7e-m+fp/hard\libc_nano.a(libc_a-printf.o)
                0x08009164                iprintf
                0x08009164                printf
 .text._puts_r  0x08009188       0xaa C:/ST/STM32CubeIDE_1.15.1/STM32CubeIDE/plugins/com.st.stm32cube.ide.mcu.externaltools.gnu-tools-for-stm32.12.3.rel1.win32_1.0.100.202403111256/tools/bin/../lib/gcc/arm-none-eabi/12.3.1/../../../../arm-none-eabi/lib/thumb/v7e-m+fp/hard\libc_nano.a(libc_a-puts.o)
                0x08009188                _puts_r
 *fill*         0x08009232        0x2 
 .text.puts     0x08009234       0x10 C:/ST/STM32CubeIDE_1.15.1/STM32CubeIDE/plugins/com.st.stm32cube.ide.mcu.externaltools.gnu-tools-for-stm32.12.3.rel1.win32_1.0.100.202403111256/tools/bin/../lib/gcc/arm-none-eabi/12.3.1/../../../../arm-none-eabi/lib/thumb/v7e-m+fp/hard\libc_nano.a(libc_a-puts.o)
                0x08009234                puts
 .text.__sread  0x08009244       0x22 C:/ST/STM32CubeIDE_1.15.1/STM32CubeIDE/plugins/com.st.stm32cube.ide.mcu.externaltools.gnu-tools-for-stm32.12.3.rel1.win32_1.0.100.202403111256/tools/bin/../lib/gcc/arm-none-eabi/12.3.1/../../../../arm-none-eabi/lib/thumb/v7e-m+fp/hard\libc_nano.a(libc_a-stdio.o)
                0x08009244                __sread
 .text.__swrite
                0x08009266       0x38 C:/ST/STM32CubeIDE_1.15.1/STM32CubeIDE/plugins/com.st.stm32cube.ide.mcu.externaltools.gnu-tools-for-stm32.12.3.rel1.win32_1.0.100.202403111256/tools/bin/../lib/gcc/arm-none-eabi/12.3.1/../../../../arm-none-eabi/lib/thumb/v7e-m+fp/hard\libc_nano.a(libc_a-stdio.o)
                0x08009266                __swrite
 .text.__sseek  0x0800929e       0x24 C:/ST/STM32CubeIDE_1.15.1/STM32CubeIDE/plugins/com.st.stm32cube.ide.mcu.externaltools.gnu-tools-for-stm32.12.3.rel1.win32_1.0.100.202403111256/tools/bin/../lib/gcc/arm-none-eabi/12.3.1/../../../../arm-none-eabi/lib/thumb/v7e-m+fp/hard\libc_nano.a(libc_a-stdio.o)
                0x0800929e                __sseek
 .text.__sclose
                0x080092c2        0x8 C:/ST/STM32CubeIDE_1.15.1/STM32CubeIDE/plugins/com.st.stm32cube.ide.mcu.externaltools.gnu-tools-for-stm32.12.3.rel1.win32_1.0.100.202403111256/tools/bin/../lib/gcc/arm-none-eabi/12.3.1/../../../../arm-none-eabi/lib/thumb/v7e-m+fp/hard\libc_nano.a(libc_a-stdio.o)
                0x080092c2                __sclose
 .text.__swbuf_r
                0x080092ca       0x7c C:/ST/STM32CubeIDE_1.15.1/STM32CubeIDE/plugins/com.st.stm32cube.ide.mcu.externaltools.gnu-tools-for-stm32.12.3.rel1.win32_1.0.100.202403111256/tools/bin/../lib/gcc/arm-none-eabi/12.3.1/../../../../arm-none-eabi/lib/thumb/v7e-m+fp/hard\libc_nano.a(libc_a-wbuf.o)
                0x080092ca                __swbuf_r
 *fill*         0x08009346        0x2 
 .text.__swsetup_r
                0x08009348       0xac C:/ST/STM32CubeIDE_1.15.1/STM32CubeIDE/plugins/com.st.stm32cube.ide.mcu.externaltools.gnu-tools-for-stm32.12.3.rel1.win32_1.0.100.202403111256/tools/bin/../lib/gcc/arm-none-eabi/12.3.1/../../../../arm-none-eabi/lib/thumb/v7e-m+fp/hard\libc_nano.a(libc_a-wsetup.o)
                0x08009348                __swsetup_r
 .text.memset   0x080093f4       0x10 C:/ST/STM32CubeIDE_1.15.1/STM32CubeIDE/plugins/com.st.stm32cube.ide.mcu.externaltools.gnu-tools-for-stm32.12.3.rel1.win32_1.0.100.202403111256/tools/bin/../lib/gcc/arm-none-eabi/12.3.1/../../../../arm-none-eabi/lib/thumb/v7e-m+fp/hard\libc_nano.a(libc_a-memset.o)
                0x080093f4                memset
 .text._localeconv_r
                0x08009404        0x8 C:/ST/STM32CubeIDE_1.15.1/STM32CubeIDE/plugins/com.st.stm32cube.ide.mcu.externaltools.gnu-tools-for-stm32.12.3.rel1.win32_1.0.100.202403111256/tools/bin/../lib/gcc/arm-none-eabi/12.3.1/../../../../arm-none-eabi/lib/thumb/v7e-m+fp/hard\libc_nano.a(libc_a-localeconv.o)
                0x08009404                _localeconv_r
 .text._close_r
                0x0800940c       0x20 C:/ST/STM32CubeIDE_1.15.1/STM32CubeIDE/plugins/com.st.stm32cube.ide.mcu.externaltools.gnu-tools-for-stm32.12.3.rel1.win32_1.0.100.202403111256/tools/bin/../lib/gcc/arm-none-eabi/12.3.1/../../../../arm-none-eabi/lib/thumb/v7e-m+fp/hard\libc_nano.a(libc_a-closer.o)
                0x0800940c                _close_r
 .text._lseek_r
                0x0800942c       0x24 C:/ST/STM32CubeIDE_1.15.1/STM32CubeIDE/plugins/com.st.stm32cube.ide.mcu.externaltools.gnu-tools-for-stm32.12.3.rel1.win32_1.0.100.202403111256/tools/bin/../lib/gcc/arm-none-eabi/12.3.1/../../../../arm-none-eabi/lib/thumb/v7e-m+fp/hard\libc_nano.a(libc_a-lseekr.o)
                0x0800942c                _lseek_r
 .text._read_r  0x08009450       0x24 C:/ST/STM32CubeIDE_1.15.1/STM32CubeIDE/plugins/com.st.stm32cube.ide.mcu.externaltools.gnu-tools-for-stm32.12.3.rel1.win32_1.0.100.202403111256/tools/bin/../lib/gcc/arm-none-eabi/12.3.1/../../../../arm-none-eabi/lib/thumb/v7e-m+fp/hard\libc_nano.a(libc_a-readr.o)
                0x08009450                _read_r
 .text._sbrk_r  0x08009474       0x20 C:/ST/STM32CubeIDE_1.15.1/STM32CubeIDE/plugins/com.st.stm32cube.ide.mcu.externaltools.gnu-tools-for-stm32.12.3.rel1.win32_1.0.100.202403111256/tools/bin/../lib/gcc/arm-none-eabi/12.3.1/../../../../arm-none-eabi/lib/thumb/v7e-m+fp/hard\libc_nano.a(libc_a-sbrkr.o)
                0x08009474                _sbrk_r
 .text._write_r
                0x08009494       0x24 C:/ST/STM32CubeIDE_1.15.1/STM32CubeIDE/plugins/com.st.stm32cube.ide.mcu.externaltools.gnu-tools-for-stm32.12.3.rel1.win32_1.0.100.202403111256/tools/bin/../lib/gcc/arm-none-eabi/12.3.1/../../../../arm-none-eabi/lib/thumb/v7e-m+fp/hard\libc_nano.a(libc_a-writer.o)
                0x08009494                _write_r
 .text.__errno  0x080094b8        0xc C:/ST/STM32CubeIDE_1.15.1/STM32CubeIDE/plugins/com.st.stm32cube.ide.mcu.externaltools.gnu-tools-for-stm32.12.3.rel1.win32_1.0.100.202403111256/tools/bin/../lib/gcc/arm-none-eabi/12.3.1/../../../../arm-none-eabi/lib/thumb/v7e-m+fp/hard\libc_nano.a(libc_a-errno.o)
                0x080094b8                __errno
 .text.__libc_init_array
                0x080094c4       0x48 C:/ST/STM32CubeIDE_1.15.1/STM32CubeIDE/plugins/com.st.stm32cube.ide.mcu.externaltools.gnu-tools-for-stm32.12.3.rel1.win32_1.0.100.202403111256/tools/bin/../lib/gcc/arm-none-eabi/12.3.1/../../../../arm-none-eabi/lib/thumb/v7e-m+fp/hard\libc_nano.a(libc_a-init.o)
                0x080094c4                __libc_init_array
 .text.__retarget_lock_init_recursive
                0x0800950c        0x2 C:/ST/STM32CubeIDE_1.15.1/STM32CubeIDE/plugins/com.st.stm32cube.ide.mcu.externaltools.gnu-tools-for-stm32.12.3.rel1.win32_1.0.100.202403111256/tools/bin/../lib/gcc/arm-none-eabi/12.3.1/../../../../arm-none-eabi/lib/thumb/v7e-m+fp/hard\libc_nano.a(libc_a-lock.o)
                0x0800950c                __retarget_lock_init_recursive
 .text.__retarget_lock_acquire_recursive
                0x0800950e        0x2 C:/ST/STM32CubeIDE_1.15.1/STM32CubeIDE/plugins/com.st.stm32cube.ide.mcu.externaltools.gnu-tools-for-stm32.12.3.rel1.win32_1.0.100.202403111256/tools/bin/../lib/gcc/arm-none-eabi/12.3.1/../../../../arm-none-eabi/lib/thumb/v7e-m+fp/hard\libc_nano.a(libc_a-lock.o)
                0x0800950e                __retarget_lock_acquire_recursive
 .text.__retarget_lock_release_recursive
                0x08009510        0x2 C:/ST/STM32CubeIDE_1.15.1/STM32CubeIDE/plugins/com.st.stm32cube.ide.mcu.externaltools.gnu-tools-for-stm32.12.3.rel1.win32_1.0.100.202403111256/tools/bin/../lib/gcc/arm-none-eabi/12.3.1/../../../../arm-none-eabi/lib/thumb/v7e-m+fp/hard\libc_nano.a(libc_a-lock.o)
                0x08009510                __retarget_lock_release_recursive
 .text.memcpy   0x08009512       0x1c C:/ST/STM32CubeIDE_1.15.1/STM32CubeIDE/plugins/com.st.stm32cube.ide.mcu.externaltools.gnu-tools-for-stm32.12.3.rel1.win32_1.0.100.202403111256/tools/bin/../lib/gcc/arm-none-eabi/12.3.1/../../../../arm-none-eabi/lib/thumb/v7e-m+fp/hard\libc_nano.a(libc_a-memcpy-stub.o)
                0x08009512                memcpy
 .text.quorem   0x0800952e      0x110 C:/ST/STM32CubeIDE_1.15.1/STM32CubeIDE/plugins/com.st.stm32cube.ide.mcu.externaltools.gnu-tools-for-stm32.12.3.rel1.win32_1.0.100.202403111256/tools/bin/../lib/gcc/arm-none-eabi/12.3.1/../../../../arm-none-eabi/lib/thumb/v7e-m+fp/hard\libc_nano.a(libc_a-dtoa.o)
 *fill*         0x0800963e        0x2 
 .text._dtoa_r  0x08009640      0xb88 C:/ST/STM32CubeIDE_1.15.1/STM32CubeIDE/plugins/com.st.stm32cube.ide.mcu.externaltools.gnu-tools-for-stm32.12.3.rel1.win32_1.0.100.202403111256/tools/bin/../lib/gcc/arm-none-eabi/12.3.1/../../../../arm-none-eabi/lib/thumb/v7e-m+fp/hard\libc_nano.a(libc_a-dtoa.o)
                0x08009640                _dtoa_r
 .text._free_r  0x0800a1c8       0x94 C:/ST/STM32CubeIDE_1.15.1/STM32CubeIDE/plugins/com.st.stm32cube.ide.mcu.externaltools.gnu-tools-for-stm32.12.3.rel1.win32_1.0.100.202403111256/tools/bin/../lib/gcc/arm-none-eabi/12.3.1/../../../../arm-none-eabi/lib/thumb/v7e-m+fp/hard\libc_nano.a(libc_a-freer.o)
                0x0800a1c8                _free_r
 .text._Balloc  0x0800a25c       0x80 C:/ST/STM32CubeIDE_1.15.1/STM32CubeIDE/plugins/com.st.stm32cube.ide.mcu.externaltools.gnu-tools-for-stm32.12.3.rel1.win32_1.0.100.202403111256/tools/bin/../lib/gcc/arm-none-eabi/12.3.1/../../../../arm-none-eabi/lib/thumb/v7e-m+fp/hard\libc_nano.a(libc_a-mprec.o)
                0x0800a25c                _Balloc
 .text._Bfree   0x0800a2dc       0x44 C:/ST/STM32CubeIDE_1.15.1/STM32CubeIDE/plugins/com.st.stm32cube.ide.mcu.externaltools.gnu-tools-for-stm32.12.3.rel1.win32_1.0.100.202403111256/tools/bin/../lib/gcc/arm-none-eabi/12.3.1/../../../../arm-none-eabi/lib/thumb/v7e-m+fp/hard\libc_nano.a(libc_a-mprec.o)
                0x0800a2dc                _Bfree
 .text.__multadd
                0x0800a320       0x8c C:/ST/STM32CubeIDE_1.15.1/STM32CubeIDE/plugins/com.st.stm32cube.ide.mcu.externaltools.gnu-tools-for-stm32.12.3.rel1.win32_1.0.100.202403111256/tools/bin/../lib/gcc/arm-none-eabi/12.3.1/../../../../arm-none-eabi/lib/thumb/v7e-m+fp/hard\libc_nano.a(libc_a-mprec.o)
                0x0800a320                __multadd
 .text.__hi0bits
                0x0800a3ac       0x3e C:/ST/STM32CubeIDE_1.15.1/STM32CubeIDE/plugins/com.st.stm32cube.ide.mcu.externaltools.gnu-tools-for-stm32.12.3.rel1.win32_1.0.100.202403111256/tools/bin/../lib/gcc/arm-none-eabi/12.3.1/../../../../arm-none-eabi/lib/thumb/v7e-m+fp/hard\libc_nano.a(libc_a-mprec.o)
                0x0800a3ac                __hi0bits
 .text.__lo0bits
                0x0800a3ea       0x5a C:/ST/STM32CubeIDE_1.15.1/STM32CubeIDE/plugins/com.st.stm32cube.ide.mcu.externaltools.gnu-tools-for-stm32.12.3.rel1.win32_1.0.100.202403111256/tools/bin/../lib/gcc/arm-none-eabi/12.3.1/../../../../arm-none-eabi/lib/thumb/v7e-m+fp/hard\libc_nano.a(libc_a-mprec.o)
                0x0800a3ea                __lo0bits
 .text.__i2b    0x0800a444       0x2c C:/ST/STM32CubeIDE_1.15.1/STM32CubeIDE/plugins/com.st.stm32cube.ide.mcu.externaltools.gnu-tools-for-stm32.12.3.rel1.win32_1.0.100.202403111256/tools/bin/../lib/gcc/arm-none-eabi/12.3.1/../../../../arm-none-eabi/lib/thumb/v7e-m+fp/hard\libc_nano.a(libc_a-mprec.o)
                0x0800a444                __i2b
 .text.__multiply
                0x0800a470      0x154 C:/ST/STM32CubeIDE_1.15.1/STM32CubeIDE/plugins/com.st.stm32cube.ide.mcu.externaltools.gnu-tools-for-stm32.12.3.rel1.win32_1.0.100.202403111256/tools/bin/../lib/gcc/arm-none-eabi/12.3.1/../../../../arm-none-eabi/lib/thumb/v7e-m+fp/hard\libc_nano.a(libc_a-mprec.o)
                0x0800a470                __multiply
 .text.__pow5mult
                0x0800a5c4       0xb4 C:/ST/STM32CubeIDE_1.15.1/STM32CubeIDE/plugins/com.st.stm32cube.ide.mcu.externaltools.gnu-tools-for-stm32.12.3.rel1.win32_1.0.100.202403111256/tools/bin/../lib/gcc/arm-none-eabi/12.3.1/../../../../arm-none-eabi/lib/thumb/v7e-m+fp/hard\libc_nano.a(libc_a-mprec.o)
                0x0800a5c4                __pow5mult
 .text.__lshift
                0x0800a678       0xd8 C:/ST/STM32CubeIDE_1.15.1/STM32CubeIDE/plugins/com.st.stm32cube.ide.mcu.externaltools.gnu-tools-for-stm32.12.3.rel1.win32_1.0.100.202403111256/tools/bin/../lib/gcc/arm-none-eabi/12.3.1/../../../../arm-none-eabi/lib/thumb/v7e-m+fp/hard\libc_nano.a(libc_a-mprec.o)
                0x0800a678                __lshift
 .text.__mcmp   0x0800a750       0x36 C:/ST/STM32CubeIDE_1.15.1/STM32CubeIDE/plugins/com.st.stm32cube.ide.mcu.externaltools.gnu-tools-for-stm32.12.3.rel1.win32_1.0.100.202403111256/tools/bin/../lib/gcc/arm-none-eabi/12.3.1/../../../../arm-none-eabi/lib/thumb/v7e-m+fp/hard\libc_nano.a(libc_a-mprec.o)
                0x0800a750                __mcmp
 *fill*         0x0800a786        0x2 
 .text.__mdiff  0x0800a788      0x128 C:/ST/STM32CubeIDE_1.15.1/STM32CubeIDE/plugins/com.st.stm32cube.ide.mcu.externaltools.gnu-tools-for-stm32.12.3.rel1.win32_1.0.100.202403111256/tools/bin/../lib/gcc/arm-none-eabi/12.3.1/../../../../arm-none-eabi/lib/thumb/v7e-m+fp/hard\libc_nano.a(libc_a-mprec.o)
                0x0800a788                __mdiff
 .text.__d2b    0x0800a8b0       0xb0 C:/ST/STM32CubeIDE_1.15.1/STM32CubeIDE/plugins/com.st.stm32cube.ide.mcu.externaltools.gnu-tools-for-stm32.12.3.rel1.win32_1.0.100.202403111256/tools/bin/../lib/gcc/arm-none-eabi/12.3.1/../../../../arm-none-eabi/lib/thumb/v7e-m+fp/hard\libc_nano.a(libc_a-mprec.o)
                0x0800a8b0                __d2b
 .text.__sfputc_r
                0x0800a960       0x2e C:/ST/STM32CubeIDE_1.15.1/STM32CubeIDE/plugins/com.st.stm32cube.ide.mcu.externaltools.gnu-tools-for-stm32.12.3.rel1.win32_1.0.100.202403111256/tools/bin/../lib/gcc/arm-none-eabi/12.3.1/../../../../arm-none-eabi/lib/thumb/v7e-m+fp/hard\libc_nano.a(libc_a-nano-vfprintf.o)
 .text.__sfputs_r
                0x0800a98e       0x24 C:/ST/STM32CubeIDE_1.15.1/STM32CubeIDE/plugins/com.st.stm32cube.ide.mcu.externaltools.gnu-tools-for-stm32.12.3.rel1.win32_1.0.100.202403111256/tools/bin/../lib/gcc/arm-none-eabi/12.3.1/../../../../arm-none-eabi/lib/thumb/v7e-m+fp/hard\libc_nano.a(libc_a-nano-vfprintf.o)
                0x0800a98e                __sfputs_r
 *fill*         0x0800a9b2        0x2 
 .text._vfprintf_r
                0x0800a9b4      0x230 C:/ST/STM32CubeIDE_1.15.1/STM32CubeIDE/plugins/com.st.stm32cube.ide.mcu.externaltools.gnu-tools-for-stm32.12.3.rel1.win32_1.0.100.202403111256/tools/bin/../lib/gcc/arm-none-eabi/12.3.1/../../../../arm-none-eabi/lib/thumb/v7e-m+fp/hard\libc_nano.a(libc_a-nano-vfprintf.o)
                0x0800a9b4                _vfprintf_r
                0x0800a9b4                _vfiprintf_r
 .text.__sflush_r
                0x0800abe4      0x108 C:/ST/STM32CubeIDE_1.15.1/STM32CubeIDE/plugins/com.st.stm32cube.ide.mcu.externaltools.gnu-tools-for-stm32.12.3.rel1.win32_1.0.100.202403111256/tools/bin/../lib/gcc/arm-none-eabi/12.3.1/../../../../arm-none-eabi/lib/thumb/v7e-m+fp/hard\libc_nano.a(libc_a-fflush.o)
                0x0800abe4                __sflush_r
 .text._fflush_r
                0x0800acec       0x50 C:/ST/STM32CubeIDE_1.15.1/STM32CubeIDE/plugins/com.st.stm32cube.ide.mcu.externaltools.gnu-tools-for-stm32.12.3.rel1.win32_1.0.100.202403111256/tools/bin/../lib/gcc/arm-none-eabi/12.3.1/../../../../arm-none-eabi/lib/thumb/v7e-m+fp/hard\libc_nano.a(libc_a-fflush.o)
                0x0800acec                _fflush_r
 .text.__swhatbuf_r
                0x0800ad3c       0x4c C:/ST/STM32CubeIDE_1.15.1/STM32CubeIDE/plugins/com.st.stm32cube.ide.mcu.externaltools.gnu-tools-for-stm32.12.3.rel1.win32_1.0.100.202403111256/tools/bin/../lib/gcc/arm-none-eabi/12.3.1/../../../../arm-none-eabi/lib/thumb/v7e-m+fp/hard\libc_nano.a(libc_a-makebuf.o)
                0x0800ad3c                __swhatbuf_r
 .text.__smakebuf_r
                0x0800ad88       0x78 C:/ST/STM32CubeIDE_1.15.1/STM32CubeIDE/plugins/com.st.stm32cube.ide.mcu.externaltools.gnu-tools-for-stm32.12.3.rel1.win32_1.0.100.202403111256/tools/bin/../lib/gcc/arm-none-eabi/12.3.1/../../../../arm-none-eabi/lib/thumb/v7e-m+fp/hard\libc_nano.a(libc_a-makebuf.o)
                0x0800ad88                __smakebuf_r
 .text._fstat_r
                0x0800ae00       0x24 C:/ST/STM32CubeIDE_1.15.1/STM32CubeIDE/plugins/com.st.stm32cube.ide.mcu.externaltools.gnu-tools-for-stm32.12.3.rel1.win32_1.0.100.202403111256/tools/bin/../lib/gcc/arm-none-eabi/12.3.1/../../../../arm-none-eabi/lib/thumb/v7e-m+fp/hard\libc_nano.a(libc_a-fstatr.o)
                0x0800ae00                _fstat_r
 .text._isatty_r
                0x0800ae24       0x20 C:/ST/STM32CubeIDE_1.15.1/STM32CubeIDE/plugins/com.st.stm32cube.ide.mcu.externaltools.gnu-tools-for-stm32.12.3.rel1.win32_1.0.100.202403111256/tools/bin/../lib/gcc/arm-none-eabi/12.3.1/../../../../arm-none-eabi/lib/thumb/v7e-m+fp/hard\libc_nano.a(libc_a-isattyr.o)
                0x0800ae24                _isatty_r
 .text.__assert_func
                0x0800ae44       0x3c C:/ST/STM32CubeIDE_1.15.1/STM32CubeIDE/plugins/com.st.stm32cube.ide.mcu.externaltools.gnu-tools-for-stm32.12.3.rel1.win32_1.0.100.202403111256/tools/bin/../lib/gcc/arm-none-eabi/12.3.1/../../../../arm-none-eabi/lib/thumb/v7e-m+fp/hard\libc_nano.a(libc_a-assert.o)
                0x0800ae44                __assert_func
 .text._calloc_r
                0x0800ae80       0x28 C:/ST/STM32CubeIDE_1.15.1/STM32CubeIDE/plugins/com.st.stm32cube.ide.mcu.externaltools.gnu-tools-for-stm32.12.3.rel1.win32_1.0.100.202403111256/tools/bin/../lib/gcc/arm-none-eabi/12.3.1/../../../../arm-none-eabi/lib/thumb/v7e-m+fp/hard\libc_nano.a(libc_a-callocr.o)
                0x0800ae80                _calloc_r
 .text.__ascii_mbtowc
                0x0800aea8       0x24 C:/ST/STM32CubeIDE_1.15.1/STM32CubeIDE/plugins/com.st.stm32cube.ide.mcu.externaltools.gnu-tools-for-stm32.12.3.rel1.win32_1.0.100.202403111256/tools/bin/../lib/gcc/arm-none-eabi/12.3.1/../../../../arm-none-eabi/lib/thumb/v7e-m+fp/hard\libc_nano.a(libc_a-mbtowc_r.o)
                0x0800aea8                __ascii_mbtowc
 .text.__ascii_wctomb
                0x0800aecc       0x1a C:/ST/STM32CubeIDE_1.15.1/STM32CubeIDE/plugins/com.st.stm32cube.ide.mcu.externaltools.gnu-tools-for-stm32.12.3.rel1.win32_1.0.100.202403111256/tools/bin/../lib/gcc/arm-none-eabi/12.3.1/../../../../arm-none-eabi/lib/thumb/v7e-m+fp/hard\libc_nano.a(libc_a-wctomb_r.o)
                0x0800aecc                __ascii_wctomb
 *fill*         0x0800aee6        0x2 
 .text.fprintf  0x0800aee8       0x24 C:/ST/STM32CubeIDE_1.15.1/STM32CubeIDE/plugins/com.st.stm32cube.ide.mcu.externaltools.gnu-tools-for-stm32.12.3.rel1.win32_1.0.100.202403111256/tools/bin/../lib/gcc/arm-none-eabi/12.3.1/../../../../arm-none-eabi/lib/thumb/v7e-m+fp/hard\libc_nano.a(libc_a-fprintf.o)
                0x0800aee8                fiprintf
                0x0800aee8                fprintf
 .text.abort    0x0800af0c        0xe C:/ST/STM32CubeIDE_1.15.1/STM32CubeIDE/plugins/com.st.stm32cube.ide.mcu.externaltools.gnu-tools-for-stm32.12.3.rel1.win32_1.0.100.202403111256/tools/bin/../lib/gcc/arm-none-eabi/12.3.1/../../../../arm-none-eabi/lib/thumb/v7e-m+fp/hard\libc_nano.a(libc_a-abort.o)
                0x0800af0c                abort
 .text._raise_r
                0x0800af1a       0x50 C:/ST/STM32CubeIDE_1.15.1/STM32CubeIDE/plugins/com.st.stm32cube.ide.mcu.externaltools.gnu-tools-for-stm32.12.3.rel1.win32_1.0.100.202403111256/tools/bin/../lib/gcc/arm-none-eabi/12.3.1/../../../../arm-none-eabi/lib/thumb/v7e-m+fp/hard\libc_nano.a(libc_a-signal.o)
                0x0800af1a                _raise_r
 *fill*         0x0800af6a        0x2 
 .text.raise    0x0800af6c       0x10 C:/ST/STM32CubeIDE_1.15.1/STM32CubeIDE/plugins/com.st.stm32cube.ide.mcu.externaltools.gnu-tools-for-stm32.12.3.rel1.win32_1.0.100.202403111256/tools/bin/../lib/gcc/arm-none-eabi/12.3.1/../../../../arm-none-eabi/lib/thumb/v7e-m+fp/hard\libc_nano.a(libc_a-signal.o)
                0x0800af6c                raise
 .text._kill_r  0x0800af7c       0x24 C:/ST/STM32CubeIDE_1.15.1/STM32CubeIDE/plugins/com.st.stm32cube.ide.mcu.externaltools.gnu-tools-for-stm32.12.3.rel1.win32_1.0.100.202403111256/tools/bin/../lib/gcc/arm-none-eabi/12.3.1/../../../../arm-none-eabi/lib/thumb/v7e-m+fp/hard\libc_nano.a(libc_a-signalr.o)
                0x0800af7c                _kill_r
 .text._getpid_r
                0x0800afa0        0x4 C:/ST/STM32CubeIDE_1.15.1/STM32CubeIDE/plugins/com.st.stm32cube.ide.mcu.externaltools.gnu-tools-for-stm32.12.3.rel1.win32_1.0.100.202403111256/tools/bin/../lib/gcc/arm-none-eabi/12.3.1/../../../../arm-none-eabi/lib/thumb/v7e-m+fp/hard\libc_nano.a(libc_a-signalr.o)
                0x0800afa0                _getpid_r
 .text.expf     0x0800afa4       0x6c C:/ST/STM32CubeIDE_1.15.1/STM32CubeIDE/plugins/com.st.stm32cube.ide.mcu.externaltools.gnu-tools-for-stm32.12.3.rel1.win32_1.0.100.202403111256/tools/bin/../lib/gcc/arm-none-eabi/12.3.1/../../../../arm-none-eabi/lib/thumb/v7e-m+fp/hard\libm.a(libm_a-wf_exp.o)
                0x0800afa4                expf
 .text.log10f   0x0800b010       0x5c C:/ST/STM32CubeIDE_1.15.1/STM32CubeIDE/plugins/com.st.stm32cube.ide.mcu.externaltools.gnu-tools-for-stm32.12.3.rel1.win32_1.0.100.202403111256/tools/bin/../lib/gcc/arm-none-eabi/12.3.1/../../../../arm-none-eabi/lib/thumb/v7e-m+fp/hard\libm.a(libm_a-wf_log10.o)
                0x0800b010                log10f
 .text.sqrtf    0x0800b06c       0x3c C:/ST/STM32CubeIDE_1.15.1/STM32CubeIDE/plugins/com.st.stm32cube.ide.mcu.externaltools.gnu-tools-for-stm32.12.3.rel1.win32_1.0.100.202403111256/tools/bin/../lib/gcc/arm-none-eabi/12.3.1/../../../../arm-none-eabi/lib/thumb/v7e-m+fp/hard\libm.a(libm_a-wf_sqrt.o)
                0x0800b06c                sqrtf
 .text.finitef  0x0800b0a8       0x14 C:/ST/STM32CubeIDE_1.15.1/STM32CubeIDE/plugins/com.st.stm32cube.ide.mcu.externaltools.gnu-tools-for-stm32.12.3.rel1.win32_1.0.100.202403111256/tools/bin/../lib/gcc/arm-none-eabi/12.3.1/../../../../arm-none-eabi/lib/thumb/v7e-m+fp/hard\libm.a(libm_a-sf_finite.o)
                0x0800b0a8                finitef
 .text.nanf     0x0800b0bc        0xc C:/ST/STM32CubeIDE_1.15.1/STM32CubeIDE/plugins/com.st.stm32cube.ide.mcu.externaltools.gnu-tools-for-stm32.12.3.rel1.win32_1.0.100.202403111256/tools/bin/../lib/gcc/arm-none-eabi/12.3.1/../../../../arm-none-eabi/lib/thumb/v7e-m+fp/hard\libm.a(libm_a-sf_nan.o)
                0x0800b0bc                nanf
 .text.with_errnof
                0x0800b0c8       0x1c C:/ST/STM32CubeIDE_1.15.1/STM32CubeIDE/plugins/com.st.stm32cube.ide.mcu.externaltools.gnu-tools-for-stm32.12.3.rel1.win32_1.0.100.202403111256/tools/bin/../lib/gcc/arm-none-eabi/12.3.1/../../../../arm-none-eabi/lib/thumb/v7e-m+fp/hard\libm.a(libm_a-math_errf.o)
 .text.xflowf   0x0800b0e4       0x16 C:/ST/STM32CubeIDE_1.15.1/STM32CubeIDE/plugins/com.st.stm32cube.ide.mcu.externaltools.gnu-tools-for-stm32.12.3.rel1.win32_1.0.100.202403111256/tools/bin/../lib/gcc/arm-none-eabi/12.3.1/../../../../arm-none-eabi/lib/thumb/v7e-m+fp/hard\libm.a(libm_a-math_errf.o)
 *fill*         0x0800b0fa        0x2 
 .text.__math_uflowf
                0x0800b0fc        0xc C:/ST/STM32CubeIDE_1.15.1/STM32CubeIDE/plugins/com.st.stm32cube.ide.mcu.externaltools.gnu-tools-for-stm32.12.3.rel1.win32_1.0.100.202403111256/tools/bin/../lib/gcc/arm-none-eabi/12.3.1/../../../../arm-none-eabi/lib/thumb/v7e-m+fp/hard\libm.a(libm_a-math_errf.o)
                0x0800b0fc                __math_uflowf
 .text.__math_oflowf
                0x0800b108        0xc C:/ST/STM32CubeIDE_1.15.1/STM32CubeIDE/plugins/com.st.stm32cube.ide.mcu.externaltools.gnu-tools-for-stm32.12.3.rel1.win32_1.0.100.202403111256/tools/bin/../lib/gcc/arm-none-eabi/12.3.1/../../../../arm-none-eabi/lib/thumb/v7e-m+fp/hard\libm.a(libm_a-math_errf.o)
                0x0800b108                __math_oflowf
 .text.__ieee754_sqrtf
                0x0800b114        0x6 C:/ST/STM32CubeIDE_1.15.1/STM32CubeIDE/plugins/com.st.stm32cube.ide.mcu.externaltools.gnu-tools-for-stm32.12.3.rel1.win32_1.0.100.202403111256/tools/bin/../lib/gcc/arm-none-eabi/12.3.1/../../../../arm-none-eabi/lib/thumb/v7e-m+fp/hard\libm.a(libm_a-ef_sqrt.o)
                0x0800b114                __ieee754_sqrtf
 *fill*         0x0800b11a        0x2 
 .text.__ieee754_expf
                0x0800b11c      0x19c C:/ST/STM32CubeIDE_1.15.1/STM32CubeIDE/plugins/com.st.stm32cube.ide.mcu.externaltools.gnu-tools-for-stm32.12.3.rel1.win32_1.0.100.202403111256/tools/bin/../lib/gcc/arm-none-eabi/12.3.1/../../../../arm-none-eabi/lib/thumb/v7e-m+fp/hard\libm.a(libm_a-ef_exp.o)
                0x0800b11c                __ieee754_expf
 .text.__ieee754_logf
                0x0800b2b8      0x1e4 C:/ST/STM32CubeIDE_1.15.1/STM32CubeIDE/plugins/com.st.stm32cube.ide.mcu.externaltools.gnu-tools-for-stm32.12.3.rel1.win32_1.0.100.202403111256/tools/bin/../lib/gcc/arm-none-eabi/12.3.1/../../../../arm-none-eabi/lib/thumb/v7e-m+fp/hard\libm.a(libm_a-ef_log.o)
                0x0800b2b8                __ieee754_logf
 .text.__ieee754_log10f
                0x0800b49c       0xb0 C:/ST/STM32CubeIDE_1.15.1/STM32CubeIDE/plugins/com.st.stm32cube.ide.mcu.externaltools.gnu-tools-for-stm32.12.3.rel1.win32_1.0.100.202403111256/tools/bin/../lib/gcc/arm-none-eabi/12.3.1/../../../../arm-none-eabi/lib/thumb/v7e-m+fp/hard\libm.a(libm_a-ef_log10.o)
                0x0800b49c                __ieee754_log10f
 .text._close   0x0800b54c       0x10 C:/ST/STM32CubeIDE_1.15.1/STM32CubeIDE/plugins/com.st.stm32cube.ide.mcu.externaltools.gnu-tools-for-stm32.12.3.rel1.win32_1.0.100.202403111256/tools/bin/../lib/gcc/arm-none-eabi/12.3.1/../../../../arm-none-eabi/lib/thumb/v7e-m+fp/hard\libnosys.a(close.o)
                0x0800b54c                _close
 .text._fstat   0x0800b55c       0x10 C:/ST/STM32CubeIDE_1.15.1/STM32CubeIDE/plugins/com.st.stm32cube.ide.mcu.externaltools.gnu-tools-for-stm32.12.3.rel1.win32_1.0.100.202403111256/tools/bin/../lib/gcc/arm-none-eabi/12.3.1/../../../../arm-none-eabi/lib/thumb/v7e-m+fp/hard\libnosys.a(fstat.o)
                0x0800b55c                _fstat
 .text._getpid  0x0800b56c       0x10 C:/ST/STM32CubeIDE_1.15.1/STM32CubeIDE/plugins/com.st.stm32cube.ide.mcu.externaltools.gnu-tools-for-stm32.12.3.rel1.win32_1.0.100.202403111256/tools/bin/../lib/gcc/arm-none-eabi/12.3.1/../../../../arm-none-eabi/lib/thumb/v7e-m+fp/hard\libnosys.a(getpid.o)
                0x0800b56c                _getpid
 .text._isatty  0x0800b57c       0x10 C:/ST/STM32CubeIDE_1.15.1/STM32CubeIDE/plugins/com.st.stm32cube.ide.mcu.externaltools.gnu-tools-for-stm32.12.3.rel1.win32_1.0.100.202403111256/tools/bin/../lib/gcc/arm-none-eabi/12.3.1/../../../../arm-none-eabi/lib/thumb/v7e-m+fp/hard\libnosys.a(isatty.o)
                0x0800b57c                _isatty
 .text._kill    0x0800b58c       0x10 C:/ST/STM32CubeIDE_1.15.1/STM32CubeIDE/plugins/com.st.stm32cube.ide.mcu.externaltools.gnu-tools-for-stm32.12.3.rel1.win32_1.0.100.202403111256/tools/bin/../lib/gcc/arm-none-eabi/12.3.1/../../../../arm-none-eabi/lib/thumb/v7e-m+fp/hard\libnosys.a(kill.o)
                0x0800b58c                _kill
 .text._lseek   0x0800b59c       0x10 C:/ST/STM32CubeIDE_1.15.1/STM32CubeIDE/plugins/com.st.stm32cube.ide.mcu.externaltools.gnu-tools-for-stm32.12.3.rel1.win32_1.0.100.202403111256/tools/bin/../lib/gcc/arm-none-eabi/12.3.1/../../../../arm-none-eabi/lib/thumb/v7e-m+fp/hard\libnosys.a(lseek.o)
                0x0800b59c                _lseek
 .text._read    0x0800b5ac       0x10 C:/ST/STM32CubeIDE_1.15.1/STM32CubeIDE/plugins/com.st.stm32cube.ide.mcu.externaltools.gnu-tools-for-stm32.12.3.rel1.win32_1.0.100.202403111256/tools/bin/../lib/gcc/arm-none-eabi/12.3.1/../../../../arm-none-eabi/lib/thumb/v7e-m+fp/hard\libnosys.a(read.o)
                0x0800b5ac                _read
 .text._write   0x0800b5bc       0x10 C:/ST/STM32CubeIDE_1.15.1/STM32CubeIDE/plugins/com.st.stm32cube.ide.mcu.externaltools.gnu-tools-for-stm32.12.3.rel1.win32_1.0.100.202403111256/tools/bin/../lib/gcc/arm-none-eabi/12.3.1/../../../../arm-none-eabi/lib/thumb/v7e-m+fp/hard\libnosys.a(write.o)
                0x0800b5bc                _write
 .text._exit    0x0800b5cc        0x2 C:/ST/STM32CubeIDE_1.15.1/STM32CubeIDE/plugins/com.st.stm32cube.ide.mcu.externaltools.gnu-tools-for-stm32.12.3.rel1.win32_1.0.100.202403111256/tools/bin/../lib/gcc/arm-none-eabi/12.3.1/../../../../arm-none-eabi/lib/thumb/v7e-m+fp/hard\libnosys.a(_exit.o)
                0x0800b5cc                _exit
 *(.glue_7)
 .glue_7        0x0800b5ce        0x0 linker stubs
 *(.glue_7t)
 .glue_7t       0x0800b5ce        0x0 linker stubs
 *(.eh_frame)
 *fill*         0x0800b5ce        0x2 
 .eh_frame      0x0800b5d0        0x0 C:/ST/STM32CubeIDE_1.15.1/STM32CubeIDE/plugins/com.st.stm32cube.ide.mcu.externaltools.gnu-tools-for-stm32.12.3.rel1.win32_1.0.100.202403111256/tools/bin/../lib/gcc/arm-none-eabi/12.3.1/thumb/v7e-m+fp/hard/crtbegin.o
 *(.init)
 .init          0x0800b5d0        0x4 C:/ST/STM32CubeIDE_1.15.1/STM32CubeIDE/plugins/com.st.stm32cube.ide.mcu.externaltools.gnu-tools-for-stm32.12.3.rel1.win32_1.0.100.202403111256/tools/bin/../lib/gcc/arm-none-eabi/12.3.1/thumb/v7e-m+fp/hard/crti.o
                0x0800b5d0                _init
 .init          0x0800b5d4        0x8 C:/ST/STM32CubeIDE_1.15.1/STM32CubeIDE/plugins/com.st.stm32cube.ide.mcu.externaltools.gnu-tools-for-stm32.12.3.rel1.win32_1.0.100.202403111256/tools/bin/../lib/gcc/arm-none-eabi/12.3.1/thumb/v7e-m+fp/hard/crtn.o
 *(.fini)
 .fini          0x0800b5dc        0x4 C:/ST/STM32CubeIDE_1.15.1/STM32CubeIDE/plugins/com.st.stm32cube.ide.mcu.externaltools.gnu-tools-for-stm32.12.3.rel1.win32_1.0.100.202403111256/tools/bin/../lib/gcc/arm-none-eabi/12.3.1/thumb/v7e-m+fp/hard/crti.o
                0x0800b5dc                _fini
 .fini          0x0800b5e0        0x8 C:/ST/STM32CubeIDE_1.15.1/STM32CubeIDE/plugins/com.st.stm32cube.ide.mcu.externaltools.gnu-tools-for-stm32.12.3.rel1.win32_1.0.100.202403111256/tools/bin/../lib/gcc/arm-none-eabi/12.3.1/thumb/v7e-m+fp/hard/crtn.o
                0x0800b5e8                        . = ALIGN (0x4)
                0x0800b5e8                        _etext = .

.vfp11_veneer   0x0800b5e8        0x0
 .vfp11_veneer  0x0800b5e8        0x0 linker stubs

.v4_bx          0x0800b5e8        0x0
 .v4_bx         0x0800b5e8        0x0 linker stubs

.iplt           0x0800b5e8        0x0
 .iplt          0x0800b5e8        0x0 C:/ST/STM32CubeIDE_1.15.1/STM32CubeIDE/plugins/com.st.stm32cube.ide.mcu.externaltools.gnu-tools-for-stm32.12.3.rel1.win32_1.0.100.202403111256/tools/bin/../lib/gcc/arm-none-eabi/12.3.1/thumb/v7e-m+fp/hard/crtbegin.o

.rodata         0x0800b600    0x2e350
                0x0800b600                        . = ALIGN (0x4)
 *(.rodata)
 .rodata        0x0800b600       0x10 ./X-CUBE-AI/App/network_1_data.o
 *(.rodata*)
 .rodata.init_nn.str1.1
                0x0800b610       0x2c ./Core/Src/audio_classification.o
 .rodata.run_nn_classification.str1.1
                0x0800b63c       0x47 ./Core/Src/audio_classification.o
 .rodata.preprocess_frame.str1.1
                0x0800b683        0x7 ./Core/Src/audio_classification.o
 .rodata.main.str1.1
                0x0800b68a       0x4a ./Core/Src/main.o
 .rodata.APBPrescTable
                0x0800b6d4        0x8 ./Core/Src/system_stm32f7xx.o
                0x0800b6d4                APBPrescTable
 .rodata.AHBPrescTable
                0x0800b6dc       0x10 ./Core/Src/system_stm32f7xx.o
                0x0800b6dc                AHBPrescTable
 .rodata.audio_data_length
                0x0800b6ec        0x4 ./Core/Src/test_audio_data.o
                0x0800b6ec                audio_data_length
 .rodata.audio_data
                0x0800b6f0     0x8000 ./Core/Src/test_audio_data.o
                0x0800b6f0                audio_data
 .rodata.melFilterLut_1024_30
                0x080136f0      0xf20 ./STM32_AI_AudioPreprocessing_Library/Src/common_tables.o
                0x080136f0                melFilterLut_1024_30
 .rodata.melFiltersStopIndices_1024_30
                0x08014610       0x78 ./STM32_AI_AudioPreprocessing_Library/Src/common_tables.o
                0x08014610                melFiltersStopIndices_1024_30
 .rodata.melFiltersStartIndices_1024_30
                0x08014688       0x78 ./STM32_AI_AudioPreprocessing_Library/Src/common_tables.o
                0x08014688                melFiltersStartIndices_1024_30
 .rodata.hannWin_1024
                0x08014700     0x1000 ./STM32_AI_AudioPreprocessing_Library/Src/common_tables.o
                0x08014700                hannWin_1024
 .rodata.conv2d_conv2d_chain
                0x08015700        0x8 ./X-CUBE-AI/App/network_1.o
 .rodata.conv2d_1_conv2d_chain
                0x08015708        0x8 ./X-CUBE-AI/App/network_1.o
 .rodata.dense_dense_chain
                0x08015710        0x8 ./X-CUBE-AI/App/network_1.o
 .rodata.dense_chain
                0x08015718        0x8 ./X-CUBE-AI/App/network_1.o
 .rodata.dense_1_dense_chain
                0x08015720        0x8 ./X-CUBE-AI/App/network_1.o
 .rodata.dense_1_chain
                0x08015728        0x8 ./X-CUBE-AI/App/network_1.o
 *fill*         0x08015730       0x10 
 .rodata.s_network_1_weights_array_u64
                0x08015740    0x10a30 ./X-CUBE-AI/App/network_1_data_params.o
                0x08015740                s_network_1_weights_array_u64
 .rodata.twiddleCoef_2048
                0x08026170     0x4000 C:\Users\jonas\TIN\ESP\ima\neuronal network\nn-test\Drivers\CMSIS\Lib\GCC\libarm_cortexM7lfdp_math.a(arm_common_tables.o)
                0x08026170                twiddleCoef_2048
 .rodata.twiddleCoef_rfft_64
                0x0802a170      0x100 C:\Users\jonas\TIN\ESP\ima\neuronal network\nn-test\Drivers\CMSIS\Lib\GCC\libarm_cortexM7lfdp_math.a(arm_common_tables.o)
                0x0802a170                twiddleCoef_rfft_64
 .rodata.armBitRevIndexTable64
                0x0802a270       0x70 C:\Users\jonas\TIN\ESP\ima\neuronal network\nn-test\Drivers\CMSIS\Lib\GCC\libarm_cortexM7lfdp_math.a(arm_common_tables.o)
                0x0802a270                armBitRevIndexTable64
 .rodata.twiddleCoef_rfft_2048
                0x0802a2e0     0x2000 C:\Users\jonas\TIN\ESP\ima\neuronal network\nn-test\Drivers\CMSIS\Lib\GCC\libarm_cortexM7lfdp_math.a(arm_common_tables.o)
                0x0802a2e0                twiddleCoef_rfft_2048
 .rodata.twiddleCoef_rfft_4096
                0x0802c2e0     0x4000 C:\Users\jonas\TIN\ESP\ima\neuronal network\nn-test\Drivers\CMSIS\Lib\GCC\libarm_cortexM7lfdp_math.a(arm_common_tables.o)
                0x0802c2e0                twiddleCoef_rfft_4096
 .rodata.twiddleCoef_256
                0x080302e0      0x800 C:\Users\jonas\TIN\ESP\ima\neuronal network\nn-test\Drivers\CMSIS\Lib\GCC\libarm_cortexM7lfdp_math.a(arm_common_tables.o)
                0x080302e0                twiddleCoef_256
 .rodata.twiddleCoef_16
                0x08030ae0       0x80 C:\Users\jonas\TIN\ESP\ima\neuronal network\nn-test\Drivers\CMSIS\Lib\GCC\libarm_cortexM7lfdp_math.a(arm_common_tables.o)
                0x08030ae0                twiddleCoef_16
 .rodata.twiddleCoef_1024
                0x08030b60     0x2000 C:\Users\jonas\TIN\ESP\ima\neuronal network\nn-test\Drivers\CMSIS\Lib\GCC\libarm_cortexM7lfdp_math.a(arm_common_tables.o)
                0x08030b60                twiddleCoef_1024
 .rodata.twiddleCoef_32
                0x08032b60      0x100 C:\Users\jonas\TIN\ESP\ima\neuronal network\nn-test\Drivers\CMSIS\Lib\GCC\libarm_cortexM7lfdp_math.a(arm_common_tables.o)
                0x08032b60                twiddleCoef_32
 .rodata.armBitRevIndexTable1024
                0x08032c60      0xe10 C:\Users\jonas\TIN\ESP\ima\neuronal network\nn-test\Drivers\CMSIS\Lib\GCC\libarm_cortexM7lfdp_math.a(arm_common_tables.o)
                0x08032c60                armBitRevIndexTable1024
 .rodata.armBitRevIndexTable16
                0x08033a70       0x28 C:\Users\jonas\TIN\ESP\ima\neuronal network\nn-test\Drivers\CMSIS\Lib\GCC\libarm_cortexM7lfdp_math.a(arm_common_tables.o)
                0x08033a70                armBitRevIndexTable16
 .rodata.twiddleCoef_rfft_32
                0x08033a98       0x80 C:\Users\jonas\TIN\ESP\ima\neuronal network\nn-test\Drivers\CMSIS\Lib\GCC\libarm_cortexM7lfdp_math.a(arm_common_tables.o)
                0x08033a98                twiddleCoef_rfft_32
 .rodata.armBitRevIndexTable32
                0x08033b18       0x60 C:\Users\jonas\TIN\ESP\ima\neuronal network\nn-test\Drivers\CMSIS\Lib\GCC\libarm_cortexM7lfdp_math.a(arm_common_tables.o)
                0x08033b18                armBitRevIndexTable32
 .rodata.twiddleCoef_128
                0x08033b78      0x400 C:\Users\jonas\TIN\ESP\ima\neuronal network\nn-test\Drivers\CMSIS\Lib\GCC\libarm_cortexM7lfdp_math.a(arm_common_tables.o)
                0x08033b78                twiddleCoef_128
 .rodata.twiddleCoef_512
                0x08033f78     0x1000 C:\Users\jonas\TIN\ESP\ima\neuronal network\nn-test\Drivers\CMSIS\Lib\GCC\libarm_cortexM7lfdp_math.a(arm_common_tables.o)
                0x08033f78                twiddleCoef_512
 .rodata.armBitRevIndexTable2048
                0x08034f78     0x1dc0 C:\Users\jonas\TIN\ESP\ima\neuronal network\nn-test\Drivers\CMSIS\Lib\GCC\libarm_cortexM7lfdp_math.a(arm_common_tables.o)
                0x08034f78                armBitRevIndexTable2048
 .rodata.twiddleCoef_64
                0x08036d38      0x200 C:\Users\jonas\TIN\ESP\ima\neuronal network\nn-test\Drivers\CMSIS\Lib\GCC\libarm_cortexM7lfdp_math.a(arm_common_tables.o)
                0x08036d38                twiddleCoef_64
 .rodata.twiddleCoef_rfft_512
                0x08036f38      0x800 C:\Users\jonas\TIN\ESP\ima\neuronal network\nn-test\Drivers\CMSIS\Lib\GCC\libarm_cortexM7lfdp_math.a(arm_common_tables.o)
                0x08036f38                twiddleCoef_rfft_512
 .rodata.armBitRevIndexTable512
                0x08037738      0x380 C:\Users\jonas\TIN\ESP\ima\neuronal network\nn-test\Drivers\CMSIS\Lib\GCC\libarm_cortexM7lfdp_math.a(arm_common_tables.o)
                0x08037738                armBitRevIndexTable512
 .rodata.twiddleCoef_rfft_1024
                0x08037ab8     0x1000 C:\Users\jonas\TIN\ESP\ima\neuronal network\nn-test\Drivers\CMSIS\Lib\GCC\libarm_cortexM7lfdp_math.a(arm_common_tables.o)
                0x08037ab8                twiddleCoef_rfft_1024
 .rodata.twiddleCoef_rfft_256
                0x08038ab8      0x400 C:\Users\jonas\TIN\ESP\ima\neuronal network\nn-test\Drivers\CMSIS\Lib\GCC\libarm_cortexM7lfdp_math.a(arm_common_tables.o)
                0x08038ab8                twiddleCoef_rfft_256
 .rodata.armBitRevIndexTable256
                0x08038eb8      0x370 C:\Users\jonas\TIN\ESP\ima\neuronal network\nn-test\Drivers\CMSIS\Lib\GCC\libarm_cortexM7lfdp_math.a(arm_common_tables.o)
                0x08038eb8                armBitRevIndexTable256
 .rodata.twiddleCoef_rfft_128
                0x08039228      0x200 C:\Users\jonas\TIN\ESP\ima\neuronal network\nn-test\Drivers\CMSIS\Lib\GCC\libarm_cortexM7lfdp_math.a(arm_common_tables.o)
                0x08039228                twiddleCoef_rfft_128
 .rodata.armBitRevIndexTable128
                0x08039428      0x1a0 C:\Users\jonas\TIN\ESP\ima\neuronal network\nn-test\Drivers\CMSIS\Lib\GCC\libarm_cortexM7lfdp_math.a(arm_common_tables.o)
                0x08039428                armBitRevIndexTable128
 .rodata._printf_float.str1.1
                0x080395c8       0x12 C:/ST/STM32CubeIDE_1.15.1/STM32CubeIDE/plugins/com.st.stm32cube.ide.mcu.externaltools.gnu-tools-for-stm32.12.3.rel1.win32_1.0.100.202403111256/tools/bin/../lib/gcc/arm-none-eabi/12.3.1/../../../../arm-none-eabi/lib/thumb/v7e-m+fp/hard\libc_nano.a(libc_a-nano-vfprintf_float.o)
 .rodata._printf_i.str1.1
                0x080395da       0x22 C:/ST/STM32CubeIDE_1.15.1/STM32CubeIDE/plugins/com.st.stm32cube.ide.mcu.externaltools.gnu-tools-for-stm32.12.3.rel1.win32_1.0.100.202403111256/tools/bin/../lib/gcc/arm-none-eabi/12.3.1/../../../../arm-none-eabi/lib/thumb/v7e-m+fp/hard\libc_nano.a(libc_a-nano-vfprintf_i.o)
 .rodata._dtoa_r.str1.1
                0x080395fc       0x8d C:/ST/STM32CubeIDE_1.15.1/STM32CubeIDE/plugins/com.st.stm32cube.ide.mcu.externaltools.gnu-tools-for-stm32.12.3.rel1.win32_1.0.100.202403111256/tools/bin/../lib/gcc/arm-none-eabi/12.3.1/../../../../arm-none-eabi/lib/thumb/v7e-m+fp/hard\libc_nano.a(libc_a-dtoa.o)
                                 0x8f (size before relaxing)
 .rodata._Balloc.str1.1
                0x08039689       0x59 C:/ST/STM32CubeIDE_1.15.1/STM32CubeIDE/plugins/com.st.stm32cube.ide.mcu.externaltools.gnu-tools-for-stm32.12.3.rel1.win32_1.0.100.202403111256/tools/bin/../lib/gcc/arm-none-eabi/12.3.1/../../../../arm-none-eabi/lib/thumb/v7e-m+fp/hard\libc_nano.a(libc_a-mprec.o)
                                 0x70 (size before relaxing)
 .rodata.__multadd.str1.1
                0x080396e2       0x11 C:/ST/STM32CubeIDE_1.15.1/STM32CubeIDE/plugins/com.st.stm32cube.ide.mcu.externaltools.gnu-tools-for-stm32.12.3.rel1.win32_1.0.100.202403111256/tools/bin/../lib/gcc/arm-none-eabi/12.3.1/../../../../arm-none-eabi/lib/thumb/v7e-m+fp/hard\libc_nano.a(libc_a-mprec.o)
 *fill*         0x080396e2        0x2 
 .rodata.p05.0  0x080396e4        0xc C:/ST/STM32CubeIDE_1.15.1/STM32CubeIDE/plugins/com.st.stm32cube.ide.mcu.externaltools.gnu-tools-for-stm32.12.3.rel1.win32_1.0.100.202403111256/tools/bin/../lib/gcc/arm-none-eabi/12.3.1/../../../../arm-none-eabi/lib/thumb/v7e-m+fp/hard\libc_nano.a(libc_a-mprec.o)
 .rodata.__mprec_bigtens
                0x080396f0       0x28 C:/ST/STM32CubeIDE_1.15.1/STM32CubeIDE/plugins/com.st.stm32cube.ide.mcu.externaltools.gnu-tools-for-stm32.12.3.rel1.win32_1.0.100.202403111256/tools/bin/../lib/gcc/arm-none-eabi/12.3.1/../../../../arm-none-eabi/lib/thumb/v7e-m+fp/hard\libc_nano.a(libc_a-mprec.o)
                0x080396f0                __mprec_bigtens
 .rodata.__mprec_tens
                0x08039718       0xc8 C:/ST/STM32CubeIDE_1.15.1/STM32CubeIDE/plugins/com.st.stm32cube.ide.mcu.externaltools.gnu-tools-for-stm32.12.3.rel1.win32_1.0.100.202403111256/tools/bin/../lib/gcc/arm-none-eabi/12.3.1/../../../../arm-none-eabi/lib/thumb/v7e-m+fp/hard\libc_nano.a(libc_a-mprec.o)
                0x08039718                __mprec_tens
 .rodata._vfprintf_r.str1.1
                0x080397e0       0x11 C:/ST/STM32CubeIDE_1.15.1/STM32CubeIDE/plugins/com.st.stm32cube.ide.mcu.externaltools.gnu-tools-for-stm32.12.3.rel1.win32_1.0.100.202403111256/tools/bin/../lib/gcc/arm-none-eabi/12.3.1/../../../../arm-none-eabi/lib/thumb/v7e-m+fp/hard\libc_nano.a(libc_a-nano-vfprintf.o)
 .rodata._setlocale_r.str1.1
                0x080397f1        0x8 C:/ST/STM32CubeIDE_1.15.1/STM32CubeIDE/plugins/com.st.stm32cube.ide.mcu.externaltools.gnu-tools-for-stm32.12.3.rel1.win32_1.0.100.202403111256/tools/bin/../lib/gcc/arm-none-eabi/12.3.1/../../../../arm-none-eabi/lib/thumb/v7e-m+fp/hard\libc_nano.a(libc_a-locale.o)
                                  0x9 (size before relaxing)
 .rodata.str1.1
                0x080397f9        0x2 C:/ST/STM32CubeIDE_1.15.1/STM32CubeIDE/plugins/com.st.stm32cube.ide.mcu.externaltools.gnu-tools-for-stm32.12.3.rel1.win32_1.0.100.202403111256/tools/bin/../lib/gcc/arm-none-eabi/12.3.1/../../../../arm-none-eabi/lib/thumb/v7e-m+fp/hard\libc_nano.a(libc_a-locale.o)
 .rodata.__assert_func.str1.1
                0x080397fb       0x3c C:/ST/STM32CubeIDE_1.15.1/STM32CubeIDE/plugins/com.st.stm32cube.ide.mcu.externaltools.gnu-tools-for-stm32.12.3.rel1.win32_1.0.100.202403111256/tools/bin/../lib/gcc/arm-none-eabi/12.3.1/../../../../arm-none-eabi/lib/thumb/v7e-m+fp/hard\libc_nano.a(libc_a-assert.o)
                                 0x3d (size before relaxing)
 .rodata._ctype_
                0x08039837      0x101 C:/ST/STM32CubeIDE_1.15.1/STM32CubeIDE/plugins/com.st.stm32cube.ide.mcu.externaltools.gnu-tools-for-stm32.12.3.rel1.win32_1.0.100.202403111256/tools/bin/../lib/gcc/arm-none-eabi/12.3.1/../../../../arm-none-eabi/lib/thumb/v7e-m+fp/hard\libc_nano.a(libc_a-ctype_.o)
                0x08039837                _ctype_
 .rodata.log10f.str1.1
                0x08039938        0x1 C:/ST/STM32CubeIDE_1.15.1/STM32CubeIDE/plugins/com.st.stm32cube.ide.mcu.externaltools.gnu-tools-for-stm32.12.3.rel1.win32_1.0.100.202403111256/tools/bin/../lib/gcc/arm-none-eabi/12.3.1/../../../../arm-none-eabi/lib/thumb/v7e-m+fp/hard\libm.a(libm_a-wf_log10.o)
 .rodata.ln2LO  0x08039938        0x8 C:/ST/STM32CubeIDE_1.15.1/STM32CubeIDE/plugins/com.st.stm32cube.ide.mcu.externaltools.gnu-tools-for-stm32.12.3.rel1.win32_1.0.100.202403111256/tools/bin/../lib/gcc/arm-none-eabi/12.3.1/../../../../arm-none-eabi/lib/thumb/v7e-m+fp/hard\libm.a(libm_a-ef_exp.o)
 .rodata.ln2HI  0x08039940        0x8 C:/ST/STM32CubeIDE_1.15.1/STM32CubeIDE/plugins/com.st.stm32cube.ide.mcu.externaltools.gnu-tools-for-stm32.12.3.rel1.win32_1.0.100.202403111256/tools/bin/../lib/gcc/arm-none-eabi/12.3.1/../../../../arm-none-eabi/lib/thumb/v7e-m+fp/hard\libm.a(libm_a-ef_exp.o)
 .rodata.halF   0x08039948        0x8 C:/ST/STM32CubeIDE_1.15.1/STM32CubeIDE/plugins/com.st.stm32cube.ide.mcu.externaltools.gnu-tools-for-stm32.12.3.rel1.win32_1.0.100.202403111256/tools/bin/../lib/gcc/arm-none-eabi/12.3.1/../../../../arm-none-eabi/lib/thumb/v7e-m+fp/hard\libm.a(libm_a-ef_exp.o)
                0x08039950                        . = ALIGN (0x4)

.ARM.extab      0x08039950        0x0
                0x08039950                        . = ALIGN (0x4)
 *(.ARM.extab* .gnu.linkonce.armextab.*)
                0x08039950                        . = ALIGN (0x4)

.ARM            0x08039950        0x8
                0x08039950                        . = ALIGN (0x4)
                0x08039950                        __exidx_start = .
 *(.ARM.exidx*)
 .ARM.exidx     0x08039950        0x8 C:/ST/STM32CubeIDE_1.15.1/STM32CubeIDE/plugins/com.st.stm32cube.ide.mcu.externaltools.gnu-tools-for-stm32.12.3.rel1.win32_1.0.100.202403111256/tools/bin/../lib/gcc/arm-none-eabi/12.3.1/../../../../arm-none-eabi/lib/thumb/v7e-m+fp/hard\libc_nano.a(libc_a-memchr.o)
 .ARM.exidx     0x08039958        0x0 C:/ST/STM32CubeIDE_1.15.1/STM32CubeIDE/plugins/com.st.stm32cube.ide.mcu.externaltools.gnu-tools-for-stm32.12.3.rel1.win32_1.0.100.202403111256/tools/bin/../lib/gcc/arm-none-eabi/12.3.1/../../../../arm-none-eabi/lib/thumb/v7e-m+fp/hard\libc_nano.a(libc_a-strlen.o)
                                  0x8 (size before relaxing)
 .ARM.exidx     0x08039958        0x0 C:/ST/STM32CubeIDE_1.15.1/STM32CubeIDE/plugins/com.st.stm32cube.ide.mcu.externaltools.gnu-tools-for-stm32.12.3.rel1.win32_1.0.100.202403111256/tools/bin/../lib/gcc/arm-none-eabi/12.3.1/thumb/v7e-m+fp/hard\libgcc.a(_udivmoddi4.o)
                                  0x8 (size before relaxing)
                0x08039958                        __exidx_end = .
                0x08039958                        . = ALIGN (0x4)

.preinit_array  0x08039958        0x0
                0x08039958                        . = ALIGN (0x4)
                0x08039958                        PROVIDE (__preinit_array_start = .)
 *(.preinit_array*)
                0x08039958                        PROVIDE (__preinit_array_end = .)
                0x08039958                        . = ALIGN (0x4)

.init_array     0x08039958        0x4