Archive member included to satisfy reference by file (symbol)

/Users/leon/STM32CubeIDE/workspace_1.14.0/esp_cubeai_test/Drivers/CMSIS/Lib/GCC/libarm_cortexM7lfdp_math.a(arm_rfft_fast_init_f32.o)
                              ./Core/Src/audio_classification.o (arm_rfft_fast_init_f32)
/Users/leon/STM32CubeIDE/workspace_1.14.0/esp_cubeai_test/Drivers/CMSIS/Lib/GCC/libarm_cortexM7lfdp_math.a(arm_rfft_fast_f32.o)
                              ./STM32_AI_AudioPreprocessing_Library/Src/feature_extraction.o (arm_rfft_fast_f32)
/Users/leon/STM32CubeIDE/workspace_1.14.0/esp_cubeai_test/Drivers/CMSIS/Lib/GCC/libarm_cortexM7lfdp_math.a(arm_cfft_f32.o)
                              /Users/leon/STM32CubeIDE/workspace_1.14.0/esp_cubeai_test/Drivers/CMSIS/Lib/GCC/libarm_cortexM7lfdp_math.a(arm_rfft_fast_f32.o) (arm_cfft_f32)
/Users/leon/STM32CubeIDE/workspace_1.14.0/esp_cubeai_test/Drivers/CMSIS/Lib/GCC/libarm_cortexM7lfdp_math.a(arm_cmplx_mag_squared_f32.o)
                              ./STM32_AI_AudioPreprocessing_Library/Src/feature_extraction.o (arm_cmplx_mag_squared_f32)
/Users/leon/STM32CubeIDE/workspace_1.14.0/esp_cubeai_test/Drivers/CMSIS/Lib/GCC/libarm_cortexM7lfdp_math.a(arm_mult_f32.o)
                              ./STM32_AI_AudioPreprocessing_Library/Src/feature_extraction.o (arm_mult_f32)
/Users/leon/STM32CubeIDE/workspace_1.14.0/esp_cubeai_test/Drivers/CMSIS/Lib/GCC/libarm_cortexM7lfdp_math.a(arm_common_tables.o)
                              /Users/leon/STM32CubeIDE/workspace_1.14.0/esp_cubeai_test/Drivers/CMSIS/Lib/GCC/libarm_cortexM7lfdp_math.a(arm_rfft_fast_init_f32.o) (twiddleCoef_rfft_4096)
/Users/leon/STM32CubeIDE/workspace_1.14.0/esp_cubeai_test/Drivers/CMSIS/Lib/GCC/libarm_cortexM7lfdp_math.a(arm_bitreversal2.o)
                              /Users/leon/STM32CubeIDE/workspace_1.14.0/esp_cubeai_test/Drivers/CMSIS/Lib/GCC/libarm_cortexM7lfdp_math.a(arm_cfft_f32.o) (arm_bitreversal_32)
/Users/leon/STM32CubeIDE/workspace_1.14.0/esp_cubeai_test/Drivers/CMSIS/Lib/GCC/libarm_cortexM7lfdp_math.a(arm_cfft_radix8_f32.o)
                              /Users/leon/STM32CubeIDE/workspace_1.14.0/esp_cubeai_test/Drivers/CMSIS/Lib/GCC/libarm_cortexM7lfdp_math.a(arm_cfft_f32.o) (arm_radix8_butterfly_f32)
../Middlewares/ST/AI/Lib/NetworkRuntime900_CM7_GCC.a(ai_platform.o)
                              ./X-CUBE-AI/App/network_1.o (ai_buffer_array_item_set_address)
../Middlewares/ST/AI/Lib/NetworkRuntime900_CM7_GCC.a(ai_platform_interface.o)
                              ./X-CUBE-AI/App/network_1.o (ai_platform_get_weights_map)
../Middlewares/ST/AI/Lib/NetworkRuntime900_CM7_GCC.a(core_common.o)
                              ../Middlewares/ST/AI/Lib/NetworkRuntime900_CM7_GCC.a(ai_platform_interface.o) (core_init)
../Middlewares/ST/AI/Lib/NetworkRuntime900_CM7_GCC.a(core_mem_manager.o)
                              ../Middlewares/ST/AI/Lib/NetworkRuntime900_CM7_GCC.a(ai_platform_interface.o) (core_mem_alloc)
../Middlewares/ST/AI/Lib/NetworkRuntime900_CM7_GCC.a(layers.o)
                              ../Middlewares/ST/AI/Lib/NetworkRuntime900_CM7_GCC.a(ai_platform_interface.o) (ai_check_custom_types)
../Middlewares/ST/AI/Lib/NetworkRuntime900_CM7_GCC.a(layers_conv2d_generic_float.o)
                              ./X-CUBE-AI/App/network_1.o (forward_conv2d_if32of32wf32_nl_pool)
../Middlewares/ST/AI/Lib/NetworkRuntime900_CM7_GCC.a(layers_nl_generic_float.o)
                              ./X-CUBE-AI/App/network_1.o (forward_sigmoid)
../Middlewares/ST/AI/Lib/NetworkRuntime900_CM7_GCC.a(layers_conv2d_integer_scratch.o)
                              ../Middlewares/ST/AI/Lib/NetworkRuntime900_CM7_GCC.a(layers.o) (get_conv2d_scratch_size)
../Middlewares/ST/AI/Lib/NetworkRuntime900_CM7_GCC.a(forward_lite_conv2d_if32of32wf32.o)
                              ../Middlewares/ST/AI/Lib/NetworkRuntime900_CM7_GCC.a(layers_conv2d_generic_float.o) (forward_lite_conv2d_if32of32wf32)
../Middlewares/ST/AI/Lib/NetworkRuntime900_CM7_GCC.a(lite_nl_softmax_if32of32.o)
                              ../Middlewares/ST/AI/Lib/NetworkRuntime900_CM7_GCC.a(layers_nl_generic_float.o) (forward_lite_nl_softmax_if32of32_kernel)
../Middlewares/ST/AI/Lib/NetworkRuntime900_CM7_GCC.a(lite_nl_relu_if32of32.o)
                              ../Middlewares/ST/AI/Lib/NetworkRuntime900_CM7_GCC.a(layers_nl_generic_float.o) (forward_lite_nl_prelu_if32of32_kernel)
../Middlewares/ST/AI/Lib/NetworkRuntime900_CM7_GCC.a(forward_lite_pool_f32.o)
                              ./X-CUBE-AI/App/network_1.o (pool_func_mp_array_f32)
../Middlewares/ST/AI/Lib/NetworkRuntime900_CM7_GCC.a(lite_dense_if32.o)
                              ../Middlewares/ST/AI/Lib/NetworkRuntime900_CM7_GCC.a(layers_conv2d_generic_float.o) (forward_lite_dense_if32of32wf32)
../Middlewares/ST/AI/Lib/NetworkRuntime900_CM7_GCC.a(lite_nl_generic_float.o)
                              ./X-CUBE-AI/App/network_1.o (forward_lite_nl_relu_if32of32)
[...]
Memory Configuration

Name             Origin             Length             Attributes
RAM              0x20000000         0x00040000         xrw
FLASH            0x08000000         0x00080000         xr
*default*        0x00000000         0xffffffff

Linker script and memory map

LOAD /Applications/STM32CubeIDE.app/Contents/Eclipse/plugins/com.st.stm32cube.ide.mcu.externaltools.gnu-tools-for-stm32.12.3.rel1.macos64_1.0.100.202403111906/tools/bin/../lib/gcc/arm-none-eabi/12.3.1/thumb/v7e-m+fp/hard/crti.o
LOAD /Applications/STM32CubeIDE.app/Contents/Eclipse/plugins/com.st.stm32cube.ide.mcu.externaltools.gnu-tools-for-stm32.12.3.rel1.macos64_1.0.100.202403111906/tools/bin/../lib/gcc/arm-none-eabi/12.3.1/thumb/v7e-m+fp/hard/crtbegin.o
LOAD /Applications/STM32CubeIDE.app/Contents/Eclipse/plugins/com.st.stm32cube.ide.mcu.externaltools.gnu-tools-for-stm32.12.3.rel1.macos64_1.0.100.202403111906/tools/bin/../lib/gcc/arm-none-eabi/12.3.1/../../../../arm-none-eabi/lib/thumb/v7e-m+fp/hard/crt0.o
LOAD ./Core/Src/audio_classification.o
LOAD ./Core/Src/featurescaler.o
LOAD ./Core/Src/main.o
LOAD ./Core/Src/stm32f7xx_hal_msp.o
LOAD ./Core/Src/stm32f7xx_it.o
LOAD ./Core/Src/sysmem.o
LOAD ./Core/Src/system_stm32f7xx.o
LOAD ./Core/Src/test_audio_data.o
LOAD ./Core/Src/utils.o
LOAD ./Core/Startup/startup_stm32f722zetx.o
LOAD ./Drivers/STM32F7xx_HAL_Driver/Src/stm32f7xx_hal.o
LOAD ./Drivers/STM32F7xx_HAL_Driver/Src/stm32f7xx_hal_cortex.o
LOAD ./Drivers/STM32F7xx_HAL_Driver/Src/stm32f7xx_hal_crc.o
LOAD ./Drivers/STM32F7xx_HAL_Driver/Src/stm32f7xx_hal_crc_ex.o
LOAD ./Drivers/STM32F7xx_HAL_Driver/Src/stm32f7xx_hal_dma.o
LOAD ./Drivers/STM32F7xx_HAL_Driver/Src/stm32f7xx_hal_dma_ex.o
LOAD ./Drivers/STM32F7xx_HAL_Driver/Src/stm32f7xx_hal_exti.o
LOAD ./Drivers/STM32F7xx_HAL_Driver/Src/stm32f7xx_hal_flash.o
LOAD ./Drivers/STM32F7xx_HAL_Driver/Src/stm32f7xx_hal_flash_ex.o
LOAD ./Drivers/STM32F7xx_HAL_Driver/Src/stm32f7xx_hal_gpio.o
LOAD ./Drivers/STM32F7xx_HAL_Driver/Src/stm32f7xx_hal_i2c.o
LOAD ./Drivers/STM32F7xx_HAL_Driver/Src/stm32f7xx_hal_i2c_ex.o
LOAD ./Drivers/STM32F7xx_HAL_Driver/Src/stm32f7xx_hal_pcd.o
LOAD ./Drivers/STM32F7xx_HAL_Driver/Src/stm32f7xx_hal_pcd_ex.o
LOAD ./Drivers/STM32F7xx_HAL_Driver/Src/stm32f7xx_hal_pwr.o
LOAD ./Drivers/STM32F7xx_HAL_Driver/Src/stm32f7xx_hal_pwr_ex.o
LOAD ./Drivers/STM32F7xx_HAL_Driver/Src/stm32f7xx_hal_rcc.o
LOAD ./Drivers/STM32F7xx_HAL_Driver/Src/stm32f7xx_hal_rcc_ex.o
LOAD ./Drivers/STM32F7xx_HAL_Driver/Src/stm32f7xx_hal_tim.o
LOAD ./Drivers/STM32F7xx_HAL_Driver/Src/stm32f7xx_hal_tim_ex.o
LOAD ./Drivers/STM32F7xx_HAL_Driver/Src/stm32f7xx_hal_uart.o
LOAD ./Drivers/STM32F7xx_HAL_Driver/Src/stm32f7xx_hal_uart_ex.o
LOAD ./Drivers/STM32F7xx_HAL_Driver/Src/stm32f7xx_ll_usb.o
LOAD ./STM32_AI_AudioPreprocessing_Library/Src/common_tables.o
LOAD ./STM32_AI_AudioPreprocessing_Library/Src/dct.o
LOAD ./STM32_AI_AudioPreprocessing_Library/Src/feature_extraction.o
LOAD ./STM32_AI_AudioPreprocessing_Library/Src/mel_filterbank.o
LOAD ./STM32_AI_AudioPreprocessing_Library/Src/window.o
LOAD ./X-CUBE-AI/App/network_1.o
LOAD ./X-CUBE-AI/App/network_1_data.o
LOAD ./X-CUBE-AI/App/network_1_data_params.o
LOAD /Users/leon/STM32CubeIDE/workspace_1.14.0/esp_cubeai_test/Drivers/CMSIS/Lib/GCC/libarm_cortexM7lfdp_math.a
LOAD ../Middlewares/ST/AI/Lib/NetworkRuntime900_CM7_GCC.a
START GROUP
LOAD /Applications/STM32CubeIDE.app/Contents/Eclipse/plugins/com.st.stm32cube.ide.mcu.externaltools.gnu-tools-for-stm32.12.3.rel1.macos64_1.0.100.202403111906/tools/bin/../lib/gcc/arm-none-eabi/12.3.1/../../../../arm-none-eabi/lib/thumb/v7e-m+fp/hard/libc_nano.a
LOAD /Applications/STM32CubeIDE.app/Contents/Eclipse/plugins/com.st.stm32cube.ide.mcu.externaltools.gnu-tools-for-stm32.12.3.rel1.macos64_1.0.100.202403111906/tools/bin/../lib/gcc/arm-none-eabi/12.3.1/../../../../arm-none-eabi/lib/thumb/v7e-m+fp/hard/libm.a
END GROUP
START GROUP
LOAD /Applications/STM32CubeIDE.app/Contents/Eclipse/plugins/com.st.stm32cube.ide.mcu.externaltools.gnu-tools-for-stm32.12.3.rel1.macos64_1.0.100.202403111906/tools/bin/../lib/gcc/arm-none-eabi/12.3.1/thumb/v7e-m+fp/hard/libgcc.a
LOAD /Applications/STM32CubeIDE.app/Contents/Eclipse/plugins/com.st.stm32cube.ide.mcu.externaltools.gnu-tools-for-stm32.12.3.rel1.macos64_1.0.100.202403111906/tools/bin/../lib/gcc/arm-none-eabi/12.3.1/../../../../arm-none-eabi/lib/thumb/v7e-m+fp/hard/libc_nano.a
END GROUP
START GROUP
LOAD /Applications/STM32CubeIDE.app/Contents/Eclipse/plugins/com.st.stm32cube.ide.mcu.externaltools.gnu-tools-for-stm32.12.3.rel1.macos64_1.0.100.202403111906/tools/bin/../lib/gcc/arm-none-eabi/12.3.1/thumb/v7e-m+fp/hard/libgcc.a
LOAD /Applications/STM32CubeIDE.app/Contents/Eclipse/plugins/com.st.stm32cube.ide.mcu.externaltools.gnu-tools-for-stm32.12.3.rel1.macos64_1.0.100.202403111906/tools/bin/../lib/gcc/arm-none-eabi/12.3.1/../../../../arm-none-eabi/lib/thumb/v7e-m+fp/hard/libc_nano.a
LOAD /Applications/STM32CubeIDE.app/Contents/Eclipse/plugins/com.st.stm32cube.ide.mcu.externaltools.gnu-tools-for-stm32.12.3.rel1.macos64_1.0.100.202403111906/tools/bin/../lib/gcc/arm-none-eabi/12.3.1/../../../../arm-none-eabi/lib/thumb/v7e-m+fp/hard/libnosys.a
END GROUP
START GROUP
LOAD /Applications/STM32CubeIDE.app/Contents/Eclipse/plugins/com.st.stm32cube.ide.mcu.externaltools.gnu-tools-for-stm32.12.3.rel1.macos64_1.0.100.202403111906/tools/bin/../lib/gcc/arm-none-eabi/12.3.1/thumb/v7e-m+fp/hard/libgcc.a
LOAD /Applications/STM32CubeIDE.app/Contents/Eclipse/plugins/com.st.stm32cube.ide.mcu.externaltools.gnu-tools-for-stm32.12.3.rel1.macos64_1.0.100.202403111906/tools/bin/../lib/gcc/arm-none-eabi/12.3.1/../../../../arm-none-eabi/lib/thumb/v7e-m+fp/hard/libc_nano.a
LOAD /Applications/STM32CubeIDE.app/Contents/Eclipse/plugins/com.st.stm32cube.ide.mcu.externaltools.gnu-tools-for-stm32.12.3.rel1.macos64_1.0.100.202403111906/tools/bin/../lib/gcc/arm-none-eabi/12.3.1/../../../../arm-none-eabi/lib/thumb/v7e-m+fp/hard/libnosys.a
END GROUP
LOAD /Applications/STM32CubeIDE.app/Contents/Eclipse/plugins/com.st.stm32cube.ide.mcu.externaltools.gnu-tools-for-stm32.12.3.rel1.macos64_1.0.100.202403111906/tools/bin/../lib/gcc/arm-none-eabi/12.3.1/thumb/v7e-m+fp/hard/crtend.o
LOAD /Applications/STM32CubeIDE.app/Contents/Eclipse/plugins/com.st.stm32cube.ide.mcu.externaltools.gnu-tools-for-stm32.12.3.rel1.macos64_1.0.100.202403111906/tools/bin/../lib/gcc/arm-none-eabi/12.3.1/thumb/v7e-m+fp/hard/crtn.o
                0x20040000                        _estack = (ORIGIN (RAM) + LENGTH (RAM))
                0x00000800                        _Min_Heap_Size = 0x800
                0x00000800                        _Min_Stack_Size = 0x800

.isr_vector     0x08000000      0x1e0
                0x08000000                        . = ALIGN (0x4)
 *(.isr_vector)
 .isr_vector    0x08000000      0x1e0 ./Core/Startup/startup_stm32f722zetx.o
                0x08000000                g_pfnVectors
                0x080001e0                        . = ALIGN (0x4)

.text           0x080001e0     0xbda8
                0x080001e0                        . = ALIGN (0x4)
 *(.text)
 .text          0x080001e0       0x40 /Applications/STM32CubeIDE.app/Contents/Eclipse/plugins/com.st.stm32cube.ide.mcu.externaltools.gnu-tools-for-stm32.12.3.rel1.macos64_1.0.100.202403111906/tools/bin/../lib/gcc/arm-none-eabi/12.3.1/thumb/v7e-m+fp/hard/crtbegin.o
 .text          0x08000220       0xc0 /Users/leon/STM32CubeIDE/workspace_1.14.0/esp_cubeai_test/Drivers/CMSIS/Lib/GCC/libarm_cortexM7lfdp_math.a(arm_bitreversal2.o)
                0x08000220                arm_bitreversal_32
                0x0800028a                arm_bitreversal_16
 .text          0x080002e0       0xa0 /Applications/STM32CubeIDE.app/Contents/Eclipse/plugins/com.st.stm32cube.ide.mcu.externaltools.gnu-tools-for-stm32.12.3.rel1.macos64_1.0.100.202403111906/tools/bin/../lib/gcc/arm-none-eabi/12.3.1/../../../../arm-none-eabi/lib/thumb/v7e-m+fp/hard/libc_nano.a(libc_a-memchr.o)
                0x080002e0                memchr
 .text          0x08000380       0x10 /Applications/STM32CubeIDE.app/Contents/Eclipse/plugins/com.st.stm32cube.ide.mcu.externaltools.gnu-tools-for-stm32.12.3.rel1.macos64_1.0.100.202403111906/tools/bin/../lib/gcc/arm-none-eabi/12.3.1/../../../../arm-none-eabi/lib/thumb/v7e-m+fp/hard/libc_nano.a(libc_a-strlen.o)
                0x08000380                strlen
 .text          0x08000390      0x378 /Applications/STM32CubeIDE.app/Contents/Eclipse/plugins/com.st.stm32cube.ide.mcu.externaltools.gnu-tools-for-stm32.12.3.rel1.macos64_1.0.100.202403111906/tools/bin/../lib/gcc/arm-none-eabi/12.3.1/thumb/v7e-m+fp/hard/libgcc.a(_arm_addsubdf3.o)
                0x08000390                __aeabi_drsub
                0x08000398                __subdf3
                0x08000398                __aeabi_dsub
                0x0800039c                __aeabi_dadd
                0x0800039c                __adddf3
                0x08000614                __aeabi_ui2d
                0x08000614                __floatunsidf
                0x08000634                __floatsidf
                0x08000634                __aeabi_i2d
                0x08000658                __extendsfdf2
                0x08000658                __aeabi_f2d
                0x0800069c                __aeabi_ul2d
                0x0800069c                __floatundidf
                0x080006ac                __aeabi_l2d
                0x080006ac                __floatdidf
 .text          0x08000708      0x424 /Applications/STM32CubeIDE.app/Contents/Eclipse/plugins/com.st.stm32cube.ide.mcu.externaltools.gnu-tools-for-stm32.12.3.rel1.macos64_1.0.100.202403111906/tools/bin/../lib/gcc/arm-none-eabi/12.3.1/thumb/v7e-m+fp/hard/libgcc.a(_arm_muldivdf3.o)
                0x08000708                __aeabi_dmul
                0x08000708                __muldf3
                0x0800095c                __aeabi_ddiv
                0x0800095c                __divdf3
 .text          0x08000b2c      0x110 /Applications/STM32CubeIDE.app/Contents/Eclipse/plugins/com.st.stm32cube.ide.mcu.externaltools.gnu-tools-for-stm32.12.3.rel1.macos64_1.0.100.202403111906/tools/bin/../lib/gcc/arm-none-eabi/12.3.1/thumb/v7e-m+fp/hard/libgcc.a(_arm_cmpdf2.o)
                0x08000b2c                __gedf2
                0x08000b2c                __gtdf2
                0x08000b34                __ledf2
                0x08000b34                __ltdf2
                0x08000b3c                __cmpdf2
                0x08000b3c                __eqdf2
                0x08000b3c                __nedf2
                0x08000bb8                __aeabi_cdrcmple
                0x08000bc8                __aeabi_cdcmple
                0x08000bc8                __aeabi_cdcmpeq
                0x08000bd8                __aeabi_dcmpeq
                0x08000bec                __aeabi_dcmplt
                0x08000c00                __aeabi_dcmple
                0x08000c14                __aeabi_dcmpge
                0x08000c28                __aeabi_dcmpgt
 .text          0x08000c3c       0x2c /Applications/STM32CubeIDE.app/Contents/Eclipse/plugins/com.st.stm32cube.ide.mcu.externaltools.gnu-tools-for-stm32.12.3.rel1.macos64_1.0.100.202403111906/tools/bin/../lib/gcc/arm-none-eabi/12.3.1/thumb/v7e-m+fp/hard/libgcc.a(_arm_unorddf2.o)
                0x08000c3c                __aeabi_dcmpun
                0x08000c3c                __unorddf2
 .text          0x08000c68       0x50 /Applications/STM32CubeIDE.app/Contents/Eclipse/plugins/com.st.stm32cube.ide.mcu.externaltools.gnu-tools-for-stm32.12.3.rel1.macos64_1.0.100.202403111906/tools/bin/../lib/gcc/arm-none-eabi/12.3.1/thumb/v7e-m+fp/hard/libgcc.a(_arm_fixdfsi.o)
                0x08000c68                __fixdfsi
                0x08000c68                __aeabi_d2iz
 .text          0x08000cb8       0x30 /Applications/STM32CubeIDE.app/Contents/Eclipse/plugins/com.st.stm32cube.ide.mcu.externaltools.gnu-tools-for-stm32.12.3.rel1.macos64_1.0.100.202403111906/tools/bin/../lib/gcc/arm-none-eabi/12.3.1/thumb/v7e-m+fp/hard/libgcc.a(_aeabi_uldivmod.o)
                0x08000cb8                __aeabi_uldivmod
 .text          0x08000ce8      0x2bc /Applications/STM32CubeIDE.app/Contents/Eclipse/plugins/com.st.stm32cube.ide.mcu.externaltools.gnu-tools-for-stm32.12.3.rel1.macos64_1.0.100.202403111906/tools/bin/../lib/gcc/arm-none-eabi/12.3.1/thumb/v7e-m+fp/hard/libgcc.a(_udivmoddi4.o)
                0x08000ce8                __udivmoddi4
 .text          0x08000fa4        0x4 /Applications/STM32CubeIDE.app/Contents/Eclipse/plugins/com.st.stm32cube.ide.mcu.externaltools.gnu-tools-for-stm32.12.3.rel1.macos64_1.0.100.202403111906/tools/bin/../lib/gcc/arm-none-eabi/12.3.1/thumb/v7e-m+fp/hard/libgcc.a(_dvmd_tls.o)
                0x08000fa4                __aeabi_ldiv0
                0x08000fa4                __aeabi_idiv0
 *(.text*)
 .text.init_nn  0x08000fa8       0x7c ./Core/Src/audio_classification.o
                0x08000fa8                init_nn
 .text.run_nn_classification
                0x08001024       0xd8 ./Core/Src/audio_classification.o
                0x08001024                run_nn_classification
 .text.Preprocessing_Init
                0x080010fc       0x8c ./Core/Src/audio_classification.o
                0x080010fc                Preprocessing_Init
 .text.frame_subsamples
                0x08001188       0x84 ./Core/Src/audio_classification.o
                0x08001188                frame_subsamples
 .text.preprocess_frame
                0x0800120c       0x94 ./Core/Src/audio_classification.o
                0x0800120c                preprocess_frame
 .text.process_subsample
                0x080012a0       0x88 ./Core/Src/audio_classification.o
                0x080012a0                process_subsample
 .text.PowerToDb
                0x08001328      0x128 ./Core/Src/audio_classification.o
                0x08001328                PowerToDb
 .text.SCB_EnableICache
                0x08001450       0x4c ./Core/Src/main.o
 .text.SCB_EnableDCache
                0x0800149c       0x88 ./Core/Src/main.o
 .text.main     0x08001524       0xd0 ./Core/Src/main.o
                0x08001524                main
 .text.SystemClock_Config
                0x080015f4       0xdc ./Core/Src/main.o
                0x080015f4                SystemClock_Config
 .text.MX_CRC_Init
                0x080016d0       0x44 ./Core/Src/main.o
 .text.MX_TIM2_Init
                0x08001714       0x9c ./Core/Src/main.o
 .text.MX_TIM3_Init
                0x080017b0       0x9c ./Core/Src/main.o
 .text.MX_USART3_UART_Init
                0x0800184c       0x60 ./Core/Src/main.o
 .text.MX_USB_OTG_FS_PCD_Init
                0x080018ac       0x60 ./Core/Src/main.o
 .text.MX_GPIO_Init
                0x0800190c      0x144 ./Core/Src/main.o
 .text.Error_Handler
                0x08001a50        0xc ./Core/Src/main.o
                0x08001a50                Error_Handler
 .text.HAL_MspInit
                0x08001a5c       0x48 ./Core/Src/stm32f7xx_hal_msp.o
                0x08001a5c                HAL_MspInit
 .text.HAL_CRC_MspInit
                0x08001aa4       0x40 ./Core/Src/stm32f7xx_hal_msp.o
                0x08001aa4                HAL_CRC_MspInit
 .text.HAL_TIM_Base_MspInit
                0x08001ae4       0x64 ./Core/Src/stm32f7xx_hal_msp.o
                0x08001ae4                HAL_TIM_Base_MspInit
 .text.HAL_UART_MspInit
                0x08001b48       0xc0 ./Core/Src/stm32f7xx_hal_msp.o
                0x08001b48                HAL_UART_MspInit
 .text.HAL_PCD_MspInit
                0x08001c08       0xf4 ./Core/Src/stm32f7xx_hal_msp.o
                0x08001c08                HAL_PCD_MspInit
 .text.NMI_Handler
                0x08001cfc        0x8 ./Core/Src/stm32f7xx_it.o
                0x08001cfc                NMI_Handler
 .text.HardFault_Handler
                0x08001d04        0x8 ./Core/Src/stm32f7xx_it.o
                0x08001d04                HardFault_Handler
 .text.MemManage_Handler
                0x08001d0c        0x8 ./Core/Src/stm32f7xx_it.o
                0x08001d0c                MemManage_Handler
 .text.BusFault_Handler
                0x08001d14        0x8 ./Core/Src/stm32f7xx_it.o
                0x08001d14                BusFault_Handler
 .text.UsageFault_Handler
                0x08001d1c        0x8 ./Core/Src/stm32f7xx_it.o
                0x08001d1c                UsageFault_Handler
 .text.SVC_Handler
                0x08001d24        0xe ./Core/Src/stm32f7xx_it.o
                0x08001d24                SVC_Handler
 .text.DebugMon_Handler
                0x08001d32        0xe ./Core/Src/stm32f7xx_it.o
                0x08001d32                DebugMon_Handler
 .text.PendSV_Handler
                0x08001d40        0xe ./Core/Src/stm32f7xx_it.o
                0x08001d40                PendSV_Handler
 .text.SysTick_Handler
                0x08001d4e        0xc ./Core/Src/stm32f7xx_it.o
                0x08001d4e                SysTick_Handler
 *fill*         0x08001d5a        0x2 
 .text._sbrk    0x08001d5c       0x6c ./Core/Src/sysmem.o
                0x08001d5c                _sbrk
 .text.SystemInit
                0x08001dc8       0x24 ./Core/Src/system_stm32f7xx.o
                0x08001dc8                SystemInit
 .text.EnableDWT
                0x08001dec       0x54 ./Core/Src/utils.o
                0x08001dec                EnableDWT
 .text.StartCycleMeasurement
                0x08001e40       0x20 ./Core/Src/utils.o
                0x08001e40                StartCycleMeasurement
 .text.StopCycleMeasurement
                0x08001e60       0x20 ./Core/Src/utils.o
                0x08001e60                StopCycleMeasurement
 .text.GetMeasuredCycles
                0x08001e80       0x20 ./Core/Src/utils.o
                0x08001e80                GetMeasuredCycles
 .text.CyclesToMilliseconds
                0x08001ea0       0x2c ./Core/Src/utils.o
                0x08001ea0                CyclesToMilliseconds
 .text.Reset_Handler
                0x08001ecc       0x50 ./Core/Startup/startup_stm32f722zetx.o
                0x08001ecc                Reset_Handler
 .text.Default_Handler
                0x08001f1c        0x2 ./Core/Startup/startup_stm32f722zetx.o
                0x08001f1c                DMA1_Stream3_IRQHandler
                0x08001f1c                EXTI2_IRQHandler
                0x08001f1c                TIM8_CC_IRQHandler
                0x08001f1c                UART8_IRQHandler
                0x08001f1c                SPI4_IRQHandler
                0x08001f1c                TIM1_CC_IRQHandler
                0x08001f1c                DMA2_Stream5_IRQHandler
                0x08001f1c                DMA1_Stream5_IRQHandler
                0x08001f1c                PVD_IRQHandler
                0x08001f1c                TAMP_STAMP_IRQHandler
                0x08001f1c                EXTI3_IRQHandler
                0x08001f1c                TIM8_TRG_COM_TIM14_IRQHandler
                0x08001f1c                TIM1_UP_TIM10_IRQHandler
                0x08001f1c                TIM8_UP_TIM13_IRQHandler
                0x08001f1c                I2C3_ER_IRQHandler
                0x08001f1c                EXTI0_IRQHandler
                0x08001f1c                I2C2_EV_IRQHandler
                0x08001f1c                DMA1_Stream2_IRQHandler
                0x08001f1c                CAN1_RX0_IRQHandler
                0x08001f1c                FPU_IRQHandler
                0x08001f1c                OTG_HS_WKUP_IRQHandler
                0x08001f1c                DMA2_Stream2_IRQHandler
                0x08001f1c                SPI1_IRQHandler
                0x08001f1c                TIM6_DAC_IRQHandler
                0x08001f1c                TIM1_BRK_TIM9_IRQHandler
                0x08001f1c                DMA2_Stream3_IRQHandler
                0x08001f1c                SAI2_IRQHandler
                0x08001f1c                USART6_IRQHandler
                0x08001f1c                USART3_IRQHandler
                0x08001f1c                CAN1_RX1_IRQHandler
                0x08001f1c                UART5_IRQHandler
                0x08001f1c                DMA2_Stream0_IRQHandler
                0x08001f1c                TIM4_IRQHandler
                0x08001f1c                QUADSPI_IRQHandler
                0x08001f1c                I2C1_EV_IRQHandler
                0x08001f1c                DMA1_Stream6_IRQHandler
                0x08001f1c                DMA1_Stream1_IRQHandler
                0x08001f1c                UART4_IRQHandler
                0x08001f1c                TIM3_IRQHandler
                0x08001f1c                RCC_IRQHandler
                0x08001f1c                TIM8_BRK_TIM12_IRQHandler
                0x08001f1c                Default_Handler
                0x08001f1c                EXTI15_10_IRQHandler
                0x08001f1c                ADC_IRQHandler
                0x08001f1c                DMA1_Stream7_IRQHandler
                0x08001f1c                SPI5_IRQHandler
                0x08001f1c                TIM7_IRQHandler
                0x08001f1c                SDMMC1_IRQHandler
                0x08001f1c                TIM5_IRQHandler
                0x08001f1c                DMA2_Stream7_IRQHandler
                0x08001f1c                I2C3_EV_IRQHandler
                0x08001f1c                EXTI9_5_IRQHandler
                0x08001f1c                RTC_WKUP_IRQHandler
                0x08001f1c                SPI2_IRQHandler
                0x08001f1c                OTG_HS_EP1_IN_IRQHandler
                0x08001f1c                DMA1_Stream0_IRQHandler
                0x08001f1c                CAN1_TX_IRQHandler
                0x08001f1c                EXTI4_IRQHandler
                0x08001f1c                RNG_IRQHandler
                0x08001f1c                OTG_HS_EP1_OUT_IRQHandler
                0x08001f1c                WWDG_IRQHandler
                0x08001f1c                TIM2_IRQHandler
                0x08001f1c                OTG_FS_WKUP_IRQHandler
                0x08001f1c                TIM1_TRG_COM_TIM11_IRQHandler
                0x08001f1c                OTG_HS_IRQHandler
                0x08001f1c                EXTI1_IRQHandler
                0x08001f1c                SDMMC2_IRQHandler
                0x08001f1c                UART7_IRQHandler
                0x08001f1c                USART2_IRQHandler
                0x08001f1c                I2C2_ER_IRQHandler
                0x08001f1c                DMA2_Stream1_IRQHandler
                0x08001f1c                CAN1_SCE_IRQHandler
                0x08001f1c                FLASH_IRQHandler
                0x08001f1c                DMA2_Stream4_IRQHandler
                0x08001f1c                USART1_IRQHandler
                0x08001f1c                OTG_FS_IRQHandler
                0x08001f1c                SPI3_IRQHandler
                0x08001f1c                DMA1_Stream4_IRQHandler
                0x08001f1c                I2C1_ER_IRQHandler
                0x08001f1c                FMC_IRQHandler
                0x08001f1c                LPTIM1_IRQHandler
                0x08001f1c                DMA2_Stream6_IRQHandler
                0x08001f1c                SAI1_IRQHandler
                0x08001f1c                RTC_Alarm_IRQHandler
 .text.HAL_Init
                0x08001f1e       0x1a ./Drivers/STM32F7xx_HAL_Driver/Src/stm32f7xx_hal.o
                0x08001f1e                HAL_Init
 .text.HAL_InitTick
                0x08001f38       0x60 ./Drivers/STM32F7xx_HAL_Driver/Src/stm32f7xx_hal.o
                0x08001f38                HAL_InitTick
 .text.HAL_IncTick
                0x08001f98       0x28 ./Drivers/STM32F7xx_HAL_Driver/Src/stm32f7xx_hal.o
                0x08001f98                HAL_IncTick
 .text.HAL_GetTick
                0x08001fc0       0x18 ./Drivers/STM32F7xx_HAL_Driver/Src/stm32f7xx_hal.o
                0x08001fc0                HAL_GetTick
 .text.HAL_Delay
                0x08001fd8       0x48 ./Drivers/STM32F7xx_HAL_Driver/Src/stm32f7xx_hal.o
                0x08001fd8                HAL_Delay
 .text.__NVIC_SetPriorityGrouping
                0x08002020       0x48 ./Drivers/STM32F7xx_HAL_Driver/Src/stm32f7xx_hal_cortex.o
 .text.__NVIC_GetPriorityGrouping
                0x08002068       0x1c ./Drivers/STM32F7xx_HAL_Driver/Src/stm32f7xx_hal_cortex.o
 .text.__NVIC_SetPriority
                0x08002084       0x54 ./Drivers/STM32F7xx_HAL_Driver/Src/stm32f7xx_hal_cortex.o
 .text.NVIC_EncodePriority
                0x080020d8       0x66 ./Drivers/STM32F7xx_HAL_Driver/Src/stm32f7xx_hal_cortex.o
 *fill*         0x0800213e        0x2 
 .text.SysTick_Config
                0x08002140       0x44 ./Drivers/STM32F7xx_HAL_Driver/Src/stm32f7xx_hal_cortex.o
 .text.HAL_NVIC_SetPriorityGrouping
                0x08002184       0x16 ./Drivers/STM32F7xx_HAL_Driver/Src/stm32f7xx_hal_cortex.o
                0x08002184                HAL_NVIC_SetPriorityGrouping
 .text.HAL_NVIC_SetPriority
                0x0800219a       0x38 ./Drivers/STM32F7xx_HAL_Driver/Src/stm32f7xx_hal_cortex.o
                0x0800219a                HAL_NVIC_SetPriority
 .text.HAL_SYSTICK_Config
                0x080021d2       0x18 ./Drivers/STM32F7xx_HAL_Driver/Src/stm32f7xx_hal_cortex.o
                0x080021d2                HAL_SYSTICK_Config
 *fill*         0x080021ea        0x2 
 .text.HAL_CRC_Init
                0x080021ec       0xc8 ./Drivers/STM32F7xx_HAL_Driver/Src/stm32f7xx_hal_crc.o
                0x080021ec                HAL_CRC_Init
 .text.HAL_CRCEx_Polynomial_Set
                0x080022b4      0x10c ./Drivers/STM32F7xx_HAL_Driver/Src/stm32f7xx_hal_crc_ex.o
                0x080022b4                HAL_CRCEx_Polynomial_Set
 .text.HAL_GPIO_Init
                0x080023c0      0x338 ./Drivers/STM32F7xx_HAL_Driver/Src/stm32f7xx_hal_gpio.o
                0x080023c0                HAL_GPIO_Init
 .text.HAL_GPIO_WritePin
                0x080026f8       0x32 ./Drivers/STM32F7xx_HAL_Driver/Src/stm32f7xx_hal_gpio.o
                0x080026f8                HAL_GPIO_WritePin
 .text.HAL_PCD_Init
                0x0800272a      0x248 ./Drivers/STM32F7xx_HAL_Driver/Src/stm32f7xx_hal_pcd.o
                0x0800272a                HAL_PCD_Init
 *fill*         0x08002972        0x2 
 .text.HAL_PCDEx_ActivateLPM
                0x08002974       0x48 ./Drivers/STM32F7xx_HAL_Driver/Src/stm32f7xx_hal_pcd_ex.o
                0x08002974                HAL_PCDEx_ActivateLPM
 .text.HAL_PWR_EnableBkUpAccess
                0x080029bc       0x20 ./Drivers/STM32F7xx_HAL_Driver/Src/stm32f7xx_hal_pwr.o
                0x080029bc                HAL_PWR_EnableBkUpAccess
 .text.HAL_PWREx_EnableOverDrive
                0x080029dc       0xa0 ./Drivers/STM32F7xx_HAL_Driver/Src/stm32f7xx_hal_pwr_ex.o
                0x080029dc                HAL_PWREx_EnableOverDrive
 .text.HAL_RCC_OscConfig
                0x08002a7c      0x548 ./Drivers/STM32F7xx_HAL_Driver/Src/stm32f7xx_hal_rcc.o
                0x08002a7c                HAL_RCC_OscConfig
 .text.HAL_RCC_ClockConfig
                0x08002fc4      0x1d8 ./Drivers/STM32F7xx_HAL_Driver/Src/stm32f7xx_hal_rcc.o
                0x08002fc4                HAL_RCC_ClockConfig
 .text.HAL_RCC_GetSysClockFreq
                0x0800319c      0x20c ./Drivers/STM32F7xx_HAL_Driver/Src/stm32f7xx_hal_rcc.o
                0x0800319c                HAL_RCC_GetSysClockFreq
 .text.HAL_RCC_GetHCLKFreq
                0x080033a8       0x18 ./Drivers/STM32F7xx_HAL_Driver/Src/stm32f7xx_hal_rcc.o
                0x080033a8                HAL_RCC_GetHCLKFreq
 .text.HAL_RCC_GetPCLK1Freq
                0x080033c0       0x28 ./Drivers/STM32F7xx_HAL_Driver/Src/stm32f7xx_hal_rcc.o
                0x080033c0                HAL_RCC_GetPCLK1Freq
 .text.HAL_RCC_GetPCLK2Freq
                0x080033e8       0x28 ./Drivers/STM32F7xx_HAL_Driver/Src/stm32f7xx_hal_rcc.o
                0x080033e8                HAL_RCC_GetPCLK2Freq
 .text.HAL_RCCEx_PeriphCLKConfig
                0x08003410      0x694 ./Drivers/STM32F7xx_HAL_Driver/Src/stm32f7xx_hal_rcc_ex.o
                0x08003410                HAL_RCCEx_PeriphCLKConfig
 .text.HAL_TIM_Base_Init
                0x08003aa4       0xae ./Drivers/STM32F7xx_HAL_Driver/Src/stm32f7xx_hal_tim.o
                0x08003aa4                HAL_TIM_Base_Init
 *fill*         0x08003b52        0x2 
 .text.HAL_TIM_ConfigClockSource
                0x08003b54      0x194 ./Drivers/STM32F7xx_HAL_Driver/Src/stm32f7xx_hal_tim.o
                0x08003b54                HAL_TIM_ConfigClockSource
 .text.TIM_Base_SetConfig
                0x08003ce8      0x140 ./Drivers/STM32F7xx_HAL_Driver/Src/stm32f7xx_hal_tim.o
                0x08003ce8                TIM_Base_SetConfig
 .text.TIM_TI1_ConfigInputStage
                0x08003e28       0x5e ./Drivers/STM32F7xx_HAL_Driver/Src/stm32f7xx_hal_tim.o
 .text.TIM_TI2_ConfigInputStage
                0x08003e86       0x60 ./Drivers/STM32F7xx_HAL_Driver/Src/stm32f7xx_hal_tim.o
 .text.TIM_ITRx_SetConfig
                0x08003ee6       0x36 ./Drivers/STM32F7xx_HAL_Driver/Src/stm32f7xx_hal_tim.o
 .text.TIM_ETR_SetConfig
                0x08003f1c       0x40 ./Drivers/STM32F7xx_HAL_Driver/Src/stm32f7xx_hal_tim.o
                0x08003f1c                TIM_ETR_SetConfig
 .text.HAL_TIMEx_MasterConfigSynchronization
                0x08003f5c      0x11c ./Drivers/STM32F7xx_HAL_Driver/Src/stm32f7xx_hal_tim_ex.o
                0x08003f5c                HAL_TIMEx_MasterConfigSynchronization
 .text.HAL_UART_Init
                0x08004078       0x9c ./Drivers/STM32F7xx_HAL_Driver/Src/stm32f7xx_hal_uart.o
                0x08004078                HAL_UART_Init
 .text.UART_SetConfig
                0x08004114      0x4c8 ./Drivers/STM32F7xx_HAL_Driver/Src/stm32f7xx_hal_uart.o
                0x08004114                UART_SetConfig
 .text.UART_AdvFeatureConfig
                0x080045dc      0x144 ./Drivers/STM32F7xx_HAL_Driver/Src/stm32f7xx_hal_uart.o
                0x080045dc                UART_AdvFeatureConfig
 .text.UART_CheckIdleState
                0x08004720       0x6e ./Drivers/STM32F7xx_HAL_Driver/Src/stm32f7xx_hal_uart.o
                0x08004720                UART_CheckIdleState
 .text.UART_WaitOnFlagUntilTimeout
                0x0800478e      0x18c ./Drivers/STM32F7xx_HAL_Driver/Src/stm32f7xx_hal_uart.o
                0x0800478e                UART_WaitOnFlagUntilTimeout
 *fill*         0x0800491a        0x2 
 .text.USB_CoreInit
                0x0800491c      0x110 ./Drivers/STM32F7xx_HAL_Driver/Src/stm32f7xx_ll_usb.o
                0x0800491c                USB_CoreInit
 .text.USB_DisableGlobalInt
                0x08004a2c       0x22 ./Drivers/STM32F7xx_HAL_Driver/Src/stm32f7xx_ll_usb.o
                0x08004a2c                USB_DisableGlobalInt
 .text.USB_SetCurrentMode
                0x08004a4e       0x98 ./Drivers/STM32F7xx_HAL_Driver/Src/stm32f7xx_ll_usb.o
                0x08004a4e                USB_SetCurrentMode
 *fill*         0x08004ae6        0x2 
 .text.USB_DevInit
                0x08004ae8      0x2dc ./Drivers/STM32F7xx_HAL_Driver/Src/stm32f7xx_ll_usb.o
                0x08004ae8                USB_DevInit
 .text.USB_FlushTxFifo
                0x08004dc4       0x68 ./Drivers/STM32F7xx_HAL_Driver/Src/stm32f7xx_ll_usb.o
                0x08004dc4                USB_FlushTxFifo
 .text.USB_FlushRxFifo
                0x08004e2c       0x60 ./Drivers/STM32F7xx_HAL_Driver/Src/stm32f7xx_ll_usb.o
                0x08004e2c                USB_FlushRxFifo
 .text.USB_SetDevSpeed
                0x08004e8c       0x32 ./Drivers/STM32F7xx_HAL_Driver/Src/stm32f7xx_ll_usb.o
                0x08004e8c                USB_SetDevSpeed
 .text.USB_DevDisconnect
                0x08004ebe       0x42 ./Drivers/STM32F7xx_HAL_Driver/Src/stm32f7xx_ll_usb.o
                0x08004ebe                USB_DevDisconnect
 .text.USB_GetMode
                0x08004f00       0x1c ./Drivers/STM32F7xx_HAL_Driver/Src/stm32f7xx_ll_usb.o
                0x08004f00                USB_GetMode
 .text.USB_CoreReset
                0x08004f1c       0x68 ./Drivers/STM32F7xx_HAL_Driver/Src/stm32f7xx_ll_usb.o
 .text.SpectrogramColumn
                0x08004f84      0x110 ./STM32_AI_AudioPreprocessing_Library/Src/feature_extraction.o
                0x08004f84                SpectrogramColumn
 .text.MelSpectrogramColumn
                0x08005094       0x38 ./STM32_AI_AudioPreprocessing_Library/Src/feature_extraction.o
                0x08005094                MelSpectrogramColumn
 .text.MelFilterbank
                0x080050cc       0xaa ./STM32_AI_AudioPreprocessing_Library/Src/mel_filterbank.o
                0x080050cc                MelFilterbank
 *fill*         0x08005176        0x2 
 .text.network_1_configure_activations
                0x08005178      0x114 ./X-CUBE-AI/App/network_1.o
 .text.network_1_configure_weights
                0x0800528c      0x17c ./X-CUBE-AI/App/network_1.o
 .text.ai_network_1_get_error
                0x08005408       0x18 ./X-CUBE-AI/App/network_1.o
                0x08005408                ai_network_1_get_error
 .text.ai_network_1_create
                0x08005420       0x2c ./X-CUBE-AI/App/network_1.o
                0x08005420                ai_network_1_create
 .text.ai_network_1_create_and_init
                0x0800544c       0xfc ./X-CUBE-AI/App/network_1.o
                0x0800544c                ai_network_1_create_and_init
 .text.ai_network_1_inputs_get
                0x08005548       0x34 ./X-CUBE-AI/App/network_1.o
                0x08005548                ai_network_1_inputs_get
 .text.ai_network_1_outputs_get
                0x0800557c       0x34 ./X-CUBE-AI/App/network_1.o
                0x0800557c                ai_network_1_outputs_get
 .text.ai_network_1_init
                0x080055b0       0x78 ./X-CUBE-AI/App/network_1.o
                0x080055b0                ai_network_1_init
 .text.ai_network_1_run
                0x08005628       0x20 ./X-CUBE-AI/App/network_1.o
                0x08005628                ai_network_1_run
 .text.ai_network_1_data_params_get
                0x08005648       0x50 ./X-CUBE-AI/App/network_1_data.o
                0x08005648                ai_network_1_data_params_get
 .text.arm_rfft_fast_init_f32
                0x08005698      0x168 /Users/leon/STM32CubeIDE/workspace_1.14.0/esp_cubeai_test/Drivers/CMSIS/Lib/GCC/libarm_cortexM7lfdp_math.a(arm_rfft_fast_init_f32.o)
                0x08005698                arm_rfft_fast_init_f32
 .text.arm_rfft_fast_f32
                0x08005800      0x188 /Users/leon/STM32CubeIDE/workspace_1.14.0/esp_cubeai_test/Drivers/CMSIS/Lib/GCC/libarm_cortexM7lfdp_math.a(arm_rfft_fast_f32.o)
                0x08005800                arm_rfft_fast_f32
 .text.arm_cfft_radix8by2_f32
                0x08005988      0x1a0 /Users/leon/STM32CubeIDE/workspace_1.14.0/esp_cubeai_test/Drivers/CMSIS/Lib/GCC/libarm_cortexM7lfdp_math.a(arm_cfft_f32.o)
                0x08005988                arm_cfft_radix8by2_f32
 .text.arm_cfft_radix8by4_f32
                0x08005b28      0x4b0 /Users/leon/STM32CubeIDE/workspace_1.14.0/esp_cubeai_test/Drivers/CMSIS/Lib/GCC/libarm_cortexM7lfdp_math.a(arm_cfft_f32.o)
                0x08005b28                arm_cfft_radix8by4_f32
 .text.arm_cfft_f32
                0x08005fd8       0xf0 /Users/leon/STM32CubeIDE/workspace_1.14.0/esp_cubeai_test/Drivers/CMSIS/Lib/GCC/libarm_cortexM7lfdp_math.a(arm_cfft_f32.o)
                0x08005fd8                arm_cfft_f32
 .text.arm_cmplx_mag_squared_f32
                0x080060c8       0xb0 /Users/leon/STM32CubeIDE/workspace_1.14.0/esp_cubeai_test/Drivers/CMSIS/Lib/GCC/libarm_cortexM7lfdp_math.a(arm_cmplx_mag_squared_f32.o)
                0x080060c8                arm_cmplx_mag_squared_f32
 .text.arm_mult_f32
                0x08006178       0x8c /Users/leon/STM32CubeIDE/workspace_1.14.0/esp_cubeai_test/Drivers/CMSIS/Lib/GCC/libarm_cortexM7lfdp_math.a(arm_mult_f32.o)
                0x08006178                arm_mult_f32
 .text.arm_radix8_butterfly_f32
                0x08006204      0x5e4 /Users/leon/STM32CubeIDE/workspace_1.14.0/esp_cubeai_test/Drivers/CMSIS/Lib/GCC/libarm_cortexM7lfdp_math.a(arm_cfft_radix8_f32.o)
                0x08006204                arm_radix8_butterfly_f32
 .text.ai_buffer_get_size
                0x080067e8       0x68 ../Middlewares/ST/AI/Lib/NetworkRuntime900_CM7_GCC.a(ai_platform.o)
                0x080067e8                ai_buffer_get_size
 .text.ai_buffer_array_sane
                0x08006850       0x14 ../Middlewares/ST/AI/Lib/NetworkRuntime900_CM7_GCC.a(ai_platform.o)
                0x08006850                ai_buffer_array_sane
 .text.ai_buffer_array_item_set_address
                0x08006864       0x20 ../Middlewares/ST/AI/Lib/NetworkRuntime900_CM7_GCC.a(ai_platform.o)
                0x08006864                ai_buffer_array_item_set_address
 .text.ai_platform_get_weights_map
                0x08006884       0xb0 ../Middlewares/ST/AI/Lib/NetworkRuntime900_CM7_GCC.a(ai_platform_interface.o)
                0x08006884                ai_platform_get_weights_map
 .text.ai_platform_get_activations_map
                0x08006934       0xb0 ../Middlewares/ST/AI/Lib/NetworkRuntime900_CM7_GCC.a(ai_platform_interface.o)
                0x08006934                ai_platform_get_activations_map
 .text.ai_platform_bind_network_params
                0x080069e4       0x34 ../Middlewares/ST/AI/Lib/NetworkRuntime900_CM7_GCC.a(ai_platform_interface.o)
                0x080069e4                ai_platform_bind_network_params
 .text.ai_platform_network_get_error
                0x08006a18       0x18 ../Middlewares/ST/AI/Lib/NetworkRuntime900_CM7_GCC.a(ai_platform_interface.o)
                0x08006a18                ai_platform_network_get_error
 .text.ai_platform_network_set_error
                0x08006a30        0xc ../Middlewares/ST/AI/Lib/NetworkRuntime900_CM7_GCC.a(ai_platform_interface.o)
                0x08006a30                ai_platform_network_set_error
 .text.ai_platform_inputs_get
                0x08006a3c       0xf0 ../Middlewares/ST/AI/Lib/NetworkRuntime900_CM7_GCC.a(ai_platform_interface.o)
                0x08006a3c                ai_platform_inputs_get
 .text.ai_platform_outputs_get
                0x08006b2c       0xec ../Middlewares/ST/AI/Lib/NetworkRuntime900_CM7_GCC.a(ai_platform_interface.o)
                0x08006b2c                ai_platform_outputs_get
 .text.ai_platform_network_create
                0x08006c18       0x84 ../Middlewares/ST/AI/Lib/NetworkRuntime900_CM7_GCC.a(ai_platform_interface.o)
                0x08006c18                ai_platform_network_create
 .text.ai_platform_network_init
                0x08006c9c      0x180 ../Middlewares/ST/AI/Lib/NetworkRuntime900_CM7_GCC.a(ai_platform_interface.o)
                0x08006c9c                ai_platform_network_init
 .text.ai_platform_network_post_init
                0x08006e1c       0x60 ../Middlewares/ST/AI/Lib/NetworkRuntime900_CM7_GCC.a(ai_platform_interface.o)
                0x08006e1c                ai_platform_network_post_init
 .text.ai_platform_network_process
                0x08006e7c      0x48c ../Middlewares/ST/AI/Lib/NetworkRuntime900_CM7_GCC.a(ai_platform_interface.o)
                0x08006e7c                ai_platform_network_process
 .text.core_init
                0x08007308        0x4 ../Middlewares/ST/AI/Lib/NetworkRuntime900_CM7_GCC.a(core_common.o)
                0x08007308                core_init
 .text.core_get_error
                0x0800730c        0xc ../Middlewares/ST/AI/Lib/NetworkRuntime900_CM7_GCC.a(core_common.o)
                0x0800730c                core_get_error
 .text.core_set_error
                0x08007318       0x18 ../Middlewares/ST/AI/Lib/NetworkRuntime900_CM7_GCC.a(core_common.o)
                0x08007318                core_set_error
 .text.ai_check_custom_types
                0x08007330       0x50 ../Middlewares/ST/AI/Lib/NetworkRuntime900_CM7_GCC.a(layers.o)
                0x08007330                ai_check_custom_types
 .text.ai_layers_init_all
                0x08007380       0x1c ../Middlewares/ST/AI/Lib/NetworkRuntime900_CM7_GCC.a(layers.o)
                0x08007380                ai_layers_init_all
 .text.ai_layers_post_init_all
                0x0800739c       0x28 ../Middlewares/ST/AI/Lib/NetworkRuntime900_CM7_GCC.a(layers.o)
                0x0800739c                ai_layers_post_init_all
 .text.ai_layers_forward_all
                0x080073c4       0x90 ../Middlewares/ST/AI/Lib/NetworkRuntime900_CM7_GCC.a(layers.o)
                0x080073c4                ai_layers_forward_all
 .text.forward_conv2d_if32of32wf32_nl_pool
                0x08007454      0x2dc ../Middlewares/ST/AI/Lib/NetworkRuntime900_CM7_GCC.a(layers_conv2d_generic_float.o)
                0x08007454                forward_conv2d_if32of32wf32_nl_pool
 .text.forward_dense
                0x08007730      0x3dc ../Middlewares/ST/AI/Lib/NetworkRuntime900_CM7_GCC.a(layers_conv2d_generic_float.o)
                0x08007730                forward_dense
 .text.forward_sigmoid
                0x08007b0c       0x94 ../Middlewares/ST/AI/Lib/NetworkRuntime900_CM7_GCC.a(layers_nl_generic_float.o)
                0x08007b0c                forward_sigmoid
 .text.forward_relu
                0x08007ba0      0x12c ../Middlewares/ST/AI/Lib/NetworkRuntime900_CM7_GCC.a(layers_nl_generic_float.o)
                0x08007ba0                forward_relu
 .text.ai_conv2d_kernel_simple_opt_f32.constprop.0
                0x08007ccc      0x22c ../Middlewares/ST/AI/Lib/NetworkRuntime900_CM7_GCC.a(forward_lite_conv2d_if32of32wf32.o)
 .text.forward_lite_conv2d_if32of32wf32_pool
                0x08007ef8      0x5e4 ../Middlewares/ST/AI/Lib/NetworkRuntime900_CM7_GCC.a(forward_lite_conv2d_if32of32wf32.o)
                0x08007ef8                forward_lite_conv2d_if32of32wf32_pool
 .text.forward_lite_nl_relu_generic_if32of32_kernel
                0x080084dc      0x10c ../Middlewares/ST/AI/Lib/NetworkRuntime900_CM7_GCC.a(lite_nl_relu_if32of32.o)
                0x080084dc                forward_lite_nl_relu_generic_if32of32_kernel
 .text.pool_func_mp_array_f32
                0x080085e8      0x3f0 ../Middlewares/ST/AI/Lib/NetworkRuntime900_CM7_GCC.a(forward_lite_pool_f32.o)
                0x080085e8                pool_func_mp_array_f32
 .text.forward_lite_dense_if32of32wf32
                0x080089d8      0x2bc ../Middlewares/ST/AI/Lib/NetworkRuntime900_CM7_GCC.a(lite_dense_if32.o)
                0x080089d8                forward_lite_dense_if32of32wf32
 .text.forward_lite_nl_relu_if32of32
                0x08008c94       0x38 ../Middlewares/ST/AI/Lib/NetworkRuntime900_CM7_GCC.a(lite_nl_generic_float.o)
                0x08008c94                forward_lite_nl_relu_if32of32
 .text.st_int8_copy
                0x08008ccc      0x110 ../Middlewares/ST/AI/Lib/NetworkRuntime900_CM7_GCC.a(st_int8_fill.o)
                0x08008ccc                st_int8_copy
 .text.ai_array_to_buffer_fmt
                0x08008ddc       0xe0 ../Middlewares/ST/AI/Lib/NetworkRuntime900_CM7_GCC.a(ai_datatypes_format.o)
                0x08008ddc                ai_array_to_buffer_fmt
 .text.ai_array_get_byte_size
                0x08008ebc       0x50 ../Middlewares/ST/AI/Lib/NetworkRuntime900_CM7_GCC.a(ai_datatypes_format.o)
                0x08008ebc                ai_array_get_byte_size
 .text.ai_array_get_data_byte_size
                0x08008f0c       0x24 ../Middlewares/ST/AI/Lib/NetworkRuntime900_CM7_GCC.a(ai_datatypes_format.o)
                0x08008f0c                ai_array_get_data_byte_size
 .text.ai_version_get
                0x08008f30        0xc ../Middlewares/ST/AI/Lib/NetworkRuntime900_CM7_GCC.a(ai_datatypes_internal.o)
                0x08008f30                ai_version_get
 .text.get_tensor_byte_size
                0x08008f3c       0x2c ../Middlewares/ST/AI/Lib/NetworkRuntime900_CM7_GCC.a(ai_datatypes_internal.o)
                0x08008f3c                get_tensor_byte_size
 .text.__cvt    0x08008f68       0xca /Applications/STM32CubeIDE.app/Contents/Eclipse/plugins/com.st.stm32cube.ide.mcu.externaltools.gnu-tools-for-stm32.12.3.rel1.macos64_1.0.100.202403111906/tools/bin/../lib/gcc/arm-none-eabi/12.3.1/../../../../arm-none-eabi/lib/thumb/v7e-m+fp/hard/libc_nano.a(libc_a-nano-vfprintf_float.o)
                0x08008f68                __cvt
 .text.__exponent
                0x08009032       0x74 /Applications/STM32CubeIDE.app/Contents/Eclipse/plugins/com.st.stm32cube.ide.mcu.externaltools.gnu-tools-for-stm32.12.3.rel1.macos64_1.0.100.202403111906/tools/bin/../lib/gcc/arm-none-eabi/12.3.1/../../../../arm-none-eabi/lib/thumb/v7e-m+fp/hard/libc_nano.a(libc_a-nano-vfprintf_float.o)
                0x08009032                __exponent
 *fill*         0x080090a6        0x2 
 .text._printf_float
                0x080090a8      0x454 /Applications/STM32CubeIDE.app/Contents/Eclipse/plugins/com.st.stm32cube.ide.mcu.externaltools.gnu-tools-for-stm32.12.3.rel1.macos64_1.0.100.202403111906/tools/bin/../lib/gcc/arm-none-eabi/12.3.1/../../../../arm-none-eabi/lib/thumb/v7e-m+fp/hard/libc_nano.a(libc_a-nano-vfprintf_float.o)
                0x080090a8                _printf_float
 .text.malloc   0x080094fc       0x10 /Applications/STM32CubeIDE.app/Contents/Eclipse/plugins/com.st.stm32cube.ide.mcu.externaltools.gnu-tools-for-stm32.12.3.rel1.macos64_1.0.100.202403111906/tools/bin/../lib/gcc/arm-none-eabi/12.3.1/../../../../arm-none-eabi/lib/thumb/v7e-m+fp/hard/libc_nano.a(libc_a-malloc.o)
                0x080094fc                malloc
 .text.sbrk_aligned
                0x0800950c       0x44 /Applications/STM32CubeIDE.app/Contents/Eclipse/plugins/com.st.stm32cube.ide.mcu.externaltools.gnu-tools-for-stm32.12.3.rel1.macos64_1.0.100.202403111906/tools/bin/../lib/gcc/arm-none-eabi/12.3.1/../../../../arm-none-eabi/lib/thumb/v7e-m+fp/hard/libc_nano.a(libc_a-mallocr.o)
 .text._malloc_r
                0x08009550      0x100 /Applications/STM32CubeIDE.app/Contents/Eclipse/plugins/com.st.stm32cube.ide.mcu.externaltools.gnu-tools-for-stm32.12.3.rel1.macos64_1.0.100.202403111906/tools/bin/../lib/gcc/arm-none-eabi/12.3.1/../../../../arm-none-eabi/lib/thumb/v7e-m+fp/hard/libc_nano.a(libc_a-mallocr.o)
                0x08009550                _malloc_r
 .text._printf_common
                0x08009650       0xda /Applications/STM32CubeIDE.app/Contents/Eclipse/plugins/com.st.stm32cube.ide.mcu.externaltools.gnu-tools-for-stm32.12.3.rel1.macos64_1.0.100.202403111906/tools/bin/../lib/gcc/arm-none-eabi/12.3.1/../../../../arm-none-eabi/lib/thumb/v7e-m+fp/hard/libc_nano.a(libc_a-nano-vfprintf_i.o)
                0x08009650                _printf_common
 *fill*         0x0800972a        0x2 
 .text._printf_i
                0x0800972c      0x240 /Applications/STM32CubeIDE.app/Contents/Eclipse/plugins/com.st.stm32cube.ide.mcu.externaltools.gnu-tools-for-stm32.12.3.rel1.macos64_1.0.100.202403111906/tools/bin/../lib/gcc/arm-none-eabi/12.3.1/../../../../arm-none-eabi/lib/thumb/v7e-m+fp/hard/libc_nano.a(libc_a-nano-vfprintf_i.o)
                0x0800972c                _printf_i
 .text.__malloc_lock
                0x0800996c        0xc /Applications/STM32CubeIDE.app/Contents/Eclipse/plugins/com.st.stm32cube.ide.mcu.externaltools.gnu-tools-for-stm32.12.3.rel1.macos64_1.0.100.202403111906/tools/bin/../lib/gcc/arm-none-eabi/12.3.1/../../../../arm-none-eabi/lib/thumb/v7e-m+fp/hard/libc_nano.a(libc_a-mlock.o)
                0x0800996c                __malloc_lock
 .text.__malloc_unlock
                0x08009978        0xc /Applications/STM32CubeIDE.app/Contents/Eclipse/plugins/com.st.stm32cube.ide.mcu.externaltools.gnu-tools-for-stm32.12.3.rel1.macos64_1.0.100.202403111906/tools/bin/../lib/gcc/arm-none-eabi/12.3.1/../../../../arm-none-eabi/lib/thumb/v7e-m+fp/hard/libc_nano.a(libc_a-mlock.o)
                0x08009978                __malloc_unlock
 .text.std      0x08009984       0x6c /Applications/STM32CubeIDE.app/Contents/Eclipse/plugins/com.st.stm32cube.ide.mcu.externaltools.gnu-tools-for-stm32.12.3.rel1.macos64_1.0.100.202403111906/tools/bin/../lib/gcc/arm-none-eabi/12.3.1/../../../../arm-none-eabi/lib/thumb/v7e-m+fp/hard/libc_nano.a(libc_a-findfp.o)
 .text.stdio_exit_handler
                0x080099f0       0x18 /Applications/STM32CubeIDE.app/Contents/Eclipse/plugins/com.st.stm32cube.ide.mcu.externaltools.gnu-tools-for-stm32.12.3.rel1.macos64_1.0.100.202403111906/tools/bin/../lib/gcc/arm-none-eabi/12.3.1/../../../../arm-none-eabi/lib/thumb/v7e-m+fp/hard/libc_nano.a(libc_a-findfp.o)
 .text.cleanup_stdio
                0x08009a08       0x40 /Applications/STM32CubeIDE.app/Contents/Eclipse/plugins/com.st.stm32cube.ide.mcu.externaltools.gnu-tools-for-stm32.12.3.rel1.macos64_1.0.100.202403111906/tools/bin/../lib/gcc/arm-none-eabi/12.3.1/../../../../arm-none-eabi/lib/thumb/v7e-m+fp/hard/libc_nano.a(libc_a-findfp.o)
 .text.global_stdio_init.part.0
                0x08009a48       0x3c /Applications/STM32CubeIDE.app/Contents/Eclipse/plugins/com.st.stm32cube.ide.mcu.externaltools.gnu-tools-for-stm32.12.3.rel1.macos64_1.0.100.202403111906/tools/bin/../lib/gcc/arm-none-eabi/12.3.1/../../../../arm-none-eabi/lib/thumb/v7e-m+fp/hard/libc_nano.a(libc_a-findfp.o)
 .text.__sfp_lock_acquire
                0x08009a84        0xc /Applications/STM32CubeIDE.app/Contents/Eclipse/plugins/com.st.stm32cube.ide.mcu.externaltools.gnu-tools-for-stm32.12.3.rel1.macos64_1.0.100.202403111906/tools/bin/../lib/gcc/arm-none-eabi/12.3.1/../../../../arm-none-eabi/lib/thumb/v7e-m+fp/hard/libc_nano.a(libc_a-findfp.o)
                0x08009a84                __sfp_lock_acquire
 .text.__sfp_lock_release
                0x08009a90        0xc /Applications/STM32CubeIDE.app/Contents/Eclipse/plugins/com.st.stm32cube.ide.mcu.externaltools.gnu-tools-for-stm32.12.3.rel1.macos64_1.0.100.202403111906/tools/bin/../lib/gcc/arm-none-eabi/12.3.1/../../../../arm-none-eabi/lib/thumb/v7e-m+fp/hard/libc_nano.a(libc_a-findfp.o)
                0x08009a90                __sfp_lock_release
 .text.__sinit  0x08009a9c       0x30 /Applications/STM32CubeIDE.app/Contents/Eclipse/plugins/com.st.stm32cube.ide.mcu.externaltools.gnu-tools-for-stm32.12.3.rel1.macos64_1.0.100.202403111906/tools/bin/../lib/gcc/arm-none-eabi/12.3.1/../../../../arm-none-eabi/lib/thumb/v7e-m+fp/hard/libc_nano.a(libc_a-findfp.o)
                0x08009a9c                __sinit
 .text._fwalk_sglue
                0x08009acc       0x3c /Applications/STM32CubeIDE.app/Contents/Eclipse/plugins/com.st.stm32cube.ide.mcu.externaltools.gnu-tools-for-stm32.12.3.rel1.macos64_1.0.100.202403111906/tools/bin/../lib/gcc/arm-none-eabi/12.3.1/../../../../arm-none-eabi/lib/thumb/v7e-m+fp/hard/libc_nano.a(libc_a-fwalk.o)
                0x08009acc                _fwalk_sglue
 .text.printf   0x08009b08       0x24 /Applications/STM32CubeIDE.app/Contents/Eclipse/plugins/com.st.stm32cube.ide.mcu.externaltools.gnu-tools-for-stm32.12.3.rel1.macos64_1.0.100.202403111906/tools/bin/../lib/gcc/arm-none-eabi/12.3.1/../../../../arm-none-eabi/lib/thumb/v7e-m+fp/hard/libc_nano.a(libc_a-printf.o)
                0x08009b08                printf
                0x08009b08                iprintf
 .text._puts_r  0x08009b2c       0xaa /Applications/STM32CubeIDE.app/Contents/Eclipse/plugins/com.st.stm32cube.ide.mcu.externaltools.gnu-tools-for-stm32.12.3.rel1.macos64_1.0.100.202403111906/tools/bin/../lib/gcc/arm-none-eabi/12.3.1/../../../../arm-none-eabi/lib/thumb/v7e-m+fp/hard/libc_nano.a(libc_a-puts.o)
                0x08009b2c                _puts_r
 *fill*         0x08009bd6        0x2 
 .text.puts     0x08009bd8       0x10 /Applications/STM32CubeIDE.app/Contents/Eclipse/plugins/com.st.stm32cube.ide.mcu.externaltools.gnu-tools-for-stm32.12.3.rel1.macos64_1.0.100.202403111906/tools/bin/../lib/gcc/arm-none-eabi/12.3.1/../../../../arm-none-eabi/lib/thumb/v7e-m+fp/hard/libc_nano.a(libc_a-puts.o)
                0x08009bd8                puts
 .text.memset   0x08009be8       0x10 /Applications/STM32CubeIDE.app/Contents/Eclipse/plugins/com.st.stm32cube.ide.mcu.externaltools.gnu-tools-for-stm32.12.3.rel1.macos64_1.0.100.202403111906/tools/bin/../lib/gcc/arm-none-eabi/12.3.1/../../../../arm-none-eabi/lib/thumb/v7e-m+fp/hard/libc_nano.a(libc_a-memset.o)
                0x08009be8                memset
 .text._localeconv_r
                0x08009bf8        0x8 /Applications/STM32CubeIDE.app/Contents/Eclipse/plugins/com.st.stm32cube.ide.mcu.externaltools.gnu-tools-for-stm32.12.3.rel1.macos64_1.0.100.202403111906/tools/bin/../lib/gcc/arm-none-eabi/12.3.1/../../../../arm-none-eabi/lib/thumb/v7e-m+fp/hard/libc_nano.a(libc_a-localeconv.o)
                0x08009bf8                _localeconv_r
 .text._sbrk_r  0x08009c00       0x20 /Applications/STM32CubeIDE.app/Contents/Eclipse/plugins/com.st.stm32cube.ide.mcu.externaltools.gnu-tools-for-stm32.12.3.rel1.macos64_1.0.100.202403111906/tools/bin/../lib/gcc/arm-none-eabi/12.3.1/../../../../arm-none-eabi/lib/thumb/v7e-m+fp/hard/libc_nano.a(libc_a-sbrkr.o)
                0x08009c00                _sbrk_r
 .text.__errno  0x08009c20        0xc /Applications/STM32CubeIDE.app/Contents/Eclipse/plugins/com.st.stm32cube.ide.mcu.externaltools.gnu-tools-for-stm32.12.3.rel1.macos64_1.0.100.202403111906/tools/bin/../lib/gcc/arm-none-eabi/12.3.1/../../../../arm-none-eabi/lib/thumb/v7e-m+fp/hard/libc_nano.a(libc_a-errno.o)
                0x08009c20                __errno
 .text.__libc_init_array
                0x08009c2c       0x48 /Applications/STM32CubeIDE.app/Contents/Eclipse/plugins/com.st.stm32cube.ide.mcu.externaltools.gnu-tools-for-stm32.12.3.rel1.macos64_1.0.100.202403111906/tools/bin/../lib/gcc/arm-none-eabi/12.3.1/../../../../arm-none-eabi/lib/thumb/v7e-m+fp/hard/libc_nano.a(libc_a-init.o)
                0x08009c2c                __libc_init_array
 .text.__retarget_lock_init_recursive
                0x08009c74        0x2 /Applications/STM32CubeIDE.app/Contents/Eclipse/plugins/com.st.stm32cube.ide.mcu.externaltools.gnu-tools-for-stm32.12.3.rel1.macos64_1.0.100.202403111906/tools/bin/../lib/gcc/arm-none-eabi/12.3.1/../../../../arm-none-eabi/lib/thumb/v7e-m+fp/hard/libc_nano.a(libc_a-lock.o)
                0x08009c74                __retarget_lock_init_recursive
 .text.__retarget_lock_acquire_recursive
                0x08009c76        0x2 /Applications/STM32CubeIDE.app/Contents/Eclipse/plugins/com.st.stm32cube.ide.mcu.externaltools.gnu-tools-for-stm32.12.3.rel1.macos64_1.0.100.202403111906/tools/bin/../lib/gcc/arm-none-eabi/12.3.1/../../../../arm-none-eabi/lib/thumb/v7e-m+fp/hard/libc_nano.a(libc_a-lock.o)
                0x08009c76                __retarget_lock_acquire_recursive
 .text.__retarget_lock_release_recursive
                0x08009c78        0x2 /Applications/STM32CubeIDE.app/Contents/Eclipse/plugins/com.st.stm32cube.ide.mcu.externaltools.gnu-tools-for-stm32.12.3.rel1.macos64_1.0.100.202403111906/tools/bin/../lib/gcc/arm-none-eabi/12.3.1/../../../../arm-none-eabi/lib/thumb/v7e-m+fp/hard/libc_nano.a(libc_a-lock.o)
                0x08009c78                __retarget_lock_release_recursive
 .text.memcpy   0x08009c7a       0x1c /Applications/STM32CubeIDE.app/Contents/Eclipse/plugins/com.st.stm32cube.ide.mcu.externaltools.gnu-tools-for-stm32.12.3.rel1.macos64_1.0.100.202403111906/tools/bin/../lib/gcc/arm-none-eabi/12.3.1/../../../../arm-none-eabi/lib/thumb/v7e-m+fp/hard/libc_nano.a(libc_a-memcpy-stub.o)
                0x08009c7a                memcpy
 .text.quorem   0x08009c96      0x110 /Applications/STM32CubeIDE.app/Contents/Eclipse/plugins/com.st.stm32cube.ide.mcu.externaltools.gnu-tools-for-stm32.12.3.rel1.macos64_1.0.100.202403111906/tools/bin/../lib/gcc/arm-none-eabi/12.3.1/../../../../arm-none-eabi/lib/thumb/v7e-m+fp/hard/libc_nano.a(libc_a-dtoa.o)
 *fill*         0x08009da6        0x2 
 .text._dtoa_r  0x08009da8      0xb88 /Applications/STM32CubeIDE.app/Contents/Eclipse/plugins/com.st.stm32cube.ide.mcu.externaltools.gnu-tools-for-stm32.12.3.rel1.macos64_1.0.100.202403111906/tools/bin/../lib/gcc/arm-none-eabi/12.3.1/../../../../arm-none-eabi/lib/thumb/v7e-m+fp/hard/libc_nano.a(libc_a-dtoa.o)
                0x08009da8                _dtoa_r
 .text._free_r  0x0800a930       0x94 /Applications/STM32CubeIDE.app/Contents/Eclipse/plugins/com.st.stm32cube.ide.mcu.externaltools.gnu-tools-for-stm32.12.3.rel1.macos64_1.0.100.202403111906/tools/bin/../lib/gcc/arm-none-eabi/12.3.1/../../../../arm-none-eabi/lib/thumb/v7e-m+fp/hard/libc_nano.a(libc_a-freer.o)
                0x0800a930                _free_r
 .text.__sfputc_r
                0x0800a9c4       0x2e /Applications/STM32CubeIDE.app/Contents/Eclipse/plugins/com.st.stm32cube.ide.mcu.externaltools.gnu-tools-for-stm32.12.3.rel1.macos64_1.0.100.202403111906/tools/bin/../lib/gcc/arm-none-eabi/12.3.1/../../../../arm-none-eabi/lib/thumb/v7e-m+fp/hard/libc_nano.a(libc_a-nano-vfprintf.o)
 .text.__sfputs_r
                0x0800a9f2       0x24 /Applications/STM32CubeIDE.app/Contents/Eclipse/plugins/com.st.stm32cube.ide.mcu.externaltools.gnu-tools-for-stm32.12.3.rel1.macos64_1.0.100.202403111906/tools/bin/../lib/gcc/arm-none-eabi/12.3.1/../../../../arm-none-eabi/lib/thumb/v7e-m+fp/hard/libc_nano.a(libc_a-nano-vfprintf.o)
                0x0800a9f2                __sfputs_r
 *fill*         0x0800aa16        0x2 
 .text._vfprintf_r
                0x0800aa18      0x230 /Applications/STM32CubeIDE.app/Contents/Eclipse/plugins/com.st.stm32cube.ide.mcu.externaltools.gnu-tools-for-stm32.12.3.rel1.macos64_1.0.100.202403111906/tools/bin/../lib/gcc/arm-none-eabi/12.3.1/../../../../arm-none-eabi/lib/thumb/v7e-m+fp/hard/libc_nano.a(libc_a-nano-vfprintf.o)
                0x0800aa18                _vfiprintf_r
                0x0800aa18                _vfprintf_r
 .text.__sflush_r
                0x0800ac48      0x108 /Applications/STM32CubeIDE.app/Contents/Eclipse/plugins/com.st.stm32cube.ide.mcu.externaltools.gnu-tools-for-stm32.12.3.rel1.macos64_1.0.100.202403111906/tools/bin/../lib/gcc/arm-none-eabi/12.3.1/../../../../arm-none-eabi/lib/thumb/v7e-m+fp/hard/libc_nano.a(libc_a-fflush.o)
                0x0800ac48                __sflush_r
 .text._fflush_r
                0x0800ad50       0x50 /Applications/STM32CubeIDE.app/Contents/Eclipse/plugins/com.st.stm32cube.ide.mcu.externaltools.gnu-tools-for-stm32.12.3.rel1.macos64_1.0.100.202403111906/tools/bin/../lib/gcc/arm-none-eabi/12.3.1/../../../../arm-none-eabi/lib/thumb/v7e-m+fp/hard/libc_nano.a(libc_a-fflush.o)
                0x0800ad50                _fflush_r
 .text._Balloc  0x0800ada0       0x80 /Applications/STM32CubeIDE.app/Contents/Eclipse/plugins/com.st.stm32cube.ide.mcu.externaltools.gnu-tools-for-stm32.12.3.rel1.macos64_1.0.100.202403111906/tools/bin/../lib/gcc/arm-none-eabi/12.3.1/../../../../arm-none-eabi/lib/thumb/v7e-m+fp/hard/libc_nano.a(libc_a-mprec.o)
                0x0800ada0                _Balloc
 .text._Bfree   0x0800ae20       0x44 /Applications/STM32CubeIDE.app/Contents/Eclipse/plugins/com.st.stm32cube.ide.mcu.externaltools.gnu-tools-for-stm32.12.3.rel1.macos64_1.0.100.202403111906/tools/bin/../lib/gcc/arm-none-eabi/12.3.1/../../../../arm-none-eabi/lib/thumb/v7e-m+fp/hard/libc_nano.a(libc_a-mprec.o)
                0x0800ae20                _Bfree
 .text.__multadd
                0x0800ae64       0x8c /Applications/STM32CubeIDE.app/Contents/Eclipse/plugins/com.st.stm32cube.ide.mcu.externaltools.gnu-tools-for-stm32.12.3.rel1.macos64_1.0.100.202403111906/tools/bin/../lib/gcc/arm-none-eabi/12.3.1/../../../../arm-none-eabi/lib/thumb/v7e-m+fp/hard/libc_nano.a(libc_a-mprec.o)
                0x0800ae64                __multadd
 .text.__hi0bits
                0x0800aef0       0x3e /Applications/STM32CubeIDE.app/Contents/Eclipse/plugins/com.st.stm32cube.ide.mcu.externaltools.gnu-tools-for-stm32.12.3.rel1.macos64_1.0.100.202403111906/tools/bin/../lib/gcc/arm-none-eabi/12.3.1/../../../../arm-none-eabi/lib/thumb/v7e-m+fp/hard/libc_nano.a(libc_a-mprec.o)
                0x0800aef0                __hi0bits
 .text.__lo0bits
                0x0800af2e       0x5a /Applications/STM32CubeIDE.app/Contents/Eclipse/plugins/com.st.stm32cube.ide.mcu.externaltools.gnu-tools-for-stm32.12.3.rel1.macos64_1.0.100.202403111906/tools/bin/../lib/gcc/arm-none-eabi/12.3.1/../../../../arm-none-eabi/lib/thumb/v7e-m+fp/hard/libc_nano.a(libc_a-mprec.o)
                0x0800af2e                __lo0bits
 .text.__i2b    0x0800af88       0x2c /Applications/STM32CubeIDE.app/Contents/Eclipse/plugins/com.st.stm32cube.ide.mcu.externaltools.gnu-tools-for-stm32.12.3.rel1.macos64_1.0.100.202403111906/tools/bin/../lib/gcc/arm-none-eabi/12.3.1/../../../../arm-none-eabi/lib/thumb/v7e-m+fp/hard/libc_nano.a(libc_a-mprec.o)
                0x0800af88                __i2b
 .text.__multiply
                0x0800afb4      0x154 /Applications/STM32CubeIDE.app/Contents/Eclipse/plugins/com.st.stm32cube.ide.mcu.externaltools.gnu-tools-for-stm32.12.3.rel1.macos64_1.0.100.202403111906/tools/bin/../lib/gcc/arm-none-eabi/12.3.1/../../../../arm-none-eabi/lib/thumb/v7e-m+fp/hard/libc_nano.a(libc_a-mprec.o)
                0x0800afb4                __multiply
 .text.__pow5mult
                0x0800b108       0xb4 /Applications/STM32CubeIDE.app/Contents/Eclipse/plugins/com.st.stm32cube.ide.mcu.externaltools.gnu-tools-for-stm32.12.3.rel1.macos64_1.0.100.202403111906/tools/bin/../lib/gcc/arm-none-eabi/12.3.1/../../../../arm-none-eabi/lib/thumb/v7e-m+fp/hard/libc_nano.a(libc_a-mprec.o)
                0x0800b108                __pow5mult
 .text.__lshift
                0x0800b1bc       0xd8 /Applications/STM32CubeIDE.app/Contents/Eclipse/plugins/com.st.stm32cube.ide.mcu.externaltools.gnu-tools-for-stm32.12.3.rel1.macos64_1.0.100.202403111906/tools/bin/../lib/gcc/arm-none-eabi/12.3.1/../../../../arm-none-eabi/lib/thumb/v7e-m+fp/hard/libc_nano.a(libc_a-mprec.o)
                0x0800b1bc                __lshift
 .text.__mcmp   0x0800b294       0x36 /Applications/STM32CubeIDE.app/Contents/Eclipse/plugins/com.st.stm32cube.ide.mcu.externaltools.gnu-tools-for-stm32.12.3.rel1.macos64_1.0.100.202403111906/tools/bin/../lib/gcc/arm-none-eabi/12.3.1/../../../../arm-none-eabi/lib/thumb/v7e-m+fp/hard/libc_nano.a(libc_a-mprec.o)
                0x0800b294                __mcmp
 *fill*         0x0800b2ca        0x2 
 .text.__mdiff  0x0800b2cc      0x128 /Applications/STM32CubeIDE.app/Contents/Eclipse/plugins/com.st.stm32cube.ide.mcu.externaltools.gnu-tools-for-stm32.12.3.rel1.macos64_1.0.100.202403111906/tools/bin/../lib/gcc/arm-none-eabi/12.3.1/../../../../arm-none-eabi/lib/thumb/v7e-m+fp/hard/libc_nano.a(libc_a-mprec.o)
                0x0800b2cc                __mdiff
 .text.__d2b    0x0800b3f4       0xb0 /Applications/STM32CubeIDE.app/Contents/Eclipse/plugins/com.st.stm32cube.ide.mcu.externaltools.gnu-tools-for-stm32.12.3.rel1.macos64_1.0.100.202403111906/tools/bin/../lib/gcc/arm-none-eabi/12.3.1/../../../../arm-none-eabi/lib/thumb/v7e-m+fp/hard/libc_nano.a(libc_a-mprec.o)
                0x0800b3f4                __d2b
 .text.__sread  0x0800b4a4       0x22 /Applications/STM32CubeIDE.app/Contents/Eclipse/plugins/com.st.stm32cube.ide.mcu.externaltools.gnu-tools-for-stm32.12.3.rel1.macos64_1.0.100.202403111906/tools/bin/../lib/gcc/arm-none-eabi/12.3.1/../../../../arm-none-eabi/lib/thumb/v7e-m+fp/hard/libc_nano.a(libc_a-stdio.o)
                0x0800b4a4                __sread
 .text.__swrite
                0x0800b4c6       0x38 /Applications/STM32CubeIDE.app/Contents/Eclipse/plugins/com.st.stm32cube.ide.mcu.externaltools.gnu-tools-for-stm32.12.3.rel1.macos64_1.0.100.202403111906/tools/bin/../lib/gcc/arm-none-eabi/12.3.1/../../../../arm-none-eabi/lib/thumb/v7e-m+fp/hard/libc_nano.a(libc_a-stdio.o)
                0x0800b4c6                __swrite
 .text.__sseek  0x0800b4fe       0x24 /Applications/STM32CubeIDE.app/Contents/Eclipse/plugins/com.st.stm32cube.ide.mcu.externaltools.gnu-tools-for-stm32.12.3.rel1.macos64_1.0.100.202403111906/tools/bin/../lib/gcc/arm-none-eabi/12.3.1/../../../../arm-none-eabi/lib/thumb/v7e-m+fp/hard/libc_nano.a(libc_a-stdio.o)
                0x0800b4fe                __sseek
 .text.__sclose
                0x0800b522        0x8 /Applications/STM32CubeIDE.app/Contents/Eclipse/plugins/com.st.stm32cube.ide.mcu.externaltools.gnu-tools-for-stm32.12.3.rel1.macos64_1.0.100.202403111906/tools/bin/../lib/gcc/arm-none-eabi/12.3.1/../../../../arm-none-eabi/lib/thumb/v7e-m+fp/hard/libc_nano.a(libc_a-stdio.o)
                0x0800b522                __sclose
 .text.__swbuf_r
                0x0800b52a       0x7c /Applications/STM32CubeIDE.app/Contents/Eclipse/plugins/com.st.stm32cube.ide.mcu.externaltools.gnu-tools-for-stm32.12.3.rel1.macos64_1.0.100.202403111906/tools/bin/../lib/gcc/arm-none-eabi/12.3.1/../../../../arm-none-eabi/lib/thumb/v7e-m+fp/hard/libc_nano.a(libc_a-wbuf.o)
                0x0800b52a                __swbuf_r
 *fill*         0x0800b5a6        0x2 
 .text.__swsetup_r
                0x0800b5a8       0xac /Applications/STM32CubeIDE.app/Contents/Eclipse/plugins/com.st.stm32cube.ide.mcu.externaltools.gnu-tools-for-stm32.12.3.rel1.macos64_1.0.100.202403111906/tools/bin/../lib/gcc/arm-none-eabi/12.3.1/../../../../arm-none-eabi/lib/thumb/v7e-m+fp/hard/libc_nano.a(libc_a-wsetup.o)
                0x0800b5a8                __swsetup_r
 .text.__swhatbuf_r
                0x0800b654       0x4c /Applications/STM32CubeIDE.app/Contents/Eclipse/plugins/com.st.stm32cube.ide.mcu.externaltools.gnu-tools-for-stm32.12.3.rel1.macos64_1.0.100.202403111906/tools/bin/../lib/gcc/arm-none-eabi/12.3.1/../../../../arm-none-eabi/lib/thumb/v7e-m+fp/hard/libc_nano.a(libc_a-makebuf.o)
                0x0800b654                __swhatbuf_r
 .text.__smakebuf_r
                0x0800b6a0       0x78 /Applications/STM32CubeIDE.app/Contents/Eclipse/plugins/com.st.stm32cube.ide.mcu.externaltools.gnu-tools-for-stm32.12.3.rel1.macos64_1.0.100.202403111906/tools/bin/../lib/gcc/arm-none-eabi/12.3.1/../../../../arm-none-eabi/lib/thumb/v7e-m+fp/hard/libc_nano.a(libc_a-makebuf.o)
                0x0800b6a0                __smakebuf_r
 .text._close_r
                0x0800b718       0x20 /Applications/STM32CubeIDE.app/Contents/Eclipse/plugins/com.st.stm32cube.ide.mcu.externaltools.gnu-tools-for-stm32.12.3.rel1.macos64_1.0.100.202403111906/tools/bin/../lib/gcc/arm-none-eabi/12.3.1/../../../../arm-none-eabi/lib/thumb/v7e-m+fp/hard/libc_nano.a(libc_a-closer.o)
                0x0800b718                _close_r
 .text._fstat_r
                0x0800b738       0x24 /Applications/STM32CubeIDE.app/Contents/Eclipse/plugins/com.st.stm32cube.ide.mcu.externaltools.gnu-tools-for-stm32.12.3.rel1.macos64_1.0.100.202403111906/tools/bin/../lib/gcc/arm-none-eabi/12.3.1/../../../../arm-none-eabi/lib/thumb/v7e-m+fp/hard/libc_nano.a(libc_a-fstatr.o)
                0x0800b738                _fstat_r
 .text._isatty_r
                0x0800b75c       0x20 /Applications/STM32CubeIDE.app/Contents/Eclipse/plugins/com.st.stm32cube.ide.mcu.externaltools.gnu-tools-for-stm32.12.3.rel1.macos64_1.0.100.202403111906/tools/bin/../lib/gcc/arm-none-eabi/12.3.1/../../../../arm-none-eabi/lib/thumb/v7e-m+fp/hard/libc_nano.a(libc_a-isattyr.o)
                0x0800b75c                _isatty_r
 .text._lseek_r
                0x0800b77c       0x24 /Applications/STM32CubeIDE.app/Contents/Eclipse/plugins/com.st.stm32cube.ide.mcu.externaltools.gnu-tools-for-stm32.12.3.rel1.macos64_1.0.100.202403111906/tools/bin/../lib/gcc/arm-none-eabi/12.3.1/../../../../arm-none-eabi/lib/thumb/v7e-m+fp/hard/libc_nano.a(libc_a-lseekr.o)
                0x0800b77c                _lseek_r
 .text._read_r  0x0800b7a0       0x24 /Applications/STM32CubeIDE.app/Contents/Eclipse/plugins/com.st.stm32cube.ide.mcu.externaltools.gnu-tools-for-stm32.12.3.rel1.macos64_1.0.100.202403111906/tools/bin/../lib/gcc/arm-none-eabi/12.3.1/../../../../arm-none-eabi/lib/thumb/v7e-m+fp/hard/libc_nano.a(libc_a-readr.o)
                0x0800b7a0                _read_r
 .text._write_r
                0x0800b7c4       0x24 /Applications/STM32CubeIDE.app/Contents/Eclipse/plugins/com.st.stm32cube.ide.mcu.externaltools.gnu-tools-for-stm32.12.3.rel1.macos64_1.0.100.202403111906/tools/bin/../lib/gcc/arm-none-eabi/12.3.1/../../../../arm-none-eabi/lib/thumb/v7e-m+fp/hard/libc_nano.a(libc_a-writer.o)
                0x0800b7c4                _write_r
 .text.__assert_func
                0x0800b7e8       0x3c /Applications/STM32CubeIDE.app/Contents/Eclipse/plugins/com.st.stm32cube.ide.mcu.externaltools.gnu-tools-for-stm32.12.3.rel1.macos64_1.0.100.202403111906/tools/bin/../lib/gcc/arm-none-eabi/12.3.1/../../../../arm-none-eabi/lib/thumb/v7e-m+fp/hard/libc_nano.a(libc_a-assert.o)
                0x0800b7e8                __assert_func
 .text._calloc_r
                0x0800b824       0x28 /Applications/STM32CubeIDE.app/Contents/Eclipse/plugins/com.st.stm32cube.ide.mcu.externaltools.gnu-tools-for-stm32.12.3.rel1.macos64_1.0.100.202403111906/tools/bin/../lib/gcc/arm-none-eabi/12.3.1/../../../../arm-none-eabi/lib/thumb/v7e-m+fp/hard/libc_nano.a(libc_a-callocr.o)
                0x0800b824                _calloc_r
 .text.__ascii_mbtowc
                0x0800b84c       0x24 /Applications/STM32CubeIDE.app/Contents/Eclipse/plugins/com.st.stm32cube.ide.mcu.externaltools.gnu-tools-for-stm32.12.3.rel1.macos64_1.0.100.202403111906/tools/bin/../lib/gcc/arm-none-eabi/12.3.1/../../../../arm-none-eabi/lib/thumb/v7e-m+fp/hard/libc_nano.a(libc_a-mbtowc_r.o)
                0x0800b84c                __ascii_mbtowc
 .text.fprintf  0x0800b870       0x24 /Applications/STM32CubeIDE.app/Contents/Eclipse/plugins/com.st.stm32cube.ide.mcu.externaltools.gnu-tools-for-stm32.12.3.rel1.macos64_1.0.100.202403111906/tools/bin/../lib/gcc/arm-none-eabi/12.3.1/../../../../arm-none-eabi/lib/thumb/v7e-m+fp/hard/libc_nano.a(libc_a-fprintf.o)
                0x0800b870                fprintf
                0x0800b870                fiprintf
 .text.__ascii_wctomb
                0x0800b894       0x1a /Applications/STM32CubeIDE.app/Contents/Eclipse/plugins/com.st.stm32cube.ide.mcu.externaltools.gnu-tools-for-stm32.12.3.rel1.macos64_1.0.100.202403111906/tools/bin/../lib/gcc/arm-none-eabi/12.3.1/../../../../arm-none-eabi/lib/thumb/v7e-m+fp/hard/libc_nano.a(libc_a-wctomb_r.o)
                0x0800b894                __ascii_wctomb
 .text.abort    0x0800b8ae        0xe /Applications/STM32CubeIDE.app/Contents/Eclipse/plugins/com.st.stm32cube.ide.mcu.externaltools.gnu-tools-for-stm32.12.3.rel1.macos64_1.0.100.202403111906/tools/bin/../lib/gcc/arm-none-eabi/12.3.1/../../../../arm-none-eabi/lib/thumb/v7e-m+fp/hard/libc_nano.a(libc_a-abort.o)
                0x0800b8ae                abort
 .text._raise_r
                0x0800b8bc       0x50 /Applications/STM32CubeIDE.app/Contents/Eclipse/plugins/com.st.stm32cube.ide.mcu.externaltools.gnu-tools-for-stm32.12.3.rel1.macos64_1.0.100.202403111906/tools/bin/../lib/gcc/arm-none-eabi/12.3.1/../../../../arm-none-eabi/lib/thumb/v7e-m+fp/hard/libc_nano.a(libc_a-signal.o)
                0x0800b8bc                _raise_r
 .text.raise    0x0800b90c       0x10 /Applications/STM32CubeIDE.app/Contents/Eclipse/plugins/com.st.stm32cube.ide.mcu.externaltools.gnu-tools-for-stm32.12.3.rel1.macos64_1.0.100.202403111906/tools/bin/../lib/gcc/arm-none-eabi/12.3.1/../../../../arm-none-eabi/lib/thumb/v7e-m+fp/hard/libc_nano.a(libc_a-signal.o)
                0x0800b90c                raise
 .text._kill_r  0x0800b91c       0x24 /Applications/STM32CubeIDE.app/Contents/Eclipse/plugins/com.st.stm32cube.ide.mcu.externaltools.gnu-tools-for-stm32.12.3.rel1.macos64_1.0.100.202403111906/tools/bin/../lib/gcc/arm-none-eabi/12.3.1/../../../../arm-none-eabi/lib/thumb/v7e-m+fp/hard/libc_nano.a(libc_a-signalr.o)
                0x0800b91c                _kill_r
 .text._getpid_r
                0x0800b940        0x4 /Applications/STM32CubeIDE.app/Contents/Eclipse/plugins/com.st.stm32cube.ide.mcu.externaltools.gnu-tools-for-stm32.12.3.rel1.macos64_1.0.100.202403111906/tools/bin/../lib/gcc/arm-none-eabi/12.3.1/../../../../arm-none-eabi/lib/thumb/v7e-m+fp/hard/libc_nano.a(libc_a-signalr.o)
                0x0800b940                _getpid_r
 .text.expf     0x0800b944       0x6c /Applications/STM32CubeIDE.app/Contents/Eclipse/plugins/com.st.stm32cube.ide.mcu.externaltools.gnu-tools-for-stm32.12.3.rel1.macos64_1.0.100.202403111906/tools/bin/../lib/gcc/arm-none-eabi/12.3.1/../../../../arm-none-eabi/lib/thumb/v7e-m+fp/hard/libm.a(libm_a-wf_exp.o)
                0x0800b944                expf
 .text.log10f   0x0800b9b0       0x5c /Applications/STM32CubeIDE.app/Contents/Eclipse/plugins/com.st.stm32cube.ide.mcu.externaltools.gnu-tools-for-stm32.12.3.rel1.macos64_1.0.100.202403111906/tools/bin/../lib/gcc/arm-none-eabi/12.3.1/../../../../arm-none-eabi/lib/thumb/v7e-m+fp/hard/libm.a(libm_a-wf_log10.o)
                0x0800b9b0                log10f
 .text.sqrtf    0x0800ba0c       0x3c /Applications/STM32CubeIDE.app/Contents/Eclipse/plugins/com.st.stm32cube.ide.mcu.externaltools.gnu-tools-for-stm32.12.3.rel1.macos64_1.0.100.202403111906/tools/bin/../lib/gcc/arm-none-eabi/12.3.1/../../../../arm-none-eabi/lib/thumb/v7e-m+fp/hard/libm.a(libm_a-wf_sqrt.o)
                0x0800ba0c                sqrtf
 .text.finitef  0x0800ba48       0x14 /Applications/STM32CubeIDE.app/Contents/Eclipse/plugins/com.st.stm32cube.ide.mcu.externaltools.gnu-tools-for-stm32.12.3.rel1.macos64_1.0.100.202403111906/tools/bin/../lib/gcc/arm-none-eabi/12.3.1/../../../../arm-none-eabi/lib/thumb/v7e-m+fp/hard/libm.a(libm_a-sf_finite.o)
                0x0800ba48                finitef
 .text.nanf     0x0800ba5c        0xc /Applications/STM32CubeIDE.app/Contents/Eclipse/plugins/com.st.stm32cube.ide.mcu.externaltools.gnu-tools-for-stm32.12.3.rel1.macos64_1.0.100.202403111906/tools/bin/../lib/gcc/arm-none-eabi/12.3.1/../../../../arm-none-eabi/lib/thumb/v7e-m+fp/hard/libm.a(libm_a-sf_nan.o)
                0x0800ba5c                nanf
 .text.__ieee754_expf
                0x0800ba68      0x19c /Applications/STM32CubeIDE.app/Contents/Eclipse/plugins/com.st.stm32cube.ide.mcu.externaltools.gnu-tools-for-stm32.12.3.rel1.macos64_1.0.100.202403111906/tools/bin/../lib/gcc/arm-none-eabi/12.3.1/../../../../arm-none-eabi/lib/thumb/v7e-m+fp/hard/libm.a(libm_a-ef_exp.o)
                0x0800ba68                __ieee754_expf
 .text.__ieee754_sqrtf
                0x0800bc04        0x6 /Applications/STM32CubeIDE.app/Contents/Eclipse/plugins/com.st.stm32cube.ide.mcu.externaltools.gnu-tools-for-stm32.12.3.rel1.macos64_1.0.100.202403111906/tools/bin/../lib/gcc/arm-none-eabi/12.3.1/../../../../arm-none-eabi/lib/thumb/v7e-m+fp/hard/libm.a(libm_a-ef_sqrt.o)
                0x0800bc04                __ieee754_sqrtf
 *fill*         0x0800bc0a        0x2 
 .text.__ieee754_logf
                0x0800bc0c      0x1e4 /Applications/STM32CubeIDE.app/Contents/Eclipse/plugins/com.st.stm32cube.ide.mcu.externaltools.gnu-tools-for-stm32.12.3.rel1.macos64_1.0.100.202403111906/tools/bin/../lib/gcc/arm-none-eabi/12.3.1/../../../../arm-none-eabi/lib/thumb/v7e-m+fp/hard/libm.a(libm_a-ef_log.o)
                0x0800bc0c                __ieee754_logf
 .text.__ieee754_log10f
                0x0800bdf0       0xb0 /Applications/STM32CubeIDE.app/Contents/Eclipse/plugins/com.st.stm32cube.ide.mcu.externaltools.gnu-tools-for-stm32.12.3.rel1.macos64_1.0.100.202403111906/tools/bin/../lib/gcc/arm-none-eabi/12.3.1/../../../../arm-none-eabi/lib/thumb/v7e-m+fp/hard/libm.a(libm_a-ef_log10.o)
                0x0800bdf0                __ieee754_log10f
 .text.with_errnof
                0x0800bea0       0x1c /Applications/STM32CubeIDE.app/Contents/Eclipse/plugins/com.st.stm32cube.ide.mcu.externaltools.gnu-tools-for-stm32.12.3.rel1.macos64_1.0.100.202403111906/tools/bin/../lib/gcc/arm-none-eabi/12.3.1/../../../../arm-none-eabi/lib/thumb/v7e-m+fp/hard/libm.a(libm_a-math_errf.o)
 .text.xflowf   0x0800bebc       0x16 /Applications/STM32CubeIDE.app/Contents/Eclipse/plugins/com.st.stm32cube.ide.mcu.externaltools.gnu-tools-for-stm32.12.3.rel1.macos64_1.0.100.202403111906/tools/bin/../lib/gcc/arm-none-eabi/12.3.1/../../../../arm-none-eabi/lib/thumb/v7e-m+fp/hard/libm.a(libm_a-math_errf.o)
 *fill*         0x0800bed2        0x2 
 .text.__math_uflowf
                0x0800bed4        0xc /Applications/STM32CubeIDE.app/Contents/Eclipse/plugins/com.st.stm32cube.ide.mcu.externaltools.gnu-tools-for-stm32.12.3.rel1.macos64_1.0.100.202403111906/tools/bin/../lib/gcc/arm-none-eabi/12.3.1/../../../../arm-none-eabi/lib/thumb/v7e-m+fp/hard/libm.a(libm_a-math_errf.o)
                0x0800bed4                __math_uflowf
 .text.__math_oflowf
                0x0800bee0        0xc /Applications/STM32CubeIDE.app/Contents/Eclipse/plugins/com.st.stm32cube.ide.mcu.externaltools.gnu-tools-for-stm32.12.3.rel1.macos64_1.0.100.202403111906/tools/bin/../lib/gcc/arm-none-eabi/12.3.1/../../../../arm-none-eabi/lib/thumb/v7e-m+fp/hard/libm.a(libm_a-math_errf.o)
                0x0800bee0                __math_oflowf
 .text._close   0x0800beec       0x10 /Applications/STM32CubeIDE.app/Contents/Eclipse/plugins/com.st.stm32cube.ide.mcu.externaltools.gnu-tools-for-stm32.12.3.rel1.macos64_1.0.100.202403111906/tools/bin/../lib/gcc/arm-none-eabi/12.3.1/../../../../arm-none-eabi/lib/thumb/v7e-m+fp/hard/libnosys.a(close.o)
                0x0800beec                _close
 .text._fstat   0x0800befc       0x10 /Applications/STM32CubeIDE.app/Contents/Eclipse/plugins/com.st.stm32cube.ide.mcu.externaltools.gnu-tools-for-stm32.12.3.rel1.macos64_1.0.100.202403111906/tools/bin/../lib/gcc/arm-none-eabi/12.3.1/../../../../arm-none-eabi/lib/thumb/v7e-m+fp/hard/libnosys.a(fstat.o)
                0x0800befc                _fstat
 .text._getpid  0x0800bf0c       0x10 /Applications/STM32CubeIDE.app/Contents/Eclipse/plugins/com.st.stm32cube.ide.mcu.externaltools.gnu-tools-for-stm32.12.3.rel1.macos64_1.0.100.202403111906/tools/bin/../lib/gcc/arm-none-eabi/12.3.1/../../../../arm-none-eabi/lib/thumb/v7e-m+fp/hard/libnosys.a(getpid.o)
                0x0800bf0c                _getpid
 .text._isatty  0x0800bf1c       0x10 /Applications/STM32CubeIDE.app/Contents/Eclipse/plugins/com.st.stm32cube.ide.mcu.externaltools.gnu-tools-for-stm32.12.3.rel1.macos64_1.0.100.202403111906/tools/bin/../lib/gcc/arm-none-eabi/12.3.1/../../../../arm-none-eabi/lib/thumb/v7e-m+fp/hard/libnosys.a(isatty.o)
                0x0800bf1c                _isatty
 .text._kill    0x0800bf2c       0x10 /Applications/STM32CubeIDE.app/Contents/Eclipse/plugins/com.st.stm32cube.ide.mcu.externaltools.gnu-tools-for-stm32.12.3.rel1.macos64_1.0.100.202403111906/tools/bin/../lib/gcc/arm-none-eabi/12.3.1/../../../../arm-none-eabi/lib/thumb/v7e-m+fp/hard/libnosys.a(kill.o)
                0x0800bf2c                _kill
 .text._lseek   0x0800bf3c       0x10 /Applications/STM32CubeIDE.app/Contents/Eclipse/plugins/com.st.stm32cube.ide.mcu.externaltools.gnu-tools-for-stm32.12.3.rel1.macos64_1.0.100.202403111906/tools/bin/../lib/gcc/arm-none-eabi/12.3.1/../../../../arm-none-eabi/lib/thumb/v7e-m+fp/hard/libnosys.a(lseek.o)
                0x0800bf3c                _lseek
 .text._read    0x0800bf4c       0x10 /Applications/STM32CubeIDE.app/Contents/Eclipse/plugins/com.st.stm32cube.ide.mcu.externaltools.gnu-tools-for-stm32.12.3.rel1.macos64_1.0.100.202403111906/tools/bin/../lib/gcc/arm-none-eabi/12.3.1/../../../../arm-none-eabi/lib/thumb/v7e-m+fp/hard/libnosys.a(read.o)
                0x0800bf4c                _read
 .text._write   0x0800bf5c       0x10 /Applications/STM32CubeIDE.app/Contents/Eclipse/plugins/com.st.stm32cube.ide.mcu.externaltools.gnu-tools-for-stm32.12.3.rel1.macos64_1.0.100.202403111906/tools/bin/../lib/gcc/arm-none-eabi/12.3.1/../../../../arm-none-eabi/lib/thumb/v7e-m+fp/hard/libnosys.a(write.o)
                0x0800bf5c                _write
 .text._exit    0x0800bf6c        0x2 /Applications/STM32CubeIDE.app/Contents/Eclipse/plugins/com.st.stm32cube.ide.mcu.externaltools.gnu-tools-for-stm32.12.3.rel1.macos64_1.0.100.202403111906/tools/bin/../lib/gcc/arm-none-eabi/12.3.1/../../../../arm-none-eabi/lib/thumb/v7e-m+fp/hard/libnosys.a(_exit.o)
                0x0800bf6c                _exit
 *(.glue_7)
 .glue_7        0x0800bf6e        0x0 linker stubs
 *(.glue_7t)
 .glue_7t       0x0800bf6e        0x0 linker stubs
 *(.eh_frame)
 *fill*         0x0800bf6e        0x2 
 .eh_frame      0x0800bf70        0x0 /Applications/STM32CubeIDE.app/Contents/Eclipse/plugins/com.st.stm32cube.ide.mcu.externaltools.gnu-tools-for-stm32.12.3.rel1.macos64_1.0.100.202403111906/tools/bin/../lib/gcc/arm-none-eabi/12.3.1/thumb/v7e-m+fp/hard/crtbegin.o
 *(.init)
 .init          0x0800bf70        0x4 /Applications/STM32CubeIDE.app/Contents/Eclipse/plugins/com.st.stm32cube.ide.mcu.externaltools.gnu-tools-for-stm32.12.3.rel1.macos64_1.0.100.202403111906/tools/bin/../lib/gcc/arm-none-eabi/12.3.1/thumb/v7e-m+fp/hard/crti.o
                0x0800bf70                _init
 .init          0x0800bf74        0x8 /Applications/STM32CubeIDE.app/Contents/Eclipse/plugins/com.st.stm32cube.ide.mcu.externaltools.gnu-tools-for-stm32.12.3.rel1.macos64_1.0.100.202403111906/tools/bin/../lib/gcc/arm-none-eabi/12.3.1/thumb/v7e-m+fp/hard/crtn.o
 *(.fini)
 .fini          0x0800bf7c        0x4 /Applications/STM32CubeIDE.app/Contents/Eclipse/plugins/com.st.stm32cube.ide.mcu.externaltools.gnu-tools-for-stm32.12.3.rel1.macos64_1.0.100.202403111906/tools/bin/../lib/gcc/arm-none-eabi/12.3.1/thumb/v7e-m+fp/hard/crti.o
                0x0800bf7c                _fini
 .fini          0x0800bf80        0x8 /Applications/STM32CubeIDE.app/Contents/Eclipse/plugins/com.st.stm32cube.ide.mcu.externaltools.gnu-tools-for-stm32.12.3.rel1.macos64_1.0.100.202403111906/tools/bin/../lib/gcc/arm-none-eabi/12.3.1/thumb/v7e-m+fp/hard/crtn.o
                0x0800bf88                        . = ALIGN (0x4)
                0x0800bf88                        _etext = .

.vfp11_veneer   0x0800bf88        0x0
 .vfp11_veneer  0x0800bf88        0x0 linker stubs

.v4_bx          0x0800bf88        0x0
 .v4_bx         0x0800bf88        0x0 linker stubs

.iplt           0x0800bf88        0x0
 .iplt          0x0800bf88        0x0 /Applications/STM32CubeIDE.app/Contents/Eclipse/plugins/com.st.stm32cube.ide.mcu.externaltools.gnu-tools-for-stm32.12.3.rel1.macos64_1.0.100.202403111906/tools/bin/../lib/gcc/arm-none-eabi/12.3.1/thumb/v7e-m+fp/hard/crtbegin.o

.rodata         0x0800bfa0    0x30530
                0x0800bfa0                        . = ALIGN (0x4)
 *(.rodata)
 .rodata        0x0800bfa0       0x63 ./Core/Src/audio_classification.o
 *fill*         0x0800c003        0x1 
 .rodata        0x0800c004       0x24 ./Core/Src/main.o
 .rodata        0x0800c028       0x30 ./X-CUBE-AI/App/network_1_data.o
 *(.rodata*)
 .rodata.feature_scaler_mean
                0x0800c058      0xf00 ./Core/Src/featurescaler.o
                0x0800c058                feature_scaler_mean
 .rodata.feature_scaler_std
                0x0800cf58      0xf00 ./Core/Src/featurescaler.o
                0x0800cf58                feature_scaler_std
 .rodata.AHBPrescTable
                0x0800de58       0x10 ./Core/Src/system_stm32f7xx.o
                0x0800de58                AHBPrescTable
 .rodata.APBPrescTable
                0x0800de68        0x8 ./Core/Src/system_stm32f7xx.o
                0x0800de68                APBPrescTable
 .rodata.audio_data
                0x0800de70     0x8400 ./Core/Src/test_audio_data.o
                0x0800de70                audio_data
 .rodata.audio_data_length
                0x08016270        0x4 ./Core/Src/test_audio_data.o
                0x08016270                audio_data_length
 .rodata.hannWin_1024
                0x08016274     0x1000 ./STM32_AI_AudioPreprocessing_Library/Src/common_tables.o
                0x08016274                hannWin_1024
 .rodata.melFiltersStartIndices_1024_30
                0x08017274       0x78 ./STM32_AI_AudioPreprocessing_Library/Src/common_tables.o
                0x08017274                melFiltersStartIndices_1024_30
 .rodata.melFiltersStopIndices_1024_30
                0x080172ec       0x78 ./STM32_AI_AudioPreprocessing_Library/Src/common_tables.o
                0x080172ec                melFiltersStopIndices_1024_30
 .rodata.melFilterLut_1024_30
                0x08017364      0xf20 ./STM32_AI_AudioPreprocessing_Library/Src/common_tables.o
                0x08017364                melFilterLut_1024_30
 .rodata.nl_7_chain
                0x08018284        0x8 ./X-CUBE-AI/App/network_1.o
 .rodata.gemm_6_chain
                0x0801828c        0x8 ./X-CUBE-AI/App/network_1.o
 .rodata.nl_5_nl_chain
                0x08018294        0x8 ./X-CUBE-AI/App/network_1.o
 .rodata.gemm_5_chain
                0x0801829c        0x8 ./X-CUBE-AI/App/network_1.o
 .rodata.conv2d_2_chain
                0x080182a4        0x8 ./X-CUBE-AI/App/network_1.o
 .rodata.conv2d_0_chain
                0x080182ac        0x8 ./X-CUBE-AI/App/network_1.o
 *fill*         0x080182b4        0xc 
 .rodata.s_network_1_weights_array_u64
                0x080182c0    0x10a30 ./X-CUBE-AI/App/network_1_data_params.o
                0x080182c0                s_network_1_weights_array_u64
 .rodata.twiddleCoef_2048
                0x08028cf0     0x4000 /Users/leon/STM32CubeIDE/workspace_1.14.0/esp_cubeai_test/Drivers/CMSIS/Lib/GCC/libarm_cortexM7lfdp_math.a(arm_common_tables.o)
                0x08028cf0                twiddleCoef_2048
 .rodata.twiddleCoef_rfft_64
                0x0802ccf0      0x100 /Users/leon/STM32CubeIDE/workspace_1.14.0/esp_cubeai_test/Drivers/CMSIS/Lib/GCC/libarm_cortexM7lfdp_math.a(arm_common_tables.o)
                0x0802ccf0                twiddleCoef_rfft_64
 .rodata.armBitRevIndexTable64
                0x0802cdf0       0x70 /Users/leon/STM32CubeIDE/workspace_1.14.0/esp_cubeai_test/Drivers/CMSIS/Lib/GCC/libarm_cortexM7lfdp_math.a(arm_common_tables.o)
                0x0802cdf0                armBitRevIndexTable64
 .rodata.twiddleCoef_rfft_2048
                0x0802ce60     0x2000 /Users/leon/STM32CubeIDE/workspace_1.14.0/esp_cubeai_test/Drivers/CMSIS/Lib/GCC/libarm_cortexM7lfdp_math.a(arm_common_tables.o)
                0x0802ce60                twiddleCoef_rfft_2048
 .rodata.twiddleCoef_rfft_4096
                0x0802ee60     0x4000 /Users/leon/STM32CubeIDE/workspace_1.14.0/esp_cubeai_test/Drivers/CMSIS/Lib/GCC/libarm_cortexM7lfdp_math.a(arm_common_tables.o)
                0x0802ee60                twiddleCoef_rfft_4096
 .rodata.twiddleCoef_256
                0x08032e60      0x800 /Users/leon/STM32CubeIDE/workspace_1.14.0/esp_cubeai_test/Drivers/CMSIS/Lib/GCC/libarm_cortexM7lfdp_math.a(arm_common_tables.o)
                0x08032e60                twiddleCoef_256
 .rodata.twiddleCoef_16
                0x08033660       0x80 /Users/leon/STM32CubeIDE/workspace_1.14.0/esp_cubeai_test/Drivers/CMSIS/Lib/GCC/libarm_cortexM7lfdp_math.a(arm_common_tables.o)
                0x08033660                twiddleCoef_16
 .rodata.twiddleCoef_1024
                0x080336e0     0x2000 /Users/leon/STM32CubeIDE/workspace_1.14.0/esp_cubeai_test/Drivers/CMSIS/Lib/GCC/libarm_cortexM7lfdp_math.a(arm_common_tables.o)
                0x080336e0                twiddleCoef_1024
 .rodata.twiddleCoef_32
                0x080356e0      0x100 /Users/leon/STM32CubeIDE/workspace_1.14.0/esp_cubeai_test/Drivers/CMSIS/Lib/GCC/libarm_cortexM7lfdp_math.a(arm_common_tables.o)
                0x080356e0                twiddleCoef_32
 .rodata.armBitRevIndexTable1024
                0x080357e0      0xe10 /Users/leon/STM32CubeIDE/workspace_1.14.0/esp_cubeai_test/Drivers/CMSIS/Lib/GCC/libarm_cortexM7lfdp_math.a(arm_common_tables.o)
                0x080357e0                armBitRevIndexTable1024
 .rodata.armBitRevIndexTable16
                0x080365f0       0x28 /Users/leon/STM32CubeIDE/workspace_1.14.0/esp_cubeai_test/Drivers/CMSIS/Lib/GCC/libarm_cortexM7lfdp_math.a(arm_common_tables.o)
                0x080365f0                armBitRevIndexTable16
 .rodata.twiddleCoef_rfft_32
                0x08036618       0x80 /Users/leon/STM32CubeIDE/workspace_1.14.0/esp_cubeai_test/Drivers/CMSIS/Lib/GCC/libarm_cortexM7lfdp_math.a(arm_common_tables.o)
                0x08036618                twiddleCoef_rfft_32
 .rodata.armBitRevIndexTable32
                0x08036698       0x60 /Users/leon/STM32CubeIDE/workspace_1.14.0/esp_cubeai_test/Drivers/CMSIS/Lib/GCC/libarm_cortexM7lfdp_math.a(arm_common_tables.o)
                0x08036698                armBitRevIndexTable32
 .rodata.twiddleCoef_128
                0x080366f8      0x400 /Users/leon/STM32CubeIDE/workspace_1.14.0/esp_cubeai_test/Drivers/CMSIS/Lib/GCC/libarm_cortexM7lfdp_math.a(arm_common_tables.o)
                0x080366f8                twiddleCoef_128
 .rodata.twiddleCoef_512
                0x08036af8     0x1000 /Users/leon/STM32CubeIDE/workspace_1.14.0/esp_cubeai_test/Drivers/CMSIS/Lib/GCC/libarm_cortexM7lfdp_math.a(arm_common_tables.o)
                0x08036af8                twiddleCoef_512
 .rodata.armBitRevIndexTable2048
                0x08037af8     0x1dc0 /Users/leon/STM32CubeIDE/workspace_1.14.0/esp_cubeai_test/Drivers/CMSIS/Lib/GCC/libarm_cortexM7lfdp_math.a(arm_common_tables.o)
                0x08037af8                armBitRevIndexTable2048
 .rodata.twiddleCoef_64
                0x080398b8      0x200 /Users/leon/STM32CubeIDE/workspace_1.14.0/esp_cubeai_test/Drivers/CMSIS/Lib/GCC/libarm_cortexM7lfdp_math.a(arm_common_tables.o)
                0x080398b8                twiddleCoef_64
 .rodata.twiddleCoef_rfft_512
                0x08039ab8      0x800 /Users/leon/STM32CubeIDE/workspace_1.14.0/esp_cubeai_test/Drivers/CMSIS/Lib/GCC/libarm_cortexM7lfdp_math.a(arm_common_tables.o)
                0x08039ab8                twiddleCoef_rfft_512
 .rodata.armBitRevIndexTable512
                0x0803a2b8      0x380 /Users/leon/STM32CubeIDE/workspace_1.14.0/esp_cubeai_test/Drivers/CMSIS/Lib/GCC/libarm_cortexM7lfdp_math.a(arm_common_tables.o)
                0x0803a2b8                armBitRevIndexTable512
 .rodata.twiddleCoef_rfft_1024
                0x0803a638     0x1000 /Users/leon/STM32CubeIDE/workspace_1.14.0/esp_cubeai_test/Drivers/CMSIS/Lib/GCC/libarm_cortexM7lfdp_math.a(arm_common_tables.o)
                0x0803a638                twiddleCoef_rfft_1024
 .rodata.twiddleCoef_rfft_256
                0x0803b638      0x400 /Users/leon/STM32CubeIDE/workspace_1.14.0/esp_cubeai_test/Drivers/CMSIS/Lib/GCC/libarm_cortexM7lfdp_math.a(arm_common_tables.o)
                0x0803b638                twiddleCoef_rfft_256
 .rodata.armBitRevIndexTable256
                0x0803ba38      0x370 /Users/leon/STM32CubeIDE/workspace_1.14.0/esp_cubeai_test/Drivers/CMSIS/Lib/GCC/libarm_cortexM7lfdp_math.a(arm_common_tables.o)
                0x0803ba38                armBitRevIndexTable256
 .rodata.twiddleCoef_rfft_128
                0x0803bda8      0x200 /Users/leon/STM32CubeIDE/workspace_1.14.0/esp_cubeai_test/Drivers/CMSIS/Lib/GCC/libarm_cortexM7lfdp_math.a(arm_common_tables.o)
                0x0803bda8                twiddleCoef_rfft_128
 .rodata.armBitRevIndexTable128
                0x0803bfa8      0x1a0 /Users/leon/STM32CubeIDE/workspace_1.14.0/esp_cubeai_test/Drivers/CMSIS/Lib/GCC/libarm_cortexM7lfdp_math.a(arm_common_tables.o)
                0x0803bfa8                armBitRevIndexTable128
 .rodata._printf_float.str1.1
                0x0803c148       0x12 /Applications/STM32CubeIDE.app/Contents/Eclipse/plugins/com.st.stm32cube.ide.mcu.externaltools.gnu-tools-for-stm32.12.3.rel1.macos64_1.0.100.202403111906/tools/bin/../lib/gcc/arm-none-eabi/12.3.1/../../../../arm-none-eabi/lib/thumb/v7e-m+fp/hard/libc_nano.a(libc_a-nano-vfprintf_float.o)
 .rodata._printf_i.str1.1
                0x0803c15a       0x22 /Applications/STM32CubeIDE.app/Contents/Eclipse/plugins/com.st.stm32cube.ide.mcu.externaltools.gnu-tools-for-stm32.12.3.rel1.macos64_1.0.100.202403111906/tools/bin/../lib/gcc/arm-none-eabi/12.3.1/../../../../arm-none-eabi/lib/thumb/v7e-m+fp/hard/libc_nano.a(libc_a-nano-vfprintf_i.o)
 .rodata._dtoa_r.str1.1
                0x0803c17c       0x8d /Applications/STM32CubeIDE.app/Contents/Eclipse/plugins/com.st.stm32cube.ide.mcu.externaltools.gnu-tools-for-stm32.12.3.rel1.macos64_1.0.100.202403111906/tools/bin/../lib/gcc/arm-none-eabi/12.3.1/../../../../arm-none-eabi/lib/thumb/v7e-m+fp/hard/libc_nano.a(libc_a-dtoa.o)
                                 0x8f (size before relaxing)
 .rodata._vfprintf_r.str1.1
                0x0803c209       0x11 /Applications/STM32CubeIDE.app/Contents/Eclipse/plugins/com.st.stm32cube.ide.mcu.externaltools.gnu-tools-for-stm32.12.3.rel1.macos64_1.0.100.202403111906/tools/bin/../lib/gcc/arm-none-eabi/12.3.1/../../../../arm-none-eabi/lib/thumb/v7e-m+fp/hard/libc_nano.a(libc_a-nano-vfprintf.o)
 .rodata._Balloc.str1.1
                0x0803c21a       0x59 /Applications/STM32CubeIDE.app/Contents/Eclipse/plugins/com.st.stm32cube.ide.mcu.externaltools.gnu-tools-for-stm32.12.3.rel1.macos64_1.0.100.202403111906/tools/bin/../lib/gcc/arm-none-eabi/12.3.1/../../../../arm-none-eabi/lib/thumb/v7e-m+fp/hard/libc_nano.a(libc_a-mprec.o)
                                 0x70 (size before relaxing)
 .rodata.__multadd.str1.1
                0x0803c273       0x11 /Applications/STM32CubeIDE.app/Contents/Eclipse/plugins/com.st.stm32cube.ide.mcu.externaltools.gnu-tools-for-stm32.12.3.rel1.macos64_1.0.100.202403111906/tools/bin/../lib/gcc/arm-none-eabi/12.3.1/../../../../arm-none-eabi/lib/thumb/v7e-m+fp/hard/libc_nano.a(libc_a-mprec.o)
 *fill*         0x0803c273        0x1 
 .rodata.p05.0  0x0803c274        0xc /Applications/STM32CubeIDE.app/Contents/Eclipse/plugins/com.st.stm32cube.ide.mcu.externaltools.gnu-tools-for-stm32.12.3.rel1.macos64_1.0.100.202403111906/tools/bin/../lib/gcc/arm-none-eabi/12.3.1/../../../../arm-none-eabi/lib/thumb/v7e-m+fp/hard/libc_nano.a(libc_a-mprec.o)
 .rodata.__mprec_bigtens
                0x0803c280       0x28 /Applications/STM32CubeIDE.app/Contents/Eclipse/plugins/com.st.stm32cube.ide.mcu.externaltools.gnu-tools-for-stm32.12.3.rel1.macos64_1.0.100.202403111906/tools/bin/../lib/gcc/arm-none-eabi/12.3.1/../../../../arm-none-eabi/lib/thumb/v7e-m+fp/hard/libc_nano.a(libc_a-mprec.o)
                0x0803c280                __mprec_bigtens
 .rodata.__mprec_tens
                0x0803c2a8       0xc8 /Applications/STM32CubeIDE.app/Contents/Eclipse/plugins/com.st.stm32cube.ide.mcu.externaltools.gnu-tools-for-stm32.12.3.rel1.macos64_1.0.100.202403111906/tools/bin/../lib/gcc/arm-none-eabi/12.3.1/../../../../arm-none-eabi/lib/thumb/v7e-m+fp/hard/libc_nano.a(libc_a-mprec.o)
                0x0803c2a8                __mprec_tens
 .rodata._setlocale_r.str1.1