14:58:58 **** Incremental Build of configuration Debug for project f401_display_encoder_fader_test ****
make -j6 all 
arm-none-eabi-gcc "../Core/Src/main.c" -mcpu=cortex-m4 -std=gnu11 -g3 -DDEBUG -DUSE_HAL_DRIVER -DSTM32F401xE -c -I../Core/Inc -I../Drivers/STM32F4xx_HAL_Driver/Inc -I../Drivers/STM32F4xx_HAL_Driver/Inc/Legacy -I../Drivers/CMSIS/Device/ST/STM32F4xx/Include -I../Drivers/CMSIS/Include -O0 -ffunction-sections -fdata-sections -Wall -fstack-usage -fcyclomatic-complexity -MMD -MP -MF"Core/Src/main.d" -MT"Core/Src/main.o" --specs=nano.specs -mfpu=fpv4-sp-d16 -mfloat-abi=hard -mthumb -o "Core/Src/main.o"
arm-none-eabi-gcc -o "f401_display_encoder_fader_test.elf" @"objects.list"   -mcpu=cortex-m4 -T"/home/shimi/Documents/ESP/STM32CubeIDE/ima/f401_display_encoder_fader_test/STM32F401RETX_FLASH.ld" --specs=nosys.specs -Wl,-Map="f401_display_encoder_fader_test.map" -Wl,--gc-sections -static --specs=nano.specs -mfpu=fpv4-sp-d16 -mfloat-abi=hard -mthumb -Wl,--start-group -lc -lm -Wl,--end-group
Finished building target: f401_display_encoder_fader_test.elf
 
arm-none-eabi-size  f401_display_encoder_fader_test.elf 
arm-none-eabi-objdump -h -S f401_display_encoder_fader_test.elf  > "f401_display_encoder_fader_test.list"
   text	   data	    bss	    dec	    hex	filename
  26168	    104	   5400	  31672	   7bb8	f401_display_encoder_fader_test.elf
Finished building: default.size.stdout
 
Finished building: f401_display_encoder_fader_test.list
 

14:59:02 Build Finished. 0 errors, 0 warnings. (took 3s.498ms)

